211.36.140.40 - - [27/Jun/2024:16:15:07 +0000] "GET /static/media/smile3.6afb782045251fc93c24.webp HTTP/1.1" 200 5092 "http://www.junghomun.com/" "Mozilla/5.0 (Windows NT 10.0; Win64; x64) AppleWebKit/537.36 (KHTML, like Gecko) Chrome/126.0.0.0 Safari/537.36"
211.36.140.40 - - [27/Jun/2024:16:15:07 +0000] "GET /static/media/money4.bab943b0cc9204eca042.webp HTTP/1.1" 200 25193 "http://www.junghomun.com/" "Mozilla/5.0 (Windows NT 10.0; Win64; x64) AppleWebKit/537.36 (KHTML, like Gecko) Chrome/126.0.0.0 Safari/537.36"
211.36.140.40 - - [27/Jun/2024:16:15:07 +0000] "GET /static/media/exercise1.0fbc1a440efd979a68eb.webp HTTP/1.1" 200 7554 "http://www.junghomun.com/" "Mozilla/5.0 (Windows NT 10.0; Win64; x64) AppleWebKit/537.36 (KHTML, like Gecko) Chrome/126.0.0.0 Safari/537.36"
211.36.140.40 - - [27/Jun/2024:16:15:07 +0000] "GET /static/media/food1.bc88ff497f3bb08cf0a7.webp HTTP/1.1" 200 21818 "http://www.junghomun.com/" "Mozilla/5.0 (Windows NT 10.0; Win64; x64) AppleWebKit/537.36 (KHTML, like Gecko) Chrome/126.0.0.0 Safari/537.36"
::1 - - [27/Jun/2024:16:15:13 +0000] "OPTIONS * HTTP/1.0" 200 - "-" "Apache/2.4.6 (CentOS) (internal dummy connection)"
106.102.11.3 - - [27/Jun/2024:16:16:11 +0000] "GET /user/login HTTP/1.1" 200 748 "-" "Mozilla/5.0 (Linux; Android 13; sdk_gphone_x86_64) AppleWebKit/537.36 (KHTML, like Gecko) Chrome/103.0.0.0 Mobile Safari/537.36"
106.102.11.3 - - [27/Jun/2024:16:16:11 +0000] "GET /static/css/main.b87daa8b.css HTTP/1.1" 200 366783 "http://www.junghomun.com/user/login" "Mozilla/5.0 (Linux; Android 13; sdk_gphone_x86_64) AppleWebKit/537.36 (KHTML, like Gecko) Chrome/103.0.0.0 Mobile Safari/537.36"
106.102.11.3 - - [27/Jun/2024:16:16:11 +0000] "GET /static/js/main.8d2795c4.js HTTP/1.1" 200 38575867 "http://www.junghomun.com/user/login" "Mozilla/5.0 (Linux; Android 13; sdk_gphone_x86_64) AppleWebKit/537.36 (KHTML, like Gecko) Chrome/103.0.0.0 Mobile Safari/537.36"
106.102.11.3 - - [27/Jun/2024:16:16:27 +0000] "GET /static/media/user1.fa046da15e89a4780c33.webp HTTP/1.1" 200 34369 "http://www.junghomun.com/user/login" "Mozilla/5.0 (Linux; Android 13; sdk_gphone_x86_64) AppleWebKit/537.36 (KHTML, like Gecko) Chrome/103.0.0.0 Mobile Safari/537.36"
106.102.11.3 - - [27/Jun/2024:16:16:35 +0000] "GET /static/media/logo3.b1396c753a537eb57950.webp HTTP/1.1" 200 49654 "http://www.junghomun.com/calendar/list" "Mozilla/5.0 (Linux; Android 13; sdk_gphone_x86_64) AppleWebKit/537.36 (KHTML, like Gecko) Chrome/103.0.0.0 Mobile Safari/537.36"
106.102.11.3 - - [27/Jun/2024:16:16:35 +0000] "GET /static/media/smile3.6afb782045251fc93c24.webp HTTP/1.1" 200 5092 "http://www.junghomun.com/calendar/list" "Mozilla/5.0 (Linux; Android 13; sdk_gphone_x86_64) AppleWebKit/537.36 (KHTML, like Gecko) Chrome/103.0.0.0 Mobile Safari/537.36"
106.102.11.3 - - [27/Jun/2024:16:16:35 +0000] "GET /static/media/money4.bab943b0cc9204eca042.webp HTTP/1.1" 200 25193 "http://www.junghomun.com/calendar/list" "Mozilla/5.0 (Linux; Android 13; sdk_gphone_x86_64) AppleWebKit/537.36 (KHTML, like Gecko) Chrome/103.0.0.0 Mobile Safari/537.36"
106.102.11.3 - - [27/Jun/2024:16:16:35 +0000] "GET /static/media/exercise1.0fbc1a440efd979a68eb.webp HTTP/1.1" 200 7554 "http://www.junghomun.com/calendar/list" "Mozilla/5.0 (Linux; Android 13; sdk_gphone_x86_64) AppleWebKit/537.36 (KHTML, like Gecko) Chrome/103.0.0.0 Mobile Safari/537.36"
106.102.11.3 - - [27/Jun/2024:16:16:35 +0000] "GET /static/media/food1.bc88ff497f3bb08cf0a7.webp HTTP/1.1" 200 21818 "http://www.junghomun.com/calendar/list" "Mozilla/5.0 (Linux; Android 13; sdk_gphone_x86_64) AppleWebKit/537.36 (KHTML, like Gecko) Chrome/103.0.0.0 Mobile Safari/537.36"
106.102.11.3 - - [27/Jun/2024:16:16:35 +0000] "GET /static/media/calendar1.89c348a3ad43be2a45b9.webp HTTP/1.1" 200 12120 "http://www.junghomun.com/calendar/list" "Mozilla/5.0 (Linux; Android 13; sdk_gphone_x86_64) AppleWebKit/537.36 (KHTML, like Gecko) Chrome/103.0.0.0 Mobile Safari/537.36"
106.102.11.3 - - [27/Jun/2024:16:16:35 +0000] "GET /static/media/money1.916f5b63580b041e485a.webp HTTP/1.1" 200 13072 "http://www.junghomun.com/calendar/list" "Mozilla/5.0 (Linux; Android 13; sdk_gphone_x86_64) AppleWebKit/537.36 (KHTML, like Gecko) Chrome/103.0.0.0 Mobile Safari/537.36"
106.102.11.3 - - [27/Jun/2024:16:16:35 +0000] "GET /static/media/sleep1.d40c2a1bc215a195d75e.webp HTTP/1.1" 200 13994 "http://www.junghomun.com/calendar/list" "Mozilla/5.0 (Linux; Android 13; sdk_gphone_x86_64) AppleWebKit/537.36 (KHTML, like Gecko) Chrome/103.0.0.0 Mobile Safari/537.36"
106.102.11.3 - - [27/Jun/2024:16:16:35 +0000] "GET /static/media/logo2.67bbeba334a6dba22186.webp HTTP/1.1" 200 259014 "http://www.junghomun.com/calendar/list" "Mozilla/5.0 (Linux; Android 13; sdk_gphone_x86_64) AppleWebKit/537.36 (KHTML, like Gecko) Chrome/103.0.0.0 Mobile Safari/537.36"
::1 - - [27/Jun/2024:16:16:43 +0000] "OPTIONS * HTTP/1.0" 200 - "-" "Apache/2.4.6 (CentOS) (internal dummy connection)"
46.174.191.32 - - [27/Jun/2024:16:20:01 +0000] "GET / HTTP/1.0" 200 748 "-" "Mozilla/5.0 (Windows NT 6.1; WOW64; Trident/7.0; AS; rv:11.0) like Gecko"
23.178.112.100 - - [27/Jun/2024:16:27:26 +0000] "GET /.well-known/acme-challenge/cPS9qtH16D2CTU_dV7qiUbF6qfhiMsVEGGa93iNdkDs HTTP/1.1" 200 87 "-" "Mozilla/5.0 (compatible; Let's Encrypt validation server; +https://www.letsencrypt.org)"
18.119.120.15 - - [27/Jun/2024:16:27:27 +0000] "GET /.well-known/acme-challenge/cPS9qtH16D2CTU_dV7qiUbF6qfhiMsVEGGa93iNdkDs HTTP/1.1" 200 87 "-" "Mozilla/5.0 (compatible; Let's Encrypt validation server; +https://www.letsencrypt.org)"
54.200.139.68 - - [27/Jun/2024:16:27:27 +0000] "GET /.well-known/acme-challenge/cPS9qtH16D2CTU_dV7qiUbF6qfhiMsVEGGa93iNdkDs HTTP/1.1" 200 87 "-" "Mozilla/5.0 (compatible; Let's Encrypt validation server; +https://www.letsencrypt.org)"
13.251.102.130 - - [27/Jun/2024:16:27:27 +0000] "GET /.well-known/acme-challenge/cPS9qtH16D2CTU_dV7qiUbF6qfhiMsVEGGa93iNdkDs HTTP/1.1" 200 87 "-" "Mozilla/5.0 (compatible; Let's Encrypt validation server; +https://www.letsencrypt.org)"
51.20.120.11 - - [27/Jun/2024:16:27:27 +0000] "GET /.well-known/acme-challenge/cPS9qtH16D2CTU_dV7qiUbF6qfhiMsVEGGa93iNdkDs HTTP/1.1" 200 87 "-" "Mozilla/5.0 (compatible; Let's Encrypt validation server; +https://www.letsencrypt.org)"
159.89.127.165 - - [27/Jun/2024:16:27:42 +0000] "GET / HTTP/1.1" 200 748 "-" "-"
167.172.158.128 - - [27/Jun/2024:16:27:42 +0000] "\x16\x03\x01\x01\x04\x01" 400 226 "-" "-"
167.172.158.128 - - [27/Jun/2024:16:27:42 +0000] "GET / HTTP/1.1" 301 234 "-" "-"
167.172.158.128 - - [27/Jun/2024:16:27:42 +0000] "GET / HTTP/1.1" 301 234 "-" "Mozilla/5.0 (Linux; Android 6.0; HTC One M9 Build/MRA95777) AppleWebKit/537.36 (KHTML, like Gecko) Chrome/52.0.5719.98 Mobile Safari/537.3"
167.172.158.128 - - [27/Jun/2024:16:27:42 +0000] "GET /server HTTP/1.1" 301 240 "-" "Go-http-client/1.1"
167.172.158.128 - - [27/Jun/2024:16:27:42 +0000] "GET /.vscode/sftp.json HTTP/1.1" 301 251 "-" "Go-http-client/1.1"
167.172.158.128 - - [27/Jun/2024:16:27:42 +0000] "GET /about HTTP/1.1" 301 239 "-" "Go-http-client/1.1"
167.172.158.128 - - [27/Jun/2024:16:27:43 +0000] "GET /debug/default/view?panel=config HTTP/1.1" 301 265 "-" "Go-http-client/1.1"
167.172.158.128 - - [27/Jun/2024:16:27:43 +0000] "GET /v2/_catalog HTTP/1.1" 301 245 "-" "Go-http-client/1.1"
167.172.158.128 - - [27/Jun/2024:16:27:43 +0000] "GET /ecp/Current/exporttool/microsoft.exchange.ediscovery.exporttool.application HTTP/1.1" 301 309 "-" "Go-http-client/1.1"
167.172.158.128 - - [27/Jun/2024:16:27:43 +0000] "GET /server-status HTTP/1.1" 301 247 "-" "Go-http-client/1.1"
167.172.158.128 - - [27/Jun/2024:16:27:43 +0000] "GET /login.action HTTP/1.1" 301 246 "-" "Go-http-client/1.1"
167.172.158.128 - - [27/Jun/2024:16:27:44 +0000] "GET /_all_dbs HTTP/1.1" 301 242 "-" "Mozilla/5.0 (l9scan/2.0.3323e2333323e23323e24333; +https://leakix.net)"
167.172.158.128 - - [27/Jun/2024:16:27:44 +0000] "GET /.DS_Store HTTP/1.1" 301 243 "-" "Go-http-client/1.1"
159.89.127.165 - - [27/Jun/2024:16:27:44 +0000] "GET / HTTP/1.1" 200 748 "-" "Mozilla/5.0 (Linux; Android 6.0; HTC One M9 Build/MRA95777) AppleWebKit/537.36 (KHTML, like Gecko) Chrome/52.0.5719.98 Mobile Safari/537.3"
167.172.158.128 - - [27/Jun/2024:16:27:44 +0000] "GET /.env HTTP/1.1" 301 238 "-" "Go-http-client/1.1"
167.172.158.128 - - [27/Jun/2024:16:27:44 +0000] "GET /.git/config HTTP/1.1" 301 245 "-" "Go-http-client/1.1"
159.89.127.165 - - [27/Jun/2024:16:27:44 +0000] "GET /server HTTP/1.1" 200 748 "-" "Go-http-client/1.1"
167.172.158.128 - - [27/Jun/2024:16:27:44 +0000] "GET /s/3323e2333323e23323e24333/_/;/META-INF/maven/com.atlassian.jira/jira-webapp-dist/pom.properties HTTP/1.1" 301 330 "-" "Go-http-client/1.1"
159.89.127.165 - - [27/Jun/2024:16:27:45 +0000] "GET /.vscode/sftp.json HTTP/1.1" 200 748 "-" "Go-http-client/1.1"
167.172.158.128 - - [27/Jun/2024:16:27:45 +0000] "GET /config.json HTTP/1.1" 301 245 "-" "Go-http-client/1.1"
167.172.158.128 - - [27/Jun/2024:16:27:45 +0000] "GET /telescope/requests HTTP/1.1" 301 252 "-" "Go-http-client/1.1"
167.172.158.128 - - [27/Jun/2024:16:27:45 +0000] "GET /?rest_route=/wp/v2/users/ HTTP/1.1" 301 259 "-" "Go-http-client/1.1"
159.89.127.165 - - [27/Jun/2024:16:27:45 +0000] "GET /about HTTP/1.1" 200 748 "-" "Go-http-client/1.1"
159.89.127.165 - - [27/Jun/2024:16:27:45 +0000] "GET /debug/default/view?panel=config HTTP/1.1" 200 748 "-" "Go-http-client/1.1"
159.89.127.165 - - [27/Jun/2024:16:27:45 +0000] "GET /v2/_catalog HTTP/1.1" 200 748 "-" "Go-http-client/1.1"
159.89.127.165 - - [27/Jun/2024:16:27:45 +0000] "GET /ecp/Current/exporttool/microsoft.exchange.ediscovery.exporttool.application HTTP/1.1" 200 748 "-" "Go-http-client/1.1"
159.89.127.165 - - [27/Jun/2024:16:27:45 +0000] "GET /server-status HTTP/1.1" 200 748 "-" "Go-http-client/1.1"
159.89.127.165 - - [27/Jun/2024:16:27:45 +0000] "GET /login.action HTTP/1.1" 200 748 "-" "Go-http-client/1.1"
159.89.127.165 - - [27/Jun/2024:16:27:45 +0000] "GET /_all_dbs HTTP/1.1" 200 748 "-" "Mozilla/5.0 (l9scan/2.0.3323e2333323e23323e24333; +https://leakix.net)"
159.89.127.165 - - [27/Jun/2024:16:27:45 +0000] "GET /.DS_Store HTTP/1.1" 200 748 "-" "Go-http-client/1.1"
159.89.127.165 - - [27/Jun/2024:16:27:46 +0000] "GET /.env HTTP/1.1" 200 748 "-" "Go-http-client/1.1"
159.89.127.165 - - [27/Jun/2024:16:27:46 +0000] "GET /.git/config HTTP/1.1" 200 748 "-" "Go-http-client/1.1"
159.89.127.165 - - [27/Jun/2024:16:27:46 +0000] "GET /s/3323e2333323e23323e24333/_/;/META-INF/maven/com.atlassian.jira/jira-webapp-dist/pom.properties HTTP/1.1" 200 748 "-" "Go-http-client/1.1"
159.89.127.165 - - [27/Jun/2024:16:27:46 +0000] "GET /config.json HTTP/1.1" 200 748 "-" "Go-http-client/1.1"
159.89.127.165 - - [27/Jun/2024:16:27:46 +0000] "GET /telescope/requests HTTP/1.1" 200 748 "-" "Go-http-client/1.1"
159.89.127.165 - - [27/Jun/2024:16:27:46 +0000] "GET /?rest_route=/wp/v2/users/ HTTP/1.1" 200 748 "-" "Go-http-client/1.1"
157.230.37.129 - - [27/Jun/2024:16:28:18 +0000] "GET /cdn-cgi/trace HTTP/1.1" 200 748 "-" "Mozilla/5.0"
157.230.37.129 - - [27/Jun/2024:16:28:28 +0000] "\x16\x03\x01\x01\x07\x01" 400 226 "-" "-"
65.154.226.167 - - [27/Jun/2024:16:28:54 +0000] "GET / HTTP/1.1" 301 234 "-" "Mozilla/5.0 (Windows NT 10.0; Win64; x64) AppleWebKit/537.36 (KHTML, like Gecko) Chrome/117.0.5938.132 Safari/537.36"
34.72.176.129 - - [27/Jun/2024:16:28:55 +0000] "GET / HTTP/1.1" 301 234 "-" "Mozilla/5.0 (X11; Linux x86_64) AppleWebKit/537.36 (KHTML, like Gecko) HeadlessChrome/92.0.4515.159 Safari/537.36"
34.72.176.129 - - [27/Jun/2024:16:28:56 +0000] "GET / HTTP/1.1" 200 748 "-" "Mozilla/5.0 (X11; Linux x86_64) AppleWebKit/537.36 (KHTML, like Gecko) HeadlessChrome/92.0.4515.159 Safari/537.36"
34.72.176.129 - - [27/Jun/2024:16:28:56 +0000] "GET /static/css/main.b87daa8b.css HTTP/1.1" 200 366783 "https://www.junghomun.com/" "Mozilla/5.0 (X11; Linux x86_64) AppleWebKit/537.36 (KHTML, like Gecko) HeadlessChrome/92.0.4515.159 Safari/537.36"
34.72.176.129 - - [27/Jun/2024:16:28:56 +0000] "GET /static/js/main.8d2795c4.js HTTP/1.1" 200 38575867 "https://www.junghomun.com/" "Mozilla/5.0 (X11; Linux x86_64) AppleWebKit/537.36 (KHTML, like Gecko) HeadlessChrome/92.0.4515.159 Safari/537.36"
106.102.11.33 - - [27/Jun/2024:16:28:57 +0000] "GET / HTTP/1.1" 200 748 "-" "Mozilla/5.0 (Windows NT 10.0; Win64; x64) AppleWebKit/537.36 (KHTML, like Gecko) Chrome/126.0.0.0 Safari/537.36"
106.102.11.33 - - [27/Jun/2024:16:28:57 +0000] "GET /static/css/main.b87daa8b.css HTTP/1.1" 200 366783 "https://www.junghomun.com/" "Mozilla/5.0 (Windows NT 10.0; Win64; x64) AppleWebKit/537.36 (KHTML, like Gecko) Chrome/126.0.0.0 Safari/537.36"
65.154.226.167 - - [27/Jun/2024:16:28:58 +0000] "GET / HTTP/1.1" 200 748 "-" "Mozilla/5.0 (Windows NT 10.0; Win64; x64) AppleWebKit/537.36 (KHTML, like Gecko) Chrome/117.0.5938.132 Safari/537.36"
185.196.9.227 - - [27/Jun/2024:16:28:58 +0000] "GET /.git/config HTTP/1.1" 200 748 "-" "Mozilla/5.0 (Windows NT 10.0; WOW64) AppleWebKit/537.36 (KHTML, like Gecko) Chrome/73.0.3683.103 Safari/537.36"
65.154.226.167 - - [27/Jun/2024:16:28:58 +0000] "GET /static/css/main.b87daa8b.css HTTP/1.1" 200 366783 "https://www.junghomun.com/" "Mozilla/5.0 (Windows NT 10.0; Win64; x64) AppleWebKit/537.36 (KHTML, like Gecko) Chrome/117.0.5938.132 Safari/537.36"
65.154.226.167 - - [27/Jun/2024:16:28:59 +0000] "GET /static/js/main.8d2795c4.js HTTP/1.1" 200 38575867 "https://www.junghomun.com/" "Mozilla/5.0 (Windows NT 10.0; Win64; x64) AppleWebKit/537.36 (KHTML, like Gecko) Chrome/117.0.5938.132 Safari/537.36"
205.169.39.227 - - [27/Jun/2024:16:29:04 +0000] "GET / HTTP/1.1" 301 234 "-" "Mozilla/5.0 (Windows NT 6.1; Win64; x64) AppleWebKit/537.36 (KHTML, like Gecko) Chrome/83.0.4103.61 Safari/537.36"
205.169.39.227 - - [27/Jun/2024:16:29:04 +0000] "GET / HTTP/1.1" 200 748 "-" "Mozilla/5.0 (Windows NT 6.1; Win64; x64) AppleWebKit/537.36 (KHTML, like Gecko) Chrome/83.0.4103.61 Safari/537.36"
205.169.39.227 - - [27/Jun/2024:16:29:04 +0000] "GET /static/js/main.8d2795c4.js HTTP/1.1" 200 38575867 "https://www.junghomun.com/" "Mozilla/5.0 (Windows NT 6.1; Win64; x64) AppleWebKit/537.36 (KHTML, like Gecko) Chrome/83.0.4103.61 Safari/537.36"
106.102.11.33 - - [27/Jun/2024:16:28:58 +0000] "GET /static/js/main.8d2795c4.js HTTP/1.1" 200 38575867 "https://www.junghomun.com/" "Mozilla/5.0 (Windows NT 10.0; Win64; x64) AppleWebKit/537.36 (KHTML, like Gecko) Chrome/126.0.0.0 Safari/537.36"
65.154.226.167 - - [27/Jun/2024:16:29:08 +0000] "GET /static/media/exercise1.0fbc1a440efd979a68eb.webp HTTP/1.1" 200 7554 "https://www.junghomun.com/" "Mozilla/5.0 (Windows NT 10.0; Win64; x64) AppleWebKit/537.36 (KHTML, like Gecko) Chrome/117.0.5938.132 Safari/537.36"
65.154.226.167 - - [27/Jun/2024:16:29:08 +0000] "GET /static/media/money4.bab943b0cc9204eca042.webp HTTP/1.1" 200 25193 "https://www.junghomun.com/" "Mozilla/5.0 (Windows NT 10.0; Win64; x64) AppleWebKit/537.36 (KHTML, like Gecko) Chrome/117.0.5938.132 Safari/537.36"
65.154.226.167 - - [27/Jun/2024:16:29:08 +0000] "GET /static/media/smile3.6afb782045251fc93c24.webp HTTP/1.1" 200 5092 "https://www.junghomun.com/" "Mozilla/5.0 (Windows NT 10.0; Win64; x64) AppleWebKit/537.36 (KHTML, like Gecko) Chrome/117.0.5938.132 Safari/537.36"
65.154.226.167 - - [27/Jun/2024:16:29:08 +0000] "GET /static/media/food1.bc88ff497f3bb08cf0a7.webp HTTP/1.1" 200 21818 "https://www.junghomun.com/" "Mozilla/5.0 (Windows NT 10.0; Win64; x64) AppleWebKit/537.36 (KHTML, like Gecko) Chrome/117.0.5938.132 Safari/537.36"
65.154.226.167 - - [27/Jun/2024:16:29:08 +0000] "GET /static/media/logo3.b1396c753a537eb57950.webp HTTP/1.1" 200 49654 "https://www.junghomun.com/" "Mozilla/5.0 (Windows NT 10.0; Win64; x64) AppleWebKit/537.36 (KHTML, like Gecko) Chrome/117.0.5938.132 Safari/537.36"
65.154.226.167 - - [27/Jun/2024:16:29:08 +0000] "GET /static/media/logo2.67bbeba334a6dba22186.webp HTTP/1.1" 200 259014 "https://www.junghomun.com/" "Mozilla/5.0 (Windows NT 10.0; Win64; x64) AppleWebKit/537.36 (KHTML, like Gecko) Chrome/117.0.5938.132 Safari/537.36"
65.154.226.167 - - [27/Jun/2024:16:29:08 +0000] "GET /static/media/calendar1.89c348a3ad43be2a45b9.webp HTTP/1.1" 200 12120 "https://www.junghomun.com/" "Mozilla/5.0 (Windows NT 10.0; Win64; x64) AppleWebKit/537.36 (KHTML, like Gecko) Chrome/117.0.5938.132 Safari/537.36"
65.154.226.167 - - [27/Jun/2024:16:29:08 +0000] "GET /static/media/money1.916f5b63580b041e485a.webp HTTP/1.1" 200 13072 "https://www.junghomun.com/" "Mozilla/5.0 (Windows NT 10.0; Win64; x64) AppleWebKit/537.36 (KHTML, like Gecko) Chrome/117.0.5938.132 Safari/537.36"
106.102.11.33 - - [27/Jun/2024:16:29:08 +0000] "GET /static/media/logo2.67bbeba334a6dba22186.webp HTTP/1.1" 200 259014 "https://www.junghomun.com/" "Mozilla/5.0 (Windows NT 10.0; Win64; x64) AppleWebKit/537.36 (KHTML, like Gecko) Chrome/126.0.0.0 Safari/537.36"
106.102.11.33 - - [27/Jun/2024:16:29:09 +0000] "GET /static/media/user1.fa046da15e89a4780c33.webp HTTP/1.1" 200 34369 "https://www.junghomun.com/user/login" "Mozilla/5.0 (Windows NT 10.0; Win64; x64) AppleWebKit/537.36 (KHTML, like Gecko) Chrome/126.0.0.0 Safari/537.36"
211.36.140.51 - - [27/Jun/2024:16:29:09 +0000] "GET /static/media/smile3.6afb782045251fc93c24.webp HTTP/1.1" 200 5092 "https://www.junghomun.com/" "Mozilla/5.0 (Windows NT 10.0; Win64; x64) AppleWebKit/537.36 (KHTML, like Gecko) Chrome/126.0.0.0 Safari/537.36"
106.102.11.33 - - [27/Jun/2024:16:29:09 +0000] "GET /static/media/logo3.b1396c753a537eb57950.webp HTTP/1.1" 200 49654 "https://www.junghomun.com/" "Mozilla/5.0 (Windows NT 10.0; Win64; x64) AppleWebKit/537.36 (KHTML, like Gecko) Chrome/126.0.0.0 Safari/537.36"
106.102.11.33 - - [27/Jun/2024:16:29:09 +0000] "GET /static/media/money4.bab943b0cc9204eca042.webp HTTP/1.1" 200 25193 "https://www.junghomun.com/" "Mozilla/5.0 (Windows NT 10.0; Win64; x64) AppleWebKit/537.36 (KHTML, like Gecko) Chrome/126.0.0.0 Safari/537.36"
106.102.11.33 - - [27/Jun/2024:16:29:09 +0000] "GET /favicon.ico HTTP/1.1" 200 269374 "https://www.junghomun.com/user/login" "Mozilla/5.0 (Windows NT 10.0; Win64; x64) AppleWebKit/537.36 (KHTML, like Gecko) Chrome/126.0.0.0 Safari/537.36"
211.36.140.51 - - [27/Jun/2024:16:29:09 +0000] "GET /static/media/exercise1.0fbc1a440efd979a68eb.webp HTTP/1.1" 200 7554 "https://www.junghomun.com/" "Mozilla/5.0 (Windows NT 10.0; Win64; x64) AppleWebKit/537.36 (KHTML, like Gecko) Chrome/126.0.0.0 Safari/537.36"
65.154.226.167 - - [27/Jun/2024:16:29:09 +0000] "GET /static/media/user1.fa046da15e89a4780c33.webp HTTP/1.1" 200 34369 "https://www.junghomun.com/user/login" "Mozilla/5.0 (Windows NT 10.0; Win64; x64) AppleWebKit/537.36 (KHTML, like Gecko) Chrome/117.0.5938.132 Safari/537.36"
65.154.226.167 - - [27/Jun/2024:16:29:09 +0000] "GET /static/media/sleep1.d40c2a1bc215a195d75e.webp HTTP/1.1" 200 13994 "https://www.junghomun.com/" "Mozilla/5.0 (Windows NT 10.0; Win64; x64) AppleWebKit/537.36 (KHTML, like Gecko) Chrome/117.0.5938.132 Safari/537.36"
106.102.11.33 - - [27/Jun/2024:16:29:09 +0000] "GET /static/media/food1.bc88ff497f3bb08cf0a7.webp HTTP/1.1" 200 21818 "https://www.junghomun.com/" "Mozilla/5.0 (Windows NT 10.0; Win64; x64) AppleWebKit/537.36 (KHTML, like Gecko) Chrome/126.0.0.0 Safari/537.36"
106.102.11.33 - - [27/Jun/2024:16:29:09 +0000] "GET /static/media/money1.916f5b63580b041e485a.webp HTTP/1.1" 200 13072 "https://www.junghomun.com/" "Mozilla/5.0 (Windows NT 10.0; Win64; x64) AppleWebKit/537.36 (KHTML, like Gecko) Chrome/126.0.0.0 Safari/537.36"
211.36.140.51 - - [27/Jun/2024:16:29:09 +0000] "GET /static/media/calendar1.89c348a3ad43be2a45b9.webp HTTP/1.1" 200 12120 "https://www.junghomun.com/" "Mozilla/5.0 (Windows NT 10.0; Win64; x64) AppleWebKit/537.36 (KHTML, like Gecko) Chrome/126.0.0.0 Safari/537.36"
106.102.11.33 - - [27/Jun/2024:16:29:09 +0000] "GET /static/media/sleep1.d40c2a1bc215a195d75e.webp HTTP/1.1" 200 13994 "https://www.junghomun.com/" "Mozilla/5.0 (Windows NT 10.0; Win64; x64) AppleWebKit/537.36 (KHTML, like Gecko) Chrome/126.0.0.0 Safari/537.36"
205.169.39.227 - - [27/Jun/2024:16:29:13 +0000] "GET / HTTP/1.1" 301 234 "-" "Mozilla/5.0 (Windows NT 10.0; Win64; x64) AppleWebKit/537.36 (KHTML, like Gecko) Chrome/79.0.3945.79 Safari/537.36"
205.169.39.227 - - [27/Jun/2024:16:29:14 +0000] "GET / HTTP/1.1" 200 748 "-" "Mozilla/5.0 (Windows NT 10.0; Win64; x64) AppleWebKit/537.36 (KHTML, like Gecko) Chrome/79.0.3945.79 Safari/537.36"
205.169.39.227 - - [27/Jun/2024:16:29:14 +0000] "GET /static/css/main.b87daa8b.css HTTP/1.1" 200 366783 "https://www.junghomun.com/" "Mozilla/5.0 (Windows NT 10.0; Win64; x64) AppleWebKit/537.36 (KHTML, like Gecko) Chrome/79.0.3945.79 Safari/537.36"
205.169.39.227 - - [27/Jun/2024:16:29:14 +0000] "GET /static/js/main.8d2795c4.js HTTP/1.1" 200 38575867 "https://www.junghomun.com/" "Mozilla/5.0 (Windows NT 10.0; Win64; x64) AppleWebKit/537.36 (KHTML, like Gecko) Chrome/79.0.3945.79 Safari/537.36"
34.72.176.129 - - [27/Jun/2024:16:29:17 +0000] "GET /static/media/smile3.6afb782045251fc93c24.webp HTTP/1.1" 200 5092 "https://www.junghomun.com/" "Mozilla/5.0 (X11; Linux x86_64) AppleWebKit/537.36 (KHTML, like Gecko) HeadlessChrome/92.0.4515.159 Safari/537.36"
104.197.69.115 - - [27/Jun/2024:16:29:17 +0000] "GET /static/media/logo3.b1396c753a537eb57950.webp HTTP/1.1" 200 49654 "https://www.junghomun.com/" "Mozilla/5.0 (X11; Linux x86_64) AppleWebKit/537.36 (KHTML, like Gecko) HeadlessChrome/92.0.4515.159 Safari/537.36"
104.197.69.115 - - [27/Jun/2024:16:29:17 +0000] "GET /static/media/logo2.67bbeba334a6dba22186.webp HTTP/1.1" 200 259014 "https://www.junghomun.com/" "Mozilla/5.0 (X11; Linux x86_64) AppleWebKit/537.36 (KHTML, like Gecko) HeadlessChrome/92.0.4515.159 Safari/537.36"
34.123.170.104 - - [27/Jun/2024:16:29:19 +0000] "GET /static/media/money4.bab943b0cc9204eca042.webp HTTP/1.1" 200 25193 "https://www.junghomun.com/" "Mozilla/5.0 (X11; Linux x86_64) AppleWebKit/537.36 (KHTML, like Gecko) HeadlessChrome/92.0.4515.159 Safari/537.36"
34.122.147.229 - - [27/Jun/2024:16:29:19 +0000] "GET /static/media/exercise1.0fbc1a440efd979a68eb.webp HTTP/1.1" 200 7554 "https://www.junghomun.com/" "Mozilla/5.0 (X11; Linux x86_64) AppleWebKit/537.36 (KHTML, like Gecko) HeadlessChrome/92.0.4515.159 Safari/537.36"
34.122.147.229 - - [27/Jun/2024:16:29:19 +0000] "GET /static/media/food1.bc88ff497f3bb08cf0a7.webp HTTP/1.1" 200 21818 "https://www.junghomun.com/" "Mozilla/5.0 (X11; Linux x86_64) AppleWebKit/537.36 (KHTML, like Gecko) HeadlessChrome/92.0.4515.159 Safari/537.36"
205.169.39.227 - - [27/Jun/2024:16:29:19 +0000] "GET /static/media/logo2.67bbeba334a6dba22186.webp HTTP/1.1" 200 259014 "https://www.junghomun.com/" "Mozilla/5.0 (Windows NT 10.0; Win64; x64) AppleWebKit/537.36 (KHTML, like Gecko) Chrome/79.0.3945.79 Safari/537.36"
205.169.39.227 - - [27/Jun/2024:16:29:19 +0000] "GET /static/media/smile3.6afb782045251fc93c24.webp HTTP/1.1" 200 5092 "https://www.junghomun.com/" "Mozilla/5.0 (Windows NT 10.0; Win64; x64) AppleWebKit/537.36 (KHTML, like Gecko) Chrome/79.0.3945.79 Safari/537.36"
205.169.39.227 - - [27/Jun/2024:16:29:19 +0000] "GET /static/media/money4.bab943b0cc9204eca042.webp HTTP/1.1" 200 25193 "https://www.junghomun.com/" "Mozilla/5.0 (Windows NT 10.0; Win64; x64) AppleWebKit/537.36 (KHTML, like Gecko) Chrome/79.0.3945.79 Safari/537.36"
205.169.39.227 - - [27/Jun/2024:16:29:19 +0000] "GET /static/media/exercise1.0fbc1a440efd979a68eb.webp HTTP/1.1" 200 7554 "https://www.junghomun.com/" "Mozilla/5.0 (Windows NT 10.0; Win64; x64) AppleWebKit/537.36 (KHTML, like Gecko) Chrome/79.0.3945.79 Safari/537.36"
205.169.39.227 - - [27/Jun/2024:16:29:19 +0000] "GET /static/media/food1.bc88ff497f3bb08cf0a7.webp HTTP/1.1" 200 21818 "https://www.junghomun.com/" "Mozilla/5.0 (Windows NT 10.0; Win64; x64) AppleWebKit/537.36 (KHTML, like Gecko) Chrome/79.0.3945.79 Safari/537.36"
205.169.39.227 - - [27/Jun/2024:16:29:19 +0000] "GET /static/media/calendar1.89c348a3ad43be2a45b9.webp HTTP/1.1" 200 12120 "https://www.junghomun.com/" "Mozilla/5.0 (Windows NT 10.0; Win64; x64) AppleWebKit/537.36 (KHTML, like Gecko) Chrome/79.0.3945.79 Safari/537.36"
205.169.39.227 - - [27/Jun/2024:16:29:19 +0000] "GET /static/media/money1.916f5b63580b041e485a.webp HTTP/1.1" 200 13072 "https://www.junghomun.com/" "Mozilla/5.0 (Windows NT 10.0; Win64; x64) AppleWebKit/537.36 (KHTML, like Gecko) Chrome/79.0.3945.79 Safari/537.36"
65.154.226.166 - - [27/Jun/2024:16:29:19 +0000] "GET / HTTP/1.1" 301 234 "-" "Mozilla/5.0 (Windows NT 10.0) AppleWebKit/537.36 (KHTML, like Gecko) Chrome/106.0.0.0 Safari/537.36"
205.169.39.227 - - [27/Jun/2024:16:29:19 +0000] "GET /static/media/logo3.b1396c753a537eb57950.webp HTTP/1.1" 200 49654 "https://www.junghomun.com/" "Mozilla/5.0 (Windows NT 10.0; Win64; x64) AppleWebKit/537.36 (KHTML, like Gecko) Chrome/79.0.3945.79 Safari/537.36"
205.169.39.227 - - [27/Jun/2024:16:29:19 +0000] "GET /static/media/sleep1.d40c2a1bc215a195d75e.webp HTTP/1.1" 200 13994 "https://www.junghomun.com/" "Mozilla/5.0 (Windows NT 10.0; Win64; x64) AppleWebKit/537.36 (KHTML, like Gecko) Chrome/79.0.3945.79 Safari/537.36"
205.169.39.227 - - [27/Jun/2024:16:29:20 +0000] "GET /static/media/user1.fa046da15e89a4780c33.webp HTTP/1.1" 200 34369 "https://www.junghomun.com/user/login" "Mozilla/5.0 (Windows NT 10.0; Win64; x64) AppleWebKit/537.36 (KHTML, like Gecko) Chrome/79.0.3945.79 Safari/537.36"
65.154.226.166 - - [27/Jun/2024:16:29:20 +0000] "GET / HTTP/1.1" 200 748 "http://www.junghomun.com" "Mozilla/5.0 (Windows NT 10.0) AppleWebKit/537.36 (KHTML, like Gecko) Chrome/106.0.0.0 Safari/537.36"
104.197.69.115 - - [27/Jun/2024:16:29:22 +0000] "GET /static/media/calendar1.89c348a3ad43be2a45b9.webp HTTP/1.1" 200 12120 "https://www.junghomun.com/" "Mozilla/5.0 (X11; Linux x86_64) AppleWebKit/537.36 (KHTML, like Gecko) HeadlessChrome/92.0.4515.159 Safari/537.36"
34.72.176.129 - - [27/Jun/2024:16:29:22 +0000] "GET /static/media/money1.916f5b63580b041e485a.webp HTTP/1.1" 200 13072 "https://www.junghomun.com/" "Mozilla/5.0 (X11; Linux x86_64) AppleWebKit/537.36 (KHTML, like Gecko) HeadlessChrome/92.0.4515.159 Safari/537.36"
104.197.69.115 - - [27/Jun/2024:16:29:22 +0000] "GET /static/media/sleep1.d40c2a1bc215a195d75e.webp HTTP/1.1" 200 13994 "https://www.junghomun.com/" "Mozilla/5.0 (X11; Linux x86_64) AppleWebKit/537.36 (KHTML, like Gecko) HeadlessChrome/92.0.4515.159 Safari/537.36"
34.123.170.104 - - [27/Jun/2024:16:29:22 +0000] "GET /static/media/user1.fa046da15e89a4780c33.webp HTTP/1.1" 200 34369 "https://www.junghomun.com/user/login" "Mozilla/5.0 (X11; Linux x86_64) AppleWebKit/537.36 (KHTML, like Gecko) HeadlessChrome/92.0.4515.159 Safari/537.36"
::1 - - [27/Jun/2024:16:29:22 +0000] "OPTIONS * HTTP/1.0" 200 - "-" "Apache/2.4.6 (CentOS) OpenSSL/1.0.2k-fips (internal dummy connection)"
65.154.226.168 - - [27/Jun/2024:16:29:25 +0000] "GET / HTTP/1.1" 301 234 "-" "Mozilla/5.0 (Windows NT 10.0; Win64; x64) AppleWebKit/537.36 (KHTML, like Gecko) Chrome/117.0.5938.132 Safari/537.36"
65.154.226.168 - - [27/Jun/2024:16:29:26 +0000] "GET / HTTP/1.1" 200 748 "-" "Mozilla/5.0 (Windows NT 10.0; Win64; x64) AppleWebKit/537.36 (KHTML, like Gecko) Chrome/117.0.5938.132 Safari/537.36"
65.154.226.168 - - [27/Jun/2024:16:29:26 +0000] "GET /static/css/main.b87daa8b.css HTTP/1.1" 200 366783 "https://www.junghomun.com/" "Mozilla/5.0 (Windows NT 10.0; Win64; x64) AppleWebKit/537.36 (KHTML, like Gecko) Chrome/117.0.5938.132 Safari/537.36"
104.197.69.115 - - [27/Jun/2024:16:29:26 +0000] "GET / HTTP/1.1" 301 234 "-" "Mozilla/5.0 (X11; Linux x86_64) AppleWebKit/537.36 (KHTML, like Gecko) HeadlessChrome/92.0.4515.159 Safari/537.36"
34.122.147.229 - - [27/Jun/2024:16:29:26 +0000] "GET / HTTP/1.1" 200 748 "-" "Mozilla/5.0 (X11; Linux x86_64) AppleWebKit/537.36 (KHTML, like Gecko) HeadlessChrome/92.0.4515.159 Safari/537.36"
34.122.147.229 - - [27/Jun/2024:16:29:26 +0000] "GET /static/css/main.b87daa8b.css HTTP/1.1" 200 366783 "https://www.junghomun.com/" "Mozilla/5.0 (X11; Linux x86_64) AppleWebKit/537.36 (KHTML, like Gecko) HeadlessChrome/92.0.4515.159 Safari/537.36"
34.72.176.129 - - [27/Jun/2024:16:29:26 +0000] "GET /static/js/main.8d2795c4.js HTTP/1.1" 200 38575867 "https://www.junghomun.com/" "Mozilla/5.0 (X11; Linux x86_64) AppleWebKit/537.36 (KHTML, like Gecko) HeadlessChrome/92.0.4515.159 Safari/537.36"
::1 - - [27/Jun/2024:16:29:32 +0000] "OPTIONS * HTTP/1.0" 200 - "-" "Apache/2.4.6 (CentOS) OpenSSL/1.0.2k-fips (internal dummy connection)"
::1 - - [27/Jun/2024:16:29:33 +0000] "OPTIONS * HTTP/1.0" 200 - "-" "Apache/2.4.6 (CentOS) OpenSSL/1.0.2k-fips (internal dummy connection)"
::1 - - [27/Jun/2024:16:29:34 +0000] "OPTIONS * HTTP/1.0" 200 - "-" "Apache/2.4.6 (CentOS) OpenSSL/1.0.2k-fips (internal dummy connection)"
65.154.226.168 - - [27/Jun/2024:16:29:26 +0000] "GET /static/js/main.8d2795c4.js HTTP/1.1" 200 38575867 "https://www.junghomun.com/" "Mozilla/5.0 (Windows NT 10.0; Win64; x64) AppleWebKit/537.36 (KHTML, like Gecko) Chrome/117.0.5938.132 Safari/537.36"
::1 - - [27/Jun/2024:16:29:35 +0000] "OPTIONS * HTTP/1.0" 200 - "-" "Apache/2.4.6 (CentOS) OpenSSL/1.0.2k-fips (internal dummy connection)"
::1 - - [27/Jun/2024:16:29:36 +0000] "OPTIONS * HTTP/1.0" 200 - "-" "Apache/2.4.6 (CentOS) OpenSSL/1.0.2k-fips (internal dummy connection)"
::1 - - [27/Jun/2024:16:29:37 +0000] "OPTIONS * HTTP/1.0" 200 - "-" "Apache/2.4.6 (CentOS) OpenSSL/1.0.2k-fips (internal dummy connection)"
65.154.226.168 - - [27/Jun/2024:16:29:40 +0000] "GET /static/media/smile3.6afb782045251fc93c24.webp HTTP/1.1" 200 5092 "https://www.junghomun.com/" "Mozilla/5.0 (Windows NT 10.0; Win64; x64) AppleWebKit/537.36 (KHTML, like Gecko) Chrome/117.0.5938.132 Safari/537.36"
65.154.226.168 - - [27/Jun/2024:16:29:40 +0000] "GET /static/media/money4.bab943b0cc9204eca042.webp HTTP/1.1" 200 25193 "https://www.junghomun.com/" "Mozilla/5.0 (Windows NT 10.0; Win64; x64) AppleWebKit/537.36 (KHTML, like Gecko) Chrome/117.0.5938.132 Safari/537.36"
65.154.226.168 - - [27/Jun/2024:16:29:40 +0000] "GET /static/media/exercise1.0fbc1a440efd979a68eb.webp HTTP/1.1" 200 7554 "https://www.junghomun.com/" "Mozilla/5.0 (Windows NT 10.0; Win64; x64) AppleWebKit/537.36 (KHTML, like Gecko) Chrome/117.0.5938.132 Safari/537.36"
65.154.226.168 - - [27/Jun/2024:16:29:40 +0000] "GET /static/media/food1.bc88ff497f3bb08cf0a7.webp HTTP/1.1" 200 21818 "https://www.junghomun.com/" "Mozilla/5.0 (Windows NT 10.0; Win64; x64) AppleWebKit/537.36 (KHTML, like Gecko) Chrome/117.0.5938.132 Safari/537.36"
65.154.226.168 - - [27/Jun/2024:16:29:40 +0000] "GET /static/media/logo3.b1396c753a537eb57950.webp HTTP/1.1" 200 49654 "https://www.junghomun.com/" "Mozilla/5.0 (Windows NT 10.0; Win64; x64) AppleWebKit/537.36 (KHTML, like Gecko) Chrome/117.0.5938.132 Safari/537.36"
65.154.226.168 - - [27/Jun/2024:16:29:40 +0000] "GET /static/media/logo2.67bbeba334a6dba22186.webp HTTP/1.1" 200 259014 "https://www.junghomun.com/" "Mozilla/5.0 (Windows NT 10.0; Win64; x64) AppleWebKit/537.36 (KHTML, like Gecko) Chrome/117.0.5938.132 Safari/537.36"
65.154.226.168 - - [27/Jun/2024:16:29:41 +0000] "GET /static/media/calendar1.89c348a3ad43be2a45b9.webp HTTP/1.1" 200 12120 "https://www.junghomun.com/" "Mozilla/5.0 (Windows NT 10.0; Win64; x64) AppleWebKit/537.36 (KHTML, like Gecko) Chrome/117.0.5938.132 Safari/537.36"
65.154.226.168 - - [27/Jun/2024:16:29:41 +0000] "GET /static/media/sleep1.d40c2a1bc215a195d75e.webp HTTP/1.1" 200 13994 "https://www.junghomun.com/" "Mozilla/5.0 (Windows NT 10.0; Win64; x64) AppleWebKit/537.36 (KHTML, like Gecko) Chrome/117.0.5938.132 Safari/537.36"
65.154.226.168 - - [27/Jun/2024:16:29:41 +0000] "GET /static/media/money1.916f5b63580b041e485a.webp HTTP/1.1" 200 13072 "https://www.junghomun.com/" "Mozilla/5.0 (Windows NT 10.0; Win64; x64) AppleWebKit/537.36 (KHTML, like Gecko) Chrome/117.0.5938.132 Safari/537.36"
65.154.226.168 - - [27/Jun/2024:16:29:41 +0000] "GET /static/media/user1.fa046da15e89a4780c33.webp HTTP/1.1" 200 34369 "https://www.junghomun.com/user/login" "Mozilla/5.0 (Windows NT 10.0; Win64; x64) AppleWebKit/537.36 (KHTML, like Gecko) Chrome/117.0.5938.132 Safari/537.36"
::1 - - [27/Jun/2024:16:29:42 +0000] "OPTIONS * HTTP/1.0" 200 - "-" "Apache/2.4.6 (CentOS) OpenSSL/1.0.2k-fips (internal dummy connection)"
205.169.39.194 - - [27/Jun/2024:16:29:42 +0000] "GET / HTTP/1.1" 301 234 "-" "Mozilla/5.0 (Windows NT 6.1; Win64; x64) AppleWebKit/537.36 (KHTML, like Gecko) Chrome/83.0.4103.61 Safari/537.36"
205.169.39.194 - - [27/Jun/2024:16:29:42 +0000] "GET / HTTP/1.1" 200 748 "-" "Mozilla/5.0 (Windows NT 6.1; Win64; x64) AppleWebKit/537.36 (KHTML, like Gecko) Chrome/83.0.4103.61 Safari/537.36"
205.169.39.194 - - [27/Jun/2024:16:29:43 +0000] "GET /static/js/main.8d2795c4.js HTTP/1.1" 200 38575867 "https://www.junghomun.com/" "Mozilla/5.0 (Windows NT 6.1; Win64; x64) AppleWebKit/537.36 (KHTML, like Gecko) Chrome/83.0.4103.61 Safari/537.36"
205.169.39.194 - - [27/Jun/2024:16:29:47 +0000] "GET / HTTP/1.1" 301 234 "-" "Mozilla/5.0 (Windows NT 10.0; Win64; x64) AppleWebKit/537.36 (KHTML, like Gecko) Chrome/79.0.3945.79 Safari/537.36"
205.169.39.194 - - [27/Jun/2024:16:29:47 +0000] "GET / HTTP/1.1" 200 748 "-" "Mozilla/5.0 (Windows NT 10.0; Win64; x64) AppleWebKit/537.36 (KHTML, like Gecko) Chrome/79.0.3945.79 Safari/537.36"
205.169.39.194 - - [27/Jun/2024:16:29:47 +0000] "GET /static/css/main.b87daa8b.css HTTP/1.1" 200 366783 "https://www.junghomun.com/" "Mozilla/5.0 (Windows NT 10.0; Win64; x64) AppleWebKit/537.36 (KHTML, like Gecko) Chrome/79.0.3945.79 Safari/537.36"
205.169.39.194 - - [27/Jun/2024:16:29:47 +0000] "GET /static/js/main.8d2795c4.js HTTP/1.1" 200 38575867 "https://www.junghomun.com/" "Mozilla/5.0 (Windows NT 10.0; Win64; x64) AppleWebKit/537.36 (KHTML, like Gecko) Chrome/79.0.3945.79 Safari/537.36"
34.123.170.104 - - [27/Jun/2024:16:29:48 +0000] "GET /static/media/money4.bab943b0cc9204eca042.webp HTTP/1.1" 200 25193 "https://www.junghomun.com/" "Mozilla/5.0 (X11; Linux x86_64) AppleWebKit/537.36 (KHTML, like Gecko) HeadlessChrome/92.0.4515.159 Safari/537.36"
34.72.176.129 - - [27/Jun/2024:16:29:48 +0000] "GET /static/media/smile3.6afb782045251fc93c24.webp HTTP/1.1" 200 5092 "https://www.junghomun.com/" "Mozilla/5.0 (X11; Linux x86_64) AppleWebKit/537.36 (KHTML, like Gecko) HeadlessChrome/92.0.4515.159 Safari/537.36"
104.197.69.115 - - [27/Jun/2024:16:29:48 +0000] "GET /static/media/exercise1.0fbc1a440efd979a68eb.webp HTTP/1.1" 200 7554 "https://www.junghomun.com/" "Mozilla/5.0 (X11; Linux x86_64) AppleWebKit/537.36 (KHTML, like Gecko) HeadlessChrome/92.0.4515.159 Safari/537.36"
104.197.69.115 - - [27/Jun/2024:16:29:48 +0000] "GET /static/media/food1.bc88ff497f3bb08cf0a7.webp HTTP/1.1" 200 21818 "https://www.junghomun.com/" "Mozilla/5.0 (X11; Linux x86_64) AppleWebKit/537.36 (KHTML, like Gecko) HeadlessChrome/92.0.4515.159 Safari/537.36"
34.72.176.129 - - [27/Jun/2024:16:29:48 +0000] "GET /static/media/logo2.67bbeba334a6dba22186.webp HTTP/1.1" 200 259014 "https://www.junghomun.com/" "Mozilla/5.0 (X11; Linux x86_64) AppleWebKit/537.36 (KHTML, like Gecko) HeadlessChrome/92.0.4515.159 Safari/537.36"
34.123.170.104 - - [27/Jun/2024:16:29:48 +0000] "GET /static/media/logo3.b1396c753a537eb57950.webp HTTP/1.1" 200 49654 "https://www.junghomun.com/" "Mozilla/5.0 (X11; Linux x86_64) AppleWebKit/537.36 (KHTML, like Gecko) HeadlessChrome/92.0.4515.159 Safari/537.36"
205.169.39.194 - - [27/Jun/2024:16:29:49 +0000] "GET /static/media/logo2.67bbeba334a6dba22186.webp HTTP/1.1" 200 259014 "https://www.junghomun.com/" "Mozilla/5.0 (Windows NT 10.0; Win64; x64) AppleWebKit/537.36 (KHTML, like Gecko) Chrome/79.0.3945.79 Safari/537.36"
205.169.39.194 - - [27/Jun/2024:16:29:49 +0000] "GET /static/media/logo3.b1396c753a537eb57950.webp HTTP/1.1" 200 49654 "https://www.junghomun.com/" "Mozilla/5.0 (Windows NT 10.0; Win64; x64) AppleWebKit/537.36 (KHTML, like Gecko) Chrome/79.0.3945.79 Safari/537.36"
205.169.39.194 - - [27/Jun/2024:16:29:49 +0000] "GET /static/media/smile3.6afb782045251fc93c24.webp HTTP/1.1" 200 5092 "https://www.junghomun.com/" "Mozilla/5.0 (Windows NT 10.0; Win64; x64) AppleWebKit/537.36 (KHTML, like Gecko) Chrome/79.0.3945.79 Safari/537.36"
205.169.39.194 - - [27/Jun/2024:16:29:49 +0000] "GET /static/media/money4.bab943b0cc9204eca042.webp HTTP/1.1" 200 25193 "https://www.junghomun.com/" "Mozilla/5.0 (Windows NT 10.0; Win64; x64) AppleWebKit/537.36 (KHTML, like Gecko) Chrome/79.0.3945.79 Safari/537.36"
205.169.39.194 - - [27/Jun/2024:16:29:49 +0000] "GET /static/media/exercise1.0fbc1a440efd979a68eb.webp HTTP/1.1" 200 7554 "https://www.junghomun.com/" "Mozilla/5.0 (Windows NT 10.0; Win64; x64) AppleWebKit/537.36 (KHTML, like Gecko) Chrome/79.0.3945.79 Safari/537.36"
205.169.39.194 - - [27/Jun/2024:16:29:49 +0000] "GET /static/media/food1.bc88ff497f3bb08cf0a7.webp HTTP/1.1" 200 21818 "https://www.junghomun.com/" "Mozilla/5.0 (Windows NT 10.0; Win64; x64) AppleWebKit/537.36 (KHTML, like Gecko) Chrome/79.0.3945.79 Safari/537.36"
205.169.39.194 - - [27/Jun/2024:16:29:49 +0000] "GET /static/media/calendar1.89c348a3ad43be2a45b9.webp HTTP/1.1" 200 12120 "https://www.junghomun.com/" "Mozilla/5.0 (Windows NT 10.0; Win64; x64) AppleWebKit/537.36 (KHTML, like Gecko) Chrome/79.0.3945.79 Safari/537.36"
205.169.39.194 - - [27/Jun/2024:16:29:49 +0000] "GET /static/media/money1.916f5b63580b041e485a.webp HTTP/1.1" 200 13072 "https://www.junghomun.com/" "Mozilla/5.0 (Windows NT 10.0; Win64; x64) AppleWebKit/537.36 (KHTML, like Gecko) Chrome/79.0.3945.79 Safari/537.36"
205.169.39.194 - - [27/Jun/2024:16:29:49 +0000] "GET /static/media/sleep1.d40c2a1bc215a195d75e.webp HTTP/1.1" 200 13994 "https://www.junghomun.com/" "Mozilla/5.0 (Windows NT 10.0; Win64; x64) AppleWebKit/537.36 (KHTML, like Gecko) Chrome/79.0.3945.79 Safari/537.36"
205.169.39.194 - - [27/Jun/2024:16:29:49 +0000] "GET /static/media/user1.fa046da15e89a4780c33.webp HTTP/1.1" 200 34369 "https://www.junghomun.com/user/login" "Mozilla/5.0 (Windows NT 10.0; Win64; x64) AppleWebKit/537.36 (KHTML, like Gecko) Chrome/79.0.3945.79 Safari/537.36"
::1 - - [27/Jun/2024:16:29:51 +0000] "OPTIONS * HTTP/1.0" 200 - "-" "Apache/2.4.6 (CentOS) OpenSSL/1.0.2k-fips (internal dummy connection)"
34.72.176.129 - - [27/Jun/2024:16:29:52 +0000] "GET /static/media/money1.916f5b63580b041e485a.webp HTTP/1.1" 200 13072 "https://www.junghomun.com/" "Mozilla/5.0 (X11; Linux x86_64) AppleWebKit/537.36 (KHTML, like Gecko) HeadlessChrome/92.0.4515.159 Safari/537.36"
34.123.170.104 - - [27/Jun/2024:16:29:52 +0000] "GET /static/media/calendar1.89c348a3ad43be2a45b9.webp HTTP/1.1" 200 12120 "https://www.junghomun.com/" "Mozilla/5.0 (X11; Linux x86_64) AppleWebKit/537.36 (KHTML, like Gecko) HeadlessChrome/92.0.4515.159 Safari/537.36"
104.197.69.115 - - [27/Jun/2024:16:29:52 +0000] "GET /static/media/sleep1.d40c2a1bc215a195d75e.webp HTTP/1.1" 200 13994 "https://www.junghomun.com/" "Mozilla/5.0 (X11; Linux x86_64) AppleWebKit/537.36 (KHTML, like Gecko) HeadlessChrome/92.0.4515.159 Safari/537.36"
34.123.170.104 - - [27/Jun/2024:16:29:52 +0000] "GET /static/media/user1.fa046da15e89a4780c33.webp HTTP/1.1" 200 34369 "https://www.junghomun.com/user/login" "Mozilla/5.0 (X11; Linux x86_64) AppleWebKit/537.36 (KHTML, like Gecko) HeadlessChrome/92.0.4515.159 Safari/537.36"
::1 - - [27/Jun/2024:16:29:55 +0000] "OPTIONS * HTTP/1.0" 200 - "-" "Apache/2.4.6 (CentOS) OpenSSL/1.0.2k-fips (internal dummy connection)"
::1 - - [27/Jun/2024:16:29:56 +0000] "OPTIONS * HTTP/1.0" 200 - "-" "Apache/2.4.6 (CentOS) OpenSSL/1.0.2k-fips (internal dummy connection)"
::1 - - [27/Jun/2024:16:30:00 +0000] "OPTIONS * HTTP/1.0" 200 - "-" "Apache/2.4.6 (CentOS) OpenSSL/1.0.2k-fips (internal dummy connection)"
106.102.11.3 - - [27/Jun/2024:16:30:01 +0000] "GET / HTTP/1.1" 200 748 "-" "Mozilla/5.0 (Linux; Android 13; sdk_gphone_x86_64 Build/TE1A.220922.034; wv) AppleWebKit/537.36 (KHTML, like Gecko) Version/4.0 Chrome/103.0.5060.71 Mobile Safari/537.36"
::1 - - [27/Jun/2024:16:30:01 +0000] "OPTIONS * HTTP/1.0" 200 - "-" "Apache/2.4.6 (CentOS) OpenSSL/1.0.2k-fips (internal dummy connection)"
106.102.11.3 - - [27/Jun/2024:16:30:01 +0000] "GET /static/css/main.b87daa8b.css HTTP/1.1" 200 366783 "https://www.junghomun.com/" "Mozilla/5.0 (Linux; Android 13; sdk_gphone_x86_64 Build/TE1A.220922.034; wv) AppleWebKit/537.36 (KHTML, like Gecko) Version/4.0 Chrome/103.0.5060.71 Mobile Safari/537.36"
106.102.11.3 - - [27/Jun/2024:16:30:01 +0000] "GET /static/js/main.8d2795c4.js HTTP/1.1" 200 38575867 "https://www.junghomun.com/" "Mozilla/5.0 (Linux; Android 13; sdk_gphone_x86_64 Build/TE1A.220922.034; wv) AppleWebKit/537.36 (KHTML, like Gecko) Version/4.0 Chrome/103.0.5060.71 Mobile Safari/537.36"
::1 - - [27/Jun/2024:16:30:04 +0000] "OPTIONS * HTTP/1.0" 200 - "-" "Apache/2.4.6 (CentOS) OpenSSL/1.0.2k-fips (internal dummy connection)"
::1 - - [27/Jun/2024:16:30:05 +0000] "OPTIONS * HTTP/1.0" 200 - "-" "Apache/2.4.6 (CentOS) OpenSSL/1.0.2k-fips (internal dummy connection)"
106.102.11.3 - - [27/Jun/2024:16:30:11 +0000] "GET /static/js/main.8d2795c4.js HTTP/1.1" 200 38575867 "https://www.junghomun.com/" "Mozilla/5.0 (Linux; Android 13; sdk_gphone_x86_64 Build/TE1A.220922.034; wv) AppleWebKit/537.36 (KHTML, like Gecko) Version/4.0 Chrome/103.0.5060.71 Mobile Safari/537.36"
106.102.11.3 - - [27/Jun/2024:16:30:22 +0000] "GET /static/media/logo2.67bbeba334a6dba22186.webp HTTP/1.1" 200 259014 "https://www.junghomun.com/" "Mozilla/5.0 (Linux; Android 13; sdk_gphone_x86_64 Build/TE1A.220922.034; wv) AppleWebKit/537.36 (KHTML, like Gecko) Version/4.0 Chrome/103.0.5060.71 Mobile Safari/537.36"
106.102.11.3 - - [27/Jun/2024:16:30:22 +0000] "GET /static/media/logo3.b1396c753a537eb57950.webp HTTP/1.1" 200 49654 "https://www.junghomun.com/" "Mozilla/5.0 (Linux; Android 13; sdk_gphone_x86_64 Build/TE1A.220922.034; wv) AppleWebKit/537.36 (KHTML, like Gecko) Version/4.0 Chrome/103.0.5060.71 Mobile Safari/537.36"
106.102.11.3 - - [27/Jun/2024:16:30:22 +0000] "GET /favicon.ico HTTP/1.1" 200 269374 "https://www.junghomun.com/user/login" "Mozilla/5.0 (Linux; Android 13; sdk_gphone_x86_64 Build/TE1A.220922.034; wv) AppleWebKit/537.36 (KHTML, like Gecko) Version/4.0 Chrome/103.0.5060.71 Mobile Safari/537.36"
106.102.11.3 - - [27/Jun/2024:16:30:23 +0000] "GET /static/media/user1.fa046da15e89a4780c33.webp HTTP/1.1" 200 34369 "https://www.junghomun.com/user/login" "Mozilla/5.0 (Linux; Android 13; sdk_gphone_x86_64 Build/TE1A.220922.034; wv) AppleWebKit/537.36 (KHTML, like Gecko) Version/4.0 Chrome/103.0.5060.71 Mobile Safari/537.36"
106.102.11.3 - - [27/Jun/2024:16:30:23 +0000] "GET /static/media/smile3.6afb782045251fc93c24.webp HTTP/1.1" 200 5092 "https://www.junghomun.com/" "Mozilla/5.0 (Linux; Android 13; sdk_gphone_x86_64 Build/TE1A.220922.034; wv) AppleWebKit/537.36 (KHTML, like Gecko) Version/4.0 Chrome/103.0.5060.71 Mobile Safari/537.36"
106.102.11.3 - - [27/Jun/2024:16:30:23 +0000] "GET /static/media/money4.bab943b0cc9204eca042.webp HTTP/1.1" 200 25193 "https://www.junghomun.com/" "Mozilla/5.0 (Linux; Android 13; sdk_gphone_x86_64 Build/TE1A.220922.034; wv) AppleWebKit/537.36 (KHTML, like Gecko) Version/4.0 Chrome/103.0.5060.71 Mobile Safari/537.36"
106.102.11.3 - - [27/Jun/2024:16:30:23 +0000] "GET /static/media/exercise1.0fbc1a440efd979a68eb.webp HTTP/1.1" 200 7554 "https://www.junghomun.com/" "Mozilla/5.0 (Linux; Android 13; sdk_gphone_x86_64 Build/TE1A.220922.034; wv) AppleWebKit/537.36 (KHTML, like Gecko) Version/4.0 Chrome/103.0.5060.71 Mobile Safari/537.36"
106.102.11.3 - - [27/Jun/2024:16:30:23 +0000] "GET /static/media/food1.bc88ff497f3bb08cf0a7.webp HTTP/1.1" 200 21818 "https://www.junghomun.com/" "Mozilla/5.0 (Linux; Android 13; sdk_gphone_x86_64 Build/TE1A.220922.034; wv) AppleWebKit/537.36 (KHTML, like Gecko) Version/4.0 Chrome/103.0.5060.71 Mobile Safari/537.36"
106.102.11.3 - - [27/Jun/2024:16:30:23 +0000] "GET /static/media/calendar1.89c348a3ad43be2a45b9.webp HTTP/1.1" 200 12120 "https://www.junghomun.com/" "Mozilla/5.0 (Linux; Android 13; sdk_gphone_x86_64 Build/TE1A.220922.034; wv) AppleWebKit/537.36 (KHTML, like Gecko) Version/4.0 Chrome/103.0.5060.71 Mobile Safari/537.36"
106.102.11.3 - - [27/Jun/2024:16:30:23 +0000] "GET /static/media/money1.916f5b63580b041e485a.webp HTTP/1.1" 200 13072 "https://www.junghomun.com/" "Mozilla/5.0 (Linux; Android 13; sdk_gphone_x86_64 Build/TE1A.220922.034; wv) AppleWebKit/537.36 (KHTML, like Gecko) Version/4.0 Chrome/103.0.5060.71 Mobile Safari/537.36"
106.102.11.3 - - [27/Jun/2024:16:30:23 +0000] "GET /static/media/sleep1.d40c2a1bc215a195d75e.webp HTTP/1.1" 200 13994 "https://www.junghomun.com/" "Mozilla/5.0 (Linux; Android 13; sdk_gphone_x86_64 Build/TE1A.220922.034; wv) AppleWebKit/537.36 (KHTML, like Gecko) Version/4.0 Chrome/103.0.5060.71 Mobile Safari/537.36"
::1 - - [27/Jun/2024:16:30:30 +0000] "OPTIONS * HTTP/1.0" 200 - "-" "Apache/2.4.6 (CentOS) OpenSSL/1.0.2k-fips (internal dummy connection)"
206.204.8.96 - - [27/Jun/2024:16:30:43 +0000] "GET / HTTP/1.1" 200 748 "-" "Mozilla/5.0 (iPhone; CPU iPhone OS 16_0 like Mac OS X) AppleWebKit/605.1.15 (KHTML, like Gecko) CriOS/99.0.4844.47 Mobile/15E148 Safari/604.1"
206.204.8.96 - - [27/Jun/2024:16:30:43 +0000] "GET /static/css/main.b87daa8b.css HTTP/1.1" 200 366783 "https://www.junghomun.com/" "Mozilla/5.0 (iPhone; CPU iPhone OS 16_0 like Mac OS X) AppleWebKit/605.1.15 (KHTML, like Gecko) CriOS/99.0.4844.47 Mobile/15E148 Safari/604.1"
93.180.226.208 - - [27/Jun/2024:16:30:46 +0000] "GET / HTTP/1.1" 200 748 "-" "Mozilla/5.0 (iPhone; CPU iPhone OS 16_0 like Mac OS X) AppleWebKit/605.1.15 (KHTML, like Gecko) CriOS/99.0.4844.47 Mobile/15E148 Safari/604.1"
93.180.226.208 - - [27/Jun/2024:16:30:46 +0000] "GET /static/css/main.b87daa8b.css HTTP/1.1" 200 366783 "https://www.junghomun.com/" "Mozilla/5.0 (iPhone; CPU iPhone OS 16_0 like Mac OS X) AppleWebKit/605.1.15 (KHTML, like Gecko) CriOS/99.0.4844.47 Mobile/15E148 Safari/604.1"
168.151.104.231 - - [27/Jun/2024:16:30:46 +0000] "GET /static/js/main.8d2795c4.js HTTP/1.1" 200 38575867 "https://www.junghomun.com/" "Mozilla/5.0 (iPhone; CPU iPhone OS 16_0 like Mac OS X) AppleWebKit/605.1.15 (KHTML, like Gecko) CriOS/99.0.4844.47 Mobile/15E148 Safari/604.1"
168.151.104.231 - - [27/Jun/2024:16:30:50 +0000] "GET /static/media/logo2.67bbeba334a6dba22186.webp HTTP/1.1" 200 259014 "https://www.junghomun.com/" "Mozilla/5.0 (iPhone; CPU iPhone OS 16_0 like Mac OS X) AppleWebKit/605.1.15 (KHTML, like Gecko) CriOS/99.0.4844.47 Mobile/15E148 Safari/604.1"
93.180.226.208 - - [27/Jun/2024:16:30:50 +0000] "GET /static/media/logo3.b1396c753a537eb57950.webp HTTP/1.1" 200 49654 "https://www.junghomun.com/" "Mozilla/5.0 (iPhone; CPU iPhone OS 16_0 like Mac OS X) AppleWebKit/605.1.15 (KHTML, like Gecko) CriOS/99.0.4844.47 Mobile/15E148 Safari/604.1"
168.151.104.231 - - [27/Jun/2024:16:30:50 +0000] "GET /favicon.ico HTTP/1.1" 200 269374 "https://www.junghomun.com/user/login" "Mozilla/5.0 (iPhone; CPU iPhone OS 16_0 like Mac OS X) AppleWebKit/605.1.15 (KHTML, like Gecko) CriOS/99.0.4844.47 Mobile/15E148 Safari/604.1"
119.13.206.49 - - [27/Jun/2024:16:30:50 +0000] "GET /static/media/smile3.6afb782045251fc93c24.webp HTTP/1.1" 200 5092 "https://www.junghomun.com/" "Mozilla/5.0 (iPhone; CPU iPhone OS 16_0 like Mac OS X) AppleWebKit/605.1.15 (KHTML, like Gecko) CriOS/99.0.4844.47 Mobile/15E148 Safari/604.1"
93.180.226.208 - - [27/Jun/2024:16:30:50 +0000] "GET /static/media/money4.bab943b0cc9204eca042.webp HTTP/1.1" 200 25193 "https://www.junghomun.com/" "Mozilla/5.0 (iPhone; CPU iPhone OS 16_0 like Mac OS X) AppleWebKit/605.1.15 (KHTML, like Gecko) CriOS/99.0.4844.47 Mobile/15E148 Safari/604.1"
205.237.93.46 - - [27/Jun/2024:16:30:50 +0000] "GET /static/media/exercise1.0fbc1a440efd979a68eb.webp HTTP/1.1" 200 7554 "https://www.junghomun.com/" "Mozilla/5.0 (iPhone; CPU iPhone OS 16_0 like Mac OS X) AppleWebKit/605.1.15 (KHTML, like Gecko) CriOS/99.0.4844.47 Mobile/15E148 Safari/604.1"
168.151.100.156 - - [27/Jun/2024:16:30:50 +0000] "GET /favicon.ico HTTP/1.1" 200 269374 "https://www.junghomun.com/user/login" "Mozilla/5.0 (iPhone; CPU iPhone OS 16_0 like Mac OS X) AppleWebKit/605.1.15 (KHTML, like Gecko) CriOS/99.0.4844.47 Mobile/15E148 Safari/604.1"
119.13.206.49 - - [27/Jun/2024:16:30:50 +0000] "GET /static/media/food1.bc88ff497f3bb08cf0a7.webp HTTP/1.1" 200 21818 "https://www.junghomun.com/" "Mozilla/5.0 (iPhone; CPU iPhone OS 16_0 like Mac OS X) AppleWebKit/605.1.15 (KHTML, like Gecko) CriOS/99.0.4844.47 Mobile/15E148 Safari/604.1"
168.151.104.231 - - [27/Jun/2024:16:30:50 +0000] "GET /static/media/calendar1.89c348a3ad43be2a45b9.webp HTTP/1.1" 200 12120 "https://www.junghomun.com/" "Mozilla/5.0 (iPhone; CPU iPhone OS 16_0 like Mac OS X) AppleWebKit/605.1.15 (KHTML, like Gecko) CriOS/99.0.4844.47 Mobile/15E148 Safari/604.1"
205.237.93.46 - - [27/Jun/2024:16:30:50 +0000] "GET /static/media/sleep1.d40c2a1bc215a195d75e.webp HTTP/1.1" 200 13994 "https://www.junghomun.com/" "Mozilla/5.0 (iPhone; CPU iPhone OS 16_0 like Mac OS X) AppleWebKit/605.1.15 (KHTML, like Gecko) CriOS/99.0.4844.47 Mobile/15E148 Safari/604.1"
93.180.226.208 - - [27/Jun/2024:16:30:50 +0000] "GET /static/media/money1.916f5b63580b041e485a.webp HTTP/1.1" 200 13072 "https://www.junghomun.com/" "Mozilla/5.0 (iPhone; CPU iPhone OS 16_0 like Mac OS X) AppleWebKit/605.1.15 (KHTML, like Gecko) CriOS/99.0.4844.47 Mobile/15E148 Safari/604.1"
119.13.206.49 - - [27/Jun/2024:16:30:50 +0000] "GET /static/media/user1.fa046da15e89a4780c33.webp HTTP/1.1" 200 34369 "https://www.junghomun.com/user/login" "Mozilla/5.0 (iPhone; CPU iPhone OS 16_0 like Mac OS X) AppleWebKit/605.1.15 (KHTML, like Gecko) CriOS/99.0.4844.47 Mobile/15E148 Safari/604.1"
93.115.12.250 - - [27/Jun/2024:16:30:51 +0000] "GET /manifest.json HTTP/1.1" 200 177 "https://www.junghomun.com/user/login" "Mozilla/5.0 (iPhone; CPU iPhone OS 16_0 like Mac OS X) AppleWebKit/605.1.15 (KHTML, like Gecko) CriOS/99.0.4844.47 Mobile/15E148 Safari/604.1"
